Component: ARM Compiler 5.06 update 1 (build 61) Tool: armlink [4d35a8]

==============================================================================

Section Cross References

    stm32f10x_adc.o(.text) refers to stm32f10x_rcc.o(.text) for RCC_APB2PeriphResetCmd
    stm32f10x_can.o(.text) refers to stm32f10x_rcc.o(.text) for RCC_APB1PeriphResetCmd
    stm32f10x_gpio.o(.text) refers to stm32f10x_rcc.o(.text) for RCC_APB2PeriphResetCmd
    stm32f10x_it.o(.text) refers to stm32f10x_dma.o(.text) for DMA_GetFlagStatus
    stm32f10x_it.o(.text) refers to rt_cmsis.o(i.osSignalSet) for osSignalSet
    stm32f10x_it.o(.text) refers to tsk_adc1monitor.o(.data) for tidADC1Monitor
    stm32f10x_i2c.o(.text) refers to stm32f10x_rcc.o(.text) for RCC_APB1PeriphResetCmd
    stm32f10x_rcc.o(.text) refers to stm32f10x_rcc.o(.data) for .data
    stm32f10x_tim.o(.text) refers to stm32f10x_rcc.o(.text) for RCC_APB2PeriphResetCmd
    stm32f10x_spi.o(.text) refers to stm32f10x_rcc.o(.text) for RCC_APB2PeriphResetCmd
    stm32f10x_usart.o(.text) refers to stm32f10x_rcc.o(.text) for RCC_APB2PeriphResetCmd
    stm32f10x_dac.o(.text) refers to stm32f10x_rcc.o(.text) for RCC_APB1PeriphResetCmd
    nvic_manager.o(.text) refers to misc.o(.text) for NVIC_SetVectorTable
    rcc_manager.o(.text) refers to stm32f10x_rcc.o(.text) for RCC_DeInit
    rcc_manager.o(.text) refers to stm32f10x_flash.o(.text) for FLASH_PrefetchBufferCmd
    spi_manager.o(.text) refers to stm32f10x_rcc.o(.text) for RCC_APB1PeriphClockCmd
    spi_manager.o(.text) refers to stm32f10x_gpio.o(.text) for GPIO_Init
    spi_manager.o(.text) refers to stm32f10x_spi.o(.text) for SPI_Init
    adc_manager.o(.text) refers to stm32f10x_rcc.o(.text) for RCC_ADCCLKConfig
    adc_manager.o(.text) refers to stm32f10x_gpio.o(.text) for GPIO_Init
    adc_manager.o(.text) refers to misc.o(.text) for NVIC_Init
    adc_manager.o(.text) refers to stm32f10x_adc.o(.text) for ADC_DeInit
    adc_manager.o(.text) refers to stm32f10x_dma.o(.text) for DMA_DeInit
    adc_manager.o(.text) refers to adc_manager.o(.bss) for .bss
    tsk_adc1monitor.o(.text) refers to adc_manager.o(.text) for ADC1_Configuration
    tsk_adc1monitor.o(.text) refers to stm32f10x_dma.o(.text) for DMA_Cmd
    tsk_adc1monitor.o(.text) refers to ffltui.o(.text) for __aeabi_ui2f
    tsk_adc1monitor.o(.text) refers to stm32f10x_adc.o(.text) for ADC_SoftwareStartConvCmd
    tsk_adc1monitor.o(.text) refers to rt_cmsis.o(i.osSignalWait) for osSignalWait
    tsk_adc1monitor.o(.text) refers to adc_manager.o(.bss) for ADC_Channels
    tsk_adc1monitor.o(.text) refers to tsk_adc1monitor.o(.bss) for .bss
    dac_manager.o(.text) refers to stm32f10x_rcc.o(.text) for RCC_APB1PeriphClockCmd
    dac_manager.o(.text) refers to stm32f10x_gpio.o(.text) for GPIO_Init
    dac_manager.o(.text) refers to stm32f10x_dac.o(.text) for DAC_Init
    dac_manager.o(.text) refers to dfltui.o(.text) for __aeabi_ui2d
    dac_manager.o(.text) refers to printfa.o(i.__0printf) for __2printf
    usart_manager.o(.text) refers to stm32f10x_rcc.o(.text) for RCC_APB2PeriphClockCmd
    usart_manager.o(.text) refers to stm32f10x_gpio.o(.text) for GPIO_Init
    usart_manager.o(.text) refers to misc.o(.text) for NVIC_Init
    usart_manager.o(.text) refers to stm32f10x_usart.o(.text) for USART_Init
    serial.o(.text) refers to rt_cmsis.o(i.osThreadGetId) for osThreadGetId
    serial.o(.text) refers to rt_cmsis.o(i.osSignalClear) for osSignalClear
    serial.o(.text) refers to rt_cmsis.o(i.osSignalWait) for osSignalWait
    serial.o(.text) refers to rt_cmsis.o(i.osDelay) for osDelay
    serial.o(.text) refers to stm32f10x_usart.o(.text) for USART_GetITStatus
    serial.o(.text) refers to rt_cmsis.o(i.osSignalSet) for osSignalSet
    serial.o(.text) refers to serial.o(.data) for .data
    serial.o(.text) refers to serial.o(.bss) for .bss
    getline.o(.text) refers to serial.o(.text) for GetKey
    getline.o(.text) refers to putc.o(i.putc) for putc
    getline.o(.text) refers to getline.o(.data) for .data
    getline.o(.text) refers to stdout.o(.data) for __stdout
    tsk_serialinterface.o(.text) refers to _scanf_str.o(.text) for _scanf_string
    tsk_serialinterface.o(.text) refers to _scanf_int.o(.text) for _scanf_int
    tsk_serialinterface.o(.text) refers to rt_cmsis.o(i.osDelay) for osDelay
    tsk_serialinterface.o(.text) refers to serial.o(.text) for GetKey
    tsk_serialinterface.o(.text) refers to rt_cmsis.o(i.osThreadTerminate) for osThreadTerminate
    tsk_serialinterface.o(.text) refers to usart_manager.o(.text) for USART_Configuration
    tsk_serialinterface.o(.text) refers to printfa.o(i.__0printf) for __2printf
    tsk_serialinterface.o(.text) refers to getline.o(.text) for getline
    tsk_serialinterface.o(.text) refers to __0sscanf.o(.text) for __0sscanf
    tsk_serialinterface.o(.text) refers to toupper.o(.text) for toupper
[...]
    APBAHBPrescTable                         0x20000004   Data          16  stm32f10x_rcc.o(.data)
    .data                                    0x20000014   Section        4  tsk_adc1monitor.o(.data)
    .data                                    0x20000018   Section       12  serial.o(.data)
    sendstop                                 0x20000018   Data           1  serial.o(.data)
    ridx                                     0x20000019   Data           1  serial.o(.data)
    widx                                     0x2000001a   Data           1  serial.o(.data)
    .data                                    0x20000024   Section        1  getline.o(.data)
    .data                                    0x20000028   Section        8  tsk_serialinterface.o(.data)
    .data                                    0x20000030   Section        4  tsk_serialinterface.o(.data)
    .data                                    0x20000034   Section       12  tsk_statusled.o(.data)
    .data                                    0x20000040   Section        4  tsk_statusled.o(.data)
    .data                                    0x20000044   Section        4  sensortesting.o(.data)
    .data                                    0x20000048   Section        4  sensortesting.o(.data)
    .data                                    0x2000004c   Section        4  rtx_conf_cm.o(.data)
    .data                                    0x20000050   Section       16  rtx_conf_cm.o(.data)
    .data                                    0x20000060   Section        4  rtx_conf_cm.o(.data)
    .data                                    0x20000064   Section        4  rtx_conf_cm.o(.data)
    .data                                    0x20000068   Section       20  system_stm32f10x.o(.data)
    .data                                    0x2000007c   Section        8  rt_cmsis.o(.data)
    .data                                    0x20000084   Section        8  rt_task.o(.data)
    .data                                    0x2000008c   Section        8  rt_system.o(.data)
    os_lock                                  0x2000008c   Data           1  rt_system.o(.data)
    os_psh_flag                              0x2000008d   Data           1  rt_system.o(.data)
    pend_flags                               0x2000008e   Data           1  rt_system.o(.data)
    .data                                    0x20000094   Section        4  rt_time.o(.data)
    .data                                    0x20000098   Section        1  hal_cm.o(.data)
    .data                                    0x2000009c   Section        8  rt_robin.o(.data)
    .data                                    0x200000a4   Section        4  stdout.o(.data)
    .bss                                     0x200000a8   Section       10  adc_manager.o(.bss)
    .bss                                     0x200000b4   Section       20  tsk_adc1monitor.o(.bss)
    .bss                                     0x200000c8   Section      256  serial.o(.bss)
    recbuf                                   0x200000c8   Data         256  serial.o(.bss)
    .bss                                     0x200001c8   Section       90  tsk_serialinterface.o(.bss)
    .bss                                     0x20000224   Section       16  tsk_statusled.o(.bss)
    .bss                                     0x20000234   Section       24  tsk_statusled.o(.bss)
    .bss                                     0x2000024c   Section       32  rtx_conf_cm.o(.bss)
    .bss                                     0x2000026c   Section      324  rtx_conf_cm.o(.bss)
    .bss                                     0x200003b0   Section     5136  rtx_conf_cm.o(.bss)
    .bss                                     0x200017c0   Section     1432  rtx_conf_cm.o(.bss)
    .bss                                     0x20001d58   Section      132  rtx_conf_cm.o(.bss)
    .bss                                     0x20001ddc   Section       24  rtx_conf_cm.o(.bss)
    .bss                                     0x20001df4   Section       52  rt_task.o(.bss)
    .bss                                     0x20001e28   Section       48  rt_list.o(.bss)
    STACK                                    0x20001e58   Section     1024  startup_stm32f10x_md.o(STACK)

    Global Symbols

    Symbol Name                              Value     Ov Type        Size  Object(Section)

    BuildAttributes$$THM_ISAv4$P$D$K$B$S$PE$A:L22UL41UL21$X:L11$S22US41US21$IEEE1$IW$USESV6$~STKCKD$USESV7$~SHL$OTIME$ROPI$EBA8$MICROLIB$REQ8$PRES8$EABIv2 0x00000000   Number         0  anon$$obj.o ABSOLUTE
    __ARM_use_no_argv                        0x00000000   Number         0  main.o ABSOLUTE
    _printf_a                                0x00000000   Number         0  stubs.o ABSOLUTE
    _printf_c                                0x00000000   Number         0  stubs.o ABSOLUTE
    _printf_charcount                        0x00000000   Number         0  stubs.o ABSOLUTE
    _printf_d                                0x00000000   Number         0  stubs.o ABSOLUTE
    _printf_e                                0x00000000   Number         0  stubs.o ABSOLUTE
    _printf_f                                0x00000000   Number         0  stubs.o ABSOLUTE
    _printf_flags                            0x00000000   Number         0  stubs.o ABSOLUTE
    _printf_fp_dec                           0x00000000   Number         0  stubs.o ABSOLUTE
    _printf_fp_hex                           0x00000000   Number         0  stubs.o ABSOLUTE
    _printf_g                                0x00000000   Number         0  stubs.o ABSOLUTE
    _printf_i                                0x00000000   Number         0  stubs.o ABSOLUTE
    _printf_int_dec                          0x00000000   Number         0  stubs.o ABSOLUTE
    _printf_l                                0x00000000   Number         0  stubs.o ABSOLUTE
    _printf_lc                               0x00000000   Number         0  stubs.o ABSOLUTE
    _printf_ll                               0x00000000   Number         0  stubs.o ABSOLUTE
    _printf_lld                              0x00000000   Number         0  stubs.o ABSOLUTE
    _printf_lli                              0x00000000   Number         0  stubs.o ABSOLUTE
    _printf_llo                              0x00000000   Number         0  stubs.o ABSOLUTE
    _printf_llu                              0x00000000   Number         0  stubs.o ABSOLUTE
    _printf_llx                              0x00000000   Number         0  stubs.o ABSOLUTE
    _printf_longlong_dec                     0x00000000   Number         0  stubs.o ABSOLUTE
    _printf_longlong_hex                     0x00000000   Number         0  stubs.o ABSOLUTE
    _printf_longlong_oct                     0x00000000   Number         0  stubs.o ABSOLUTE
    _printf_ls                               0x00000000   Number         0  stubs.o ABSOLUTE
    _printf_mbtowc                           0x00000000   Number         0  stubs.o ABSOLUTE
    _printf_n                                0x00000000   Number         0  stubs.o ABSOLUTE
    _printf_o                                0x00000000   Number         0  stubs.o ABSOLUTE
    _printf_p                                0x00000000   Number         0  stubs.o ABSOLUTE
    _printf_percent                          0x00000000   Number         0  stubs.o ABSOLUTE
    _printf_pre_padding                      0x00000000   Number         0  stubs.o ABSOLUTE
    _printf_return_value                     0x00000000   Number         0  stubs.o ABSOLUTE
    _printf_s                                0x00000000   Number         0  stubs.o ABSOLUTE
    _printf_sizespec                         0x00000000   Number         0  stubs.o ABSOLUTE
    _printf_str                              0x00000000   Number         0  stubs.o ABSOLUTE
    _printf_truncate_signed                  0x00000000   Number         0  stubs.o ABSOLUTE
    _printf_truncate_unsigned                0x00000000   Number         0  stubs.o ABSOLUTE
    _printf_u                                0x00000000   Number         0  stubs.o ABSOLUTE
    _printf_wc                               0x00000000   Number         0  stubs.o ABSOLUTE
    _printf_wctomb                           0x00000000   Number         0  stubs.o ABSOLUTE
    _printf_widthprec                        0x00000000   Number         0  stubs.o ABSOLUTE
    _printf_x                                0x00000000   Number         0  stubs.o ABSOLUTE
    __cpp_initialize__aeabi_                  - Undefined Weak Reference
    __cxa_finalize                            - Undefined Weak Reference
    __decompress                              - Undefined Weak Reference
    _clock_init                               - Undefined Weak Reference
    _microlib_exit                            - Undefined Weak Reference
    _scanf_longlong                           - Undefined Weak Reference
    _scanf_real                               - Undefined Weak Reference
    __Vectors_Size                           0x000000ec   Number         0  startup_stm32f10x_md.o ABSOLUTE
    __RL_RTX_VER                             0x00000480   Number         0  rt_system.o ABSOLUTE
    __Vectors                                0x08000000   Data           4  startup_stm32f10x_md.o(RESET)
    __Vectors_End                            0x080000ec   Data           0  startup_stm32f10x_md.o(RESET)
    __main                                   0x080000ed   Thumb Code     0  entry.o(.ARM.Collect$$$$00000000)
    _main_stk                                0x080000ed   Thumb Code     0  entry2.o(.ARM.Collect$$$$00000001)
    _main_scatterload                        0x080000f1   Thumb Code     0  entry5.o(.ARM.Collect$$$$00000004)
    __main_after_scatterload                 0x080000f5   Thumb Code     0  entry5.o(.ARM.Collect$$$$00000004)
    __rt_final_cpp                           0x080000f5   Thumb Code     0  entry10a.o(.ARM.Collect$$$$0000000D)
    __rt_final_exit                          0x080000f5   Thumb Code     0  entry11a.o(.ARM.Collect$$$$0000000F)
    _main_clock                              0x080000f5   Thumb Code     0  entry7b.o(.ARM.Collect$$$$00000008)
    _main_cpp_init                           0x080000f5   Thumb Code     0  entry8b.o(.ARM.Collect$$$$0000000A)
    _main_init                               0x080000f5   Thumb Code    18  rtx_conf_cm.o(.ARM.Collect$$$$000000FF)
    rt_set_PSP                               0x08000111   Thumb Code     6  hal_cm3.o(.emb_text)
    rt_get_PSP                               0x08000117   Thumb Code     6  hal_cm3.o(.emb_text)
    os_set_env                               0x0800011d   Thumb Code    24  hal_cm3.o(.emb_text)
    _alloc_box                               0x08000139   Thumb Code    28  hal_cm3.o(.emb_text)
    _free_box                                0x08000159   Thumb Code    28  hal_cm3.o(.emb_text)
    SVC_Handler                              0x08000179   Thumb Code   108  hal_cm3.o(.emb_text)
    PendSV_Handler                           0x080001f1   Thumb Code    56  hal_cm3.o(.emb_text)
    SysTick_Handler                          0x0800022d   Thumb Code     8  hal_cm3.o(.emb_text)
    OS_Tick_Handler                          0x08000235   Thumb Code    12  hal_cm3.o(.emb_text)
    NVIC_PriorityGroupConfig                 0x08000241   Thumb Code    10  misc.o(.text)
    NVIC_Init                                0x0800024b   Thumb Code    96  misc.o(.text)
    NVIC_SetVectorTable                      0x080002ab   Thumb Code    14  misc.o(.text)
    NVIC_SystemLPConfig                      0x080002b9   Thumb Code    24  misc.o(.text)
    SysTick_CLKSourceConfig                  0x080002d1   Thumb Code    28  misc.o(.text)
    ADC_DeInit                               0x080002f9   Thumb Code    88  stm32f10x_adc.o(.text)
    ADC_Init                                 0x08000351   Thumb Code    62  stm32f10x_adc.o(.text)
    ADC_StructInit                           0x0800038f   Thumb Code    18  stm32f10x_adc.o(.text)
    ADC_Cmd                                  0x080003a1   Thumb Code    24  stm32f10x_adc.o(.text)
    ADC_DMACmd                               0x080003b9   Thumb Code    24  stm32f10x_adc.o(.text)
    ADC_ITConfig                             0x080003d1   Thumb Code    22  stm32f10x_adc.o(.text)
    ADC_ResetCalibration                     0x080003e7   Thumb Code    10  stm32f10x_adc.o(.text)
    ADC_GetResetCalibrationStatus            0x080003f1   Thumb Code    14  stm32f10x_adc.o(.text)
    ADC_StartCalibration                     0x080003ff   Thumb Code    10  stm32f10x_adc.o(.text)
    ADC_GetCalibrationStatus                 0x08000409   Thumb Code    14  stm32f10x_adc.o(.text)
    ADC_SoftwareStartConvCmd                 0x08000417   Thumb Code    24  stm32f10x_adc.o(.text)
    ADC_GetSoftwareStartConvStatus           0x0800042f   Thumb Code    14  stm32f10x_adc.o(.text)
    ADC_DiscModeChannelCountConfig           0x0800043d   Thumb Code    16  stm32f10x_adc.o(.text)
    ADC_DiscModeCmd                          0x0800044d   Thumb Code    24  stm32f10x_adc.o(.text)
    ADC_RegularChannelConfig                 0x08000465   Thumb Code   116  stm32f10x_adc.o(.text)
    ADC_ExternalTrigConvCmd                  0x080004d9   Thumb Code    24  stm32f10x_adc.o(.text)
    ADC_GetConversionValue                   0x080004f1   Thumb Code     6  stm32f10x_adc.o(.text)
    ADC_GetDualModeConversionValue           0x080004f7   Thumb Code     8  stm32f10x_adc.o(.text)
    ADC_AutoInjectedConvCmd                  0x080004ff   Thumb Code    24  stm32f10x_adc.o(.text)
    ADC_InjectedDiscModeCmd                  0x08000517   Thumb Code    24  stm32f10x_adc.o(.text)
    ADC_ExternalTrigInjectedConvConfig       0x0800052f   Thumb Code    12  stm32f10x_adc.o(.text)
    ADC_ExternalTrigInjectedConvCmd          0x0800053b   Thumb Code    24  stm32f10x_adc.o(.text)
    ADC_SoftwareStartInjectedConvCmd         0x08000553   Thumb Code    24  stm32f10x_adc.o(.text)
    ADC_GetSoftwareStartInjectedConvCmdStatus 0x0800056b   Thumb Code    14  stm32f10x_adc.o(.text)
    ADC_InjectedChannelConfig                0x08000579   Thumb Code    74  stm32f10x_adc.o(.text)
    ADC_InjectedSequencerLengthConfig        0x080005c3   Thumb Code    16  stm32f10x_adc.o(.text)
    ADC_SetInjectedOffset                    0x080005d3   Thumb Code    16  stm32f10x_adc.o(.text)
    ADC_GetInjectedConversionValue           0x080005e3   Thumb Code    20  stm32f10x_adc.o(.text)
    ADC_AnalogWatchdogCmd                    0x080005f7   Thumb Code    12  stm32f10x_adc.o(.text)
    ADC_AnalogWatchdogThresholdsConfig       0x08000603   Thumb Code     6  stm32f10x_adc.o(.text)
    ADC_AnalogWatchdogSingleChannelConfig    0x08000609   Thumb Code    12  stm32f10x_adc.o(.text)
    ADC_TempSensorVrefintCmd                 0x08000615   Thumb Code    28  stm32f10x_adc.o(.text)
    ADC_GetFlagStatus                        0x08000631   Thumb Code    14  stm32f10x_adc.o(.text)
    ADC_ClearFlag                            0x0800063f   Thumb Code     6  stm32f10x_adc.o(.text)
    ADC_GetITStatus                          0x08000645   Thumb Code    28  stm32f10x_adc.o(.text)
    ADC_ClearITPendingBit                    0x08000661   Thumb Code     8  stm32f10x_adc.o(.text)
    DMA_DeInit                               0x08000681   Thumb Code   238  stm32f10x_dma.o(.text)
    DMA_Init                                 0x0800076f   Thumb Code    58  stm32f10x_dma.o(.text)
    DMA_StructInit                           0x080007a9   Thumb Code    26  stm32f10x_dma.o(.text)
    DMA_Cmd                                  0x080007c3   Thumb Code    26  stm32f10x_dma.o(.text)
    DMA_ITConfig                             0x080007dd   Thumb Code    20  stm32f10x_dma.o(.text)
    DMA_SetCurrDataCounter                   0x080007f1   Thumb Code     4  stm32f10x_dma.o(.text)
    DMA_GetCurrDataCounter                   0x080007f5   Thumb Code     6  stm32f10x_dma.o(.text)
    DMA_GetFlagStatus                        0x080007fb   Thumb Code    30  stm32f10x_dma.o(.text)
    DMA_ClearFlag                            0x08000819   Thumb Code    20  stm32f10x_dma.o(.text)
    DMA_GetITStatus                          0x0800082d   Thumb Code    30  stm32f10x_dma.o(.text)
    DMA_ClearITPendingBit                    0x0800084b   Thumb Code    20  stm32f10x_dma.o(.text)
    FLASH_SetLatency                         0x08000869   Thumb Code    14  stm32f10x_flash.o(.text)
    FLASH_HalfCycleAccessCmd                 0x08000877   Thumb Code    18  stm32f10x_flash.o(.text)
    FLASH_PrefetchBufferCmd                  0x08000889   Thumb Code    18  stm32f10x_flash.o(.text)
    FLASH_Unlock                             0x0800089b   Thumb Code    12  stm32f10x_flash.o(.text)
    FLASH_UnlockBank1                        0x080008a7   Thumb Code    12  stm32f10x_flash.o(.text)
    FLASH_Lock                               0x080008b3   Thumb Code    12  stm32f10x_flash.o(.text)
    FLASH_LockBank1                          0x080008bf   Thumb Code    12  stm32f10x_flash.o(.text)
    FLASH_GetBank1Status                     0x080008cb   Thumb Code    34  stm32f10x_flash.o(.text)
    FLASH_WaitForLastOperation               0x080008ed   Thumb Code    32  stm32f10x_flash.o(.text)
    FLASH_ErasePage                          0x0800090d   Thumb Code    56  stm32f10x_flash.o(.text)
    FLASH_EraseAllPages                      0x08000945   Thumb Code    52  stm32f10x_flash.o(.text)
    FLASH_WaitForLastBank1Operation          0x08000979   Thumb Code    32  stm32f10x_flash.o(.text)
    FLASH_EraseAllBank1Pages                 0x08000999   Thumb Code    52  stm32f10x_flash.o(.text)
    FLASH_GetReadOutProtectionStatus         0x080009cd   Thumb Code    14  stm32f10x_flash.o(.text)
    FLASH_EraseOptionBytes                   0x080009db   Thumb Code   120  stm32f10x_flash.o(.text)
    FLASH_ProgramWord                        0x08000a53   Thumb Code    86  stm32f10x_flash.o(.text)
    FLASH_ProgramHalfWord                    0x08000aa9   Thumb Code    48  stm32f10x_flash.o(.text)
    FLASH_ProgramOptionByteData              0x08000ad9   Thumb Code    62  stm32f10x_flash.o(.text)
    FLASH_EnableWriteProtection              0x08000b17   Thumb Code   158  stm32f10x_flash.o(.text)
    FLASH_ReadOutProtection                  0x08000bb5   Thumb Code   120  stm32f10x_flash.o(.text)
    FLASH_UserOptionByteConfig               0x08000c2d   Thumb Code    98  stm32f10x_flash.o(.text)
    FLASH_GetUserOptionByte                  0x08000c8f   Thumb Code     8  stm32f10x_flash.o(.text)
    FLASH_GetWriteProtectionOptionByte       0x08000c97   Thumb Code     6  stm32f10x_flash.o(.text)
    FLASH_GetPrefetchBufferStatus            0x08000c9d   Thumb Code    14  stm32f10x_flash.o(.text)
    FLASH_ITConfig                           0x08000cab   Thumb Code    22  stm32f10x_flash.o(.text)
    FLASH_GetFlagStatus                      0x08000cc1   Thumb Code    30  stm32f10x_flash.o(.text)
    FLASH_ClearFlag                          0x08000cdf   Thumb Code     6  stm32f10x_flash.o(.text)
    FLASH_GetStatus                          0x08000ce5   Thumb Code    34  stm32f10x_flash.o(.text)
    GPIO_DeInit                              0x08000d0d   Thumb Code   188  stm32f10x_gpio.o(.text)
    GPIO_AFIODeInit                          0x08000dc9   Thumb Code    22  stm32f10x_gpio.o(.text)
    GPIO_Init                                0x08000ddf   Thumb Code   166  stm32f10x_gpio.o(.text)
    GPIO_StructInit                          0x08000e85   Thumb Code    16  stm32f10x_gpio.o(.text)
    GPIO_ReadInputDataBit                    0x08000e95   Thumb Code    14  stm32f10x_gpio.o(.text)
    GPIO_ReadInputData                       0x08000ea3   Thumb Code     6  stm32f10x_gpio.o(.text)
    GPIO_ReadOutputDataBit                   0x08000ea9   Thumb Code    14  stm32f10x_gpio.o(.text)
    GPIO_ReadOutputData                      0x08000eb7   Thumb Code     6  stm32f10x_gpio.o(.text)
    GPIO_SetBits                             0x08000ebd   Thumb Code     4  stm32f10x_gpio.o(.text)
    GPIO_ResetBits                           0x08000ec1   Thumb Code     4  stm32f10x_gpio.o(.text)
    GPIO_WriteBit                            0x08000ec5   Thumb Code    12  stm32f10x_gpio.o(.text)
    GPIO_Write                               0x08000ed1   Thumb Code     4  stm32f10x_gpio.o(.text)
    GPIO_PinLockConfig                       0x08000ed5   Thumb Code    16  stm32f10x_gpio.o(.text)
    GPIO_EventOutputConfig                   0x08000ee5   Thumb Code    22  stm32f10x_gpio.o(.text)
    GPIO_EventOutputCmd                      0x08000efb   Thumb Code     6  stm32f10x_gpio.o(.text)
    GPIO_PinRemapConfig                      0x08000f01   Thumb Code    86  stm32f10x_gpio.o(.text)
    GPIO_EXTILineConfig                      0x08000f57   Thumb Code    34  stm32f10x_gpio.o(.text)
    GPIO_ETH_MediaInterfaceConfig            0x08000f79   Thumb Code     8  stm32f10x_gpio.o(.text)
    NMI_Handler                              0x08000fa5   Thumb Code     2  stm32f10x_it.o(.text)
    HardFault_Handler                        0x08000fa7   Thumb Code     2  stm32f10x_it.o(.text)
    MemManage_Handler                        0x08000fa9   Thumb Code     2  stm32f10x_it.o(.text)
    BusFault_Handler                         0x08000fab   Thumb Code     2  stm32f10x_it.o(.text)
    UsageFault_Handler                       0x08000fad   Thumb Code     2  stm32f10x_it.o(.text)
    DebugMon_Handler                         0x08000faf   Thumb Code     2  stm32f10x_it.o(.text)
    WWDG_IRQHandler                          0x08000fb1   Thumb Code     2  stm32f10x_it.o(.text)
    PVD_IRQHandler                           0x08000fb3   Thumb Code     2  stm32f10x_it.o(.text)
    TAMPER_IRQHandler                        0x08000fb5   Thumb Code     2  stm32f10x_it.o(.text)
    RTC_IRQHandler                           0x08000fb7   Thumb Code     2  stm32f10x_it.o(.text)
    FLASH_IRQHandler                         0x08000fb9   Thumb Code     2  stm32f10x_it.o(.text)
    RCC_IRQHandler                           0x08000fbb   Thumb Code     2  stm32f10x_it.o(.text)
    EXTI0_IRQHandler                         0x08000fbd   Thumb Code     2  stm32f10x_it.o(.text)
    EXTI1_IRQHandler                         0x08000fbf   Thumb Code     2  stm32f10x_it.o(.text)
    EXTI2_IRQHandler                         0x08000fc1   Thumb Code     2  stm32f10x_it.o(.text)
    EXTI3_IRQHandler                         0x08000fc3   Thumb Code     2  stm32f10x_it.o(.text)
    EXTI4_IRQHandler                         0x08000fc5   Thumb Code     2  stm32f10x_it.o(.text)
    DMA1_Channel1_IRQHandler                 0x08000fc7   Thumb Code    34  stm32f10x_it.o(.text)
    DMA1_Channel2_IRQHandler                 0x08000fe9   Thumb Code     2  stm32f10x_it.o(.text)
    DMA1_Channel3_IRQHandler                 0x08000feb   Thumb Code     2  stm32f10x_it.o(.text)
    DMA1_Channel4_IRQHandler                 0x08000fed   Thumb Code     2  stm32f10x_it.o(.text)
    DMA1_Channel5_IRQHandler                 0x08000fef   Thumb Code     2  stm32f10x_it.o(.text)
    DMA1_Channel6_IRQHandler                 0x08000ff1   Thumb Code     2  stm32f10x_it.o(.text)
    DMA1_Channel7_IRQHandler                 0x08000ff3   Thumb Code     2  stm32f10x_it.o(.text)
    ADC1_2_IRQHandler                        0x08000ff5   Thumb Code     2  stm32f10x_it.o(.text)
    USB_HP_CAN_TX_IRQHandler                 0x08000ff7   Thumb Code     2  stm32f10x_it.o(.text)
    USB_LP_CAN1_RX0_IRQHandler               0x08000ff9   Thumb Code     2  stm32f10x_it.o(.text)
    CAN_RX1_IRQHandler                       0x08000ffb   Thumb Code     2  stm32f10x_it.o(.text)
    CAN_SCE_IRQHandler                       0x08000ffd   Thumb Code     2  stm32f10x_it.o(.text)
    EXTI9_5_IRQHandler                       0x08000fff   Thumb Code     2  stm32f10x_it.o(.text)
    TIM1_BRK_IRQHandler                      0x08001001   Thumb Code     2  stm32f10x_it.o(.text)
    TIM1_UP_IRQHandler                       0x08001003   Thumb Code     2  stm32f10x_it.o(.text)
    TIM1_TRG_COM_IRQHandler                  0x08001005   Thumb Code     2  stm32f10x_it.o(.text)
    TIM1_CC_IRQHandler                       0x08001007   Thumb Code     2  stm32f10x_it.o(.text)
    TIM2_IRQHandler                          0x08001009   Thumb Code     2  stm32f10x_it.o(.text)
    TIM3_IRQHandler                          0x0800100b   Thumb Code     2  stm32f10x_it.o(.text)
    TIM4_IRQHandler                          0x0800100d   Thumb Code     2  stm32f10x_it.o(.text)
    I2C1_EV_IRQHandler                       0x0800100f   Thumb Code     2  stm32f10x_it.o(.text)
    I2C1_ER_IRQHandler                       0x08001011   Thumb Code     2  stm32f10x_it.o(.text)
    I2C2_EV_IRQHandler                       0x08001013   Thumb Code     2  stm32f10x_it.o(.text)
    I2C2_ER_IRQHandler                       0x08001015   Thumb Code     2  stm32f10x_it.o(.text)
    SPI1_IRQHandler                          0x08001017   Thumb Code     2  stm32f10x_it.o(.text)
    SPI2_IRQHandler                          0x08001019   Thumb Code     2  stm32f10x_it.o(.text)
    EXTI15_10_IRQHandler                     0x0800101b   Thumb Code     2  stm32f10x_it.o(.text)
    RTCAlarm_IRQHandler                      0x0800101d   Thumb Code     2  stm32f10x_it.o(.text)
    USBWakeUp_IRQHandler                     0x0800101f   Thumb Code     2  stm32f10x_it.o(.text)
    TIM8_BRK_IRQHandler                      0x08001021   Thumb Code     2  stm32f10x_it.o(.text)
    TIM8_UP_IRQHandler                       0x08001023   Thumb Code     2  stm32f10x_it.o(.text)
    TIM8_TRG_COM_IRQHandler                  0x08001025   Thumb Code     2  stm32f10x_it.o(.text)
    TIM8_CC_IRQHandler                       0x08001027   Thumb Code     2  stm32f10x_it.o(.text)
    ADC3_IRQHandler                          0x08001029   Thumb Code     2  stm32f10x_it.o(.text)
    FSMC_IRQHandler                          0x0800102b   Thumb Code     2  stm32f10x_it.o(.text)
    SDIO_IRQHandler                          0x0800102d   Thumb Code     2  stm32f10x_it.o(.text)
    TIM5_IRQHandler                          0x0800102f   Thumb Code     2  stm32f10x_it.o(.text)
    SPI3_IRQHandler                          0x08001031   Thumb Code     2  stm32f10x_it.o(.text)
    UART4_IRQHandler                         0x08001033   Thumb Code     2  stm32f10x_it.o(.text)
    UART5_IRQHandler                         0x08001035   Thumb Code     2  stm32f10x_it.o(.text)
    TIM6_IRQHandler                          0x08001037   Thumb Code     2  stm32f10x_it.o(.text)
    TIM7_IRQHandler                          0x08001039   Thumb Code     2  stm32f10x_it.o(.text)
    DMA2_Channel1_IRQHandler                 0x0800103b   Thumb Code     2  stm32f10x_it.o(.text)
    DMA2_Channel2_IRQHandler                 0x0800103d   Thumb Code     2  stm32f10x_it.o(.text)
    DMA2_Channel3_IRQHandler                 0x0800103f   Thumb Code     2  stm32f10x_it.o(.text)
    DMA2_Channel4_5_IRQHandler               0x08001041   Thumb Code     2  stm32f10x_it.o(.text)
    RCC_DeInit                               0x08001049   Thumb Code    50  stm32f10x_rcc.o(.text)
    RCC_HSEConfig                            0x0800107b   Thumb Code    50  stm32f10x_rcc.o(.text)
    RCC_GetFlagStatus                        0x080010ad   Thumb Code    42  stm32f10x_rcc.o(.text)
    RCC_WaitForHSEStartUp                    0x080010d7   Thumb Code    48  stm32f10x_rcc.o(.text)
    RCC_AdjustHSICalibrationValue            0x08001107   Thumb Code    16  stm32f10x_rcc.o(.text)
    RCC_HSICmd                               0x08001117   Thumb Code     6  stm32f10x_rcc.o(.text)
    RCC_PLLConfig                            0x0800111d   Thumb Code    16  stm32f10x_rcc.o(.text)
    RCC_PLLCmd                               0x0800112d   Thumb Code     6  stm32f10x_rcc.o(.text)
    RCC_SYSCLKConfig                         0x08001133   Thumb Code    14  stm32f10x_rcc.o(.text)
    RCC_GetSYSCLKSource                      0x08001141   Thumb Code    10  stm32f10x_rcc.o(.text)
    RCC_HCLKConfig                           0x0800114b   Thumb Code    14  stm32f10x_rcc.o(.text)
    RCC_PCLK1Config                          0x08001159   Thumb Code    14  stm32f10x_rcc.o(.text)
    RCC_PCLK2Config                          0x08001167   Thumb Code    16  stm32f10x_rcc.o(.text)
    RCC_ITConfig                             0x08001177   Thumb Code    22  stm32f10x_rcc.o(.text)
    RCC_USBCLKConfig                         0x0800118d   Thumb Code     8  stm32f10x_rcc.o(.text)
    RCC_ADCCLKConfig                         0x08001195   Thumb Code    14  stm32f10x_rcc.o(.text)
    RCC_LSEConfig                            0x080011a3   Thumb Code    36  stm32f10x_rcc.o(.text)
    RCC_LSICmd                               0x080011c7   Thumb Code     6  stm32f10x_rcc.o(.text)
    RCC_RTCCLKConfig                         0x080011cd   Thumb Code    10  stm32f10x_rcc.o(.text)
    RCC_RTCCLKCmd                            0x080011d7   Thumb Code     8  stm32f10x_rcc.o(.text)
    RCC_GetClocksFreq                        0x080011df   Thumb Code   154  stm32f10x_rcc.o(.text)
    RCC_AHBPeriphClockCmd                    0x08001279   Thumb Code    22  stm32f10x_rcc.o(.text)
    RCC_APB2PeriphClockCmd                   0x0800128f   Thumb Code    22  stm32f10x_rcc.o(.text)
    RCC_APB1PeriphClockCmd                   0x080012a5   Thumb Code    22  stm32f10x_rcc.o(.text)
    RCC_APB2PeriphResetCmd                   0x080012bb   Thumb Code    22  stm32f10x_rcc.o(.text)
    RCC_APB1PeriphResetCmd                   0x080012d1   Thumb Code    22  stm32f10x_rcc.o(.text)
    RCC_BackupResetCmd                       0x080012e7   Thumb Code     8  stm32f10x_rcc.o(.text)
    RCC_ClockSecuritySystemCmd               0x080012ef   Thumb Code     6  stm32f10x_rcc.o(.text)
    RCC_MCOConfig                            0x080012f5   Thumb Code     6  stm32f10x_rcc.o(.text)
    RCC_ClearFlag                            0x080012fb   Thumb Code    12  stm32f10x_rcc.o(.text)
    RCC_GetITStatus                          0x08001307   Thumb Code    16  stm32f10x_rcc.o(.text)
    RCC_ClearITPendingBit                    0x08001317   Thumb Code     6  stm32f10x_rcc.o(.text)
    SPI_I2S_DeInit                           0x0800133d   Thumb Code    88  stm32f10x_spi.o(.text)
    SPI_Init                                 0x08001395   Thumb Code    56  stm32f10x_spi.o(.text)
    I2S_Init                                 0x080013cd   Thumb Code   168  stm32f10x_spi.o(.text)
    SPI_StructInit                           0x08001475   Thumb Code    24  stm32f10x_spi.o(.text)
    I2S_StructInit                           0x0800148d   Thumb Code    18  stm32f10x_spi.o(.text)
    SPI_Cmd                                  0x0800149f   Thumb Code    24  stm32f10x_spi.o(.text)
    I2S_Cmd                                  0x080014b7   Thumb Code    24  stm32f10x_spi.o(.text)
    SPI_I2S_ITConfig                         0x080014cf   Thumb Code    28  stm32f10x_spi.o(.text)
    SPI_I2S_DMACmd                           0x080014eb   Thumb Code    20  stm32f10x_spi.o(.text)
    SPI_I2S_SendData                         0x080014ff   Thumb Code     4  stm32f10x_spi.o(.text)
    SPI_I2S_ReceiveData                      0x08001503   Thumb Code     4  stm32f10x_spi.o(.text)
    SPI_NSSInternalSoftwareConfig            0x08001507   Thumb Code    28  stm32f10x_spi.o(.text)
    SPI_SSOutputCmd                          0x08001523   Thumb Code    24  stm32f10x_spi.o(.text)
    SPI_DataSizeConfig                       0x0800153b   Thumb Code    16  stm32f10x_spi.o(.text)
    SPI_TransmitCRC                          0x0800154b   Thumb Code    10  stm32f10x_spi.o(.text)
    SPI_CalculateCRC                         0x08001555   Thumb Code    24  stm32f10x_spi.o(.text)
    SPI_GetCRC                               0x0800156d   Thumb Code    12  stm32f10x_spi.o(.text)
    SPI_GetCRCPolynomial                     0x08001579   Thumb Code     4  stm32f10x_spi.o(.text)
    SPI_BiDirectionalLineConfig              0x0800157d   Thumb Code    26  stm32f10x_spi.o(.text)
    SPI_I2S_GetFlagStatus                    0x08001597   Thumb Code    14  stm32f10x_spi.o(.text)
    SPI_I2S_ClearFlag                        0x080015a5   Thumb Code     6  stm32f10x_spi.o(.text)
    SPI_I2S_GetITStatus                      0x080015ab   Thumb Code    44  stm32f10x_spi.o(.text)
    SPI_I2S_ClearITPendingBit                0x080015d7   Thumb Code    14  stm32f10x_spi.o(.text)
    USART_DeInit                             0x080015f1   Thumb Code   144  stm32f10x_usart.o(.text)
    USART_Init                               0x08001681   Thumb Code   182  stm32f10x_usart.o(.text)
    USART_StructInit                         0x08001737   Thumb Code    22  stm32f10x_usart.o(.text)
    USART_ClockInit                          0x0800174d   Thumb Code    30  stm32f10x_usart.o(.text)
    USART_ClockStructInit                    0x0800176b   Thumb Code    12  stm32f10x_usart.o(.text)
    USART_Cmd                                0x08001777   Thumb Code    24  stm32f10x_usart.o(.text)
    USART_ITConfig                           0x0800178f   Thumb Code    54  stm32f10x_usart.o(.text)
    USART_DMACmd                             0x080017c5   Thumb Code    20  stm32f10x_usart.o(.text)
    USART_SetAddress                         0x080017d9   Thumb Code    16  stm32f10x_usart.o(.text)
    USART_WakeUpConfig                       0x080017e9   Thumb Code    16  stm32f10x_usart.o(.text)
    USART_ReceiverWakeUpCmd                  0x080017f9   Thumb Code    24  stm32f10x_usart.o(.text)
    USART_LINBreakDetectLengthConfig         0x08001811   Thumb Code    16  stm32f10x_usart.o(.text)
    USART_LINCmd                             0x08001821   Thumb Code    24  stm32f10x_usart.o(.text)
    USART_SendData                           0x08001839   Thumb Code     8  stm32f10x_usart.o(.text)
    USART_ReceiveData                        0x08001841   Thumb Code     8  stm32f10x_usart.o(.text)
    USART_SendBreak                          0x08001849   Thumb Code    10  stm32f10x_usart.o(.text)
    USART_SetGuardTime                       0x08001853   Thumb Code    16  stm32f10x_usart.o(.text)
    USART_SetPrescaler                       0x08001863   Thumb Code    16  stm32f10x_usart.o(.text)
    USART_SmartCardCmd                       0x08001873   Thumb Code    24  stm32f10x_usart.o(.text)
    USART_SmartCardNACKCmd                   0x0800188b   Thumb Code    24  stm32f10x_usart.o(.text)
    USART_HalfDuplexCmd                      0x080018a3   Thumb Code    24  stm32f10x_usart.o(.text)
    USART_OverSampling8Cmd                   0x080018bb   Thumb Code    24  stm32f10x_usart.o(.text)
    USART_OneBitMethodCmd                    0x080018d3   Thumb Code    24  stm32f10x_usart.o(.text)
    USART_IrDAConfig                         0x080018eb   Thumb Code    16  stm32f10x_usart.o(.text)
    USART_IrDACmd                            0x080018fb   Thumb Code    24  stm32f10x_usart.o(.text)
    USART_GetFlagStatus                      0x08001913   Thumb Code    14  stm32f10x_usart.o(.text)
    USART_ClearFlag                          0x08001921   Thumb Code     8  stm32f10x_usart.o(.text)
    USART_GetITStatus                        0x08001929   Thumb Code    64  stm32f10x_usart.o(.text)
    USART_ClearITPendingBit                  0x08001969   Thumb Code    16  stm32f10x_usart.o(.text)
    DAC_DeInit                               0x0800198d   Thumb Code    24  stm32f10x_dac.o(.text)
    DAC_Init                                 0x080019a5   Thumb Code    36  stm32f10x_dac.o(.text)
    DAC_StructInit                           0x080019c9   Thumb Code    12  stm32f10x_dac.o(.text)
    DAC_Cmd                                  0x080019d5   Thumb Code    26  stm32f10x_dac.o(.text)
    DAC_DMACmd                               0x080019ef   Thumb Code    26  stm32f10x_dac.o(.text)
    DAC_SoftwareTriggerCmd                   0x08001a09   Thumb Code    30  stm32f10x_dac.o(.text)
    DAC_DualSoftwareTriggerCmd               0x08001a27   Thumb Code    28  stm32f10x_dac.o(.text)
    DAC_WaveGenerationCmd                    0x08001a43   Thumb Code    24  stm32f10x_dac.o(.text)
    DAC_SetChannel1Data                      0x08001a5b   Thumb Code    16  stm32f10x_dac.o(.text)
    DAC_SetChannel2Data                      0x08001a6b   Thumb Code    16  stm32f10x_dac.o(.text)
    DAC_SetDualChannelData                   0x08001a7b   Thumb Code    22  stm32f10x_dac.o(.text)
    DAC_GetDataOutputValue                   0x08001a91   Thumb Code    20  stm32f10x_dac.o(.text)
    NVIC_Configuration                       0x08001aa9   Thumb Code    10  nvic_manager.o(.text)
    RCC_Configuration                        0x08001ab3   Thumb Code    96  rcc_manager.o(.text)
    init_SPI_RCC                             0x08001b15   Thumb Code    26  spi_manager.o(.text)
    init_SPI_GPIO                            0x08001b2f   Thumb Code   280  spi_manager.o(.text)
    SPI_Configuration                        0x08001c47   Thumb Code   134  spi_manager.o(.text)
    rccADC                                   0x08001ce1   Thumb Code    32  adc_manager.o(.text)
    gpioADC                                  0x08001d01   Thumb Code    74  adc_manager.o(.text)
    ADC1_Configuration                       0x08001d4b   Thumb Code   252  adc_manager.o(.text)
    TSK_ADC1Monitor                          0x08001e61   Thumb Code   158  tsk_adc1monitor.o(.text)
    rccDAC                                   0x08001f11   Thumb Code    22  dac_manager.o(.text)
    gpioDAC                                  0x08001f27   Thumb Code    30  dac_manager.o(.text)
    DAC_Configuration                        0x08001f45   Thumb Code    36  dac_manager.o(.text)
    SetDacOutput                             0x08001f69   Thumb Code    44  dac_manager.o(.text)
    USART_RCC                                0x08001f9d   Thumb Code     8  usart_manager.o(.text)
    USART_GPIO_Pins                          0x08001fa5   Thumb Code    54  usart_manager.o(.text)
    USART_NVIC                               0x08001fdb   Thumb Code    32  usart_manager.o(.text)
    USART_Configuration                      0x08001ffb   Thumb Code    86  usart_manager.o(.text)
    fputc                                    0x08002051   Thumb Code    30  usart_manager.o(.text)
    SendChar                                 0x0800207d   Thumb Code    90  serial.o(.text)
    GetKey                                   0x080020d7   Thumb Code    30  serial.o(.text)
    USART1_IRQHandler                        0x080020f5   Thumb Code   124  serial.o(.text)
    USART2_IRQHandler                        0x08002171   Thumb Code   132  serial.o(.text)
    USART3_IRQHandler                        0x080021f5   Thumb Code   130  serial.o(.text)
    getline                                  0x0800228d   Thumb Code   112  getline.o(.text)
    TSK_StopReporting                        0x08002305   Thumb Code    34  tsk_serialinterface.o(.text)
    TSK_SerialInterface                      0x08002327   Thumb Code   350  tsk_serialinterface.o(.text)
    init_EXT_LED_Mutex                       0x080024e1   Thumb Code    26  tsk_statusled.o(.text)
    EXT_LED_InitGPIO                         0x080024fb   Thumb Code    26  tsk_statusled.o(.text)
    EXT_LED_addGPIO                          0x08002515   Thumb Code    64  tsk_statusled.o(.text)
    statusGPIO                               0x08002555   Thumb Code    38  tsk_statusled.o(.text)
    EXT_LED_Ctrl                             0x0800257b   Thumb Code    68  tsk_statusled.o(.text)
    EXT_LED_Err_Seq                          0x080025bf   Thumb Code    88  tsk_statusled.o(.text)
    TSK_LED_Seq                              0x08002617   Thumb Code   426  tsk_statusled.o(.text)
    TSK_StatusLed                            0x080027c1   Thumb Code    28  tsk_statusled.o(.text)
    init                                     0x080027ed   Thumb Code   114  main.o(.text)
    main                                     0x0800285f   Thumb Code    30  main.o(.text)
    GPIOTimingSensor                         0x08002891   Thumb Code    30  sensortesting.o(.text)
    TimingSensor                             0x080028af   Thumb Code    82  sensortesting.o(.text)
    ReadTimeDiff                             0x08002901   Thumb Code     6  sensortesting.o(.text)
    ClearTimeDiff                            0x08002907   Thumb Code     8  sensortesting.o(.text)
    LapCount                                 0x0800290f   Thumb Code     6  sensortesting.o(.text)
    os_idle_demon                            0x0800291d   Thumb Code     2  rtx_conf_cm.o(.text)
    os_error                                 0x0800291f   Thumb Code     2  rtx_conf_cm.o(.text)
    Reset_Handler                            0x08002921   Thumb Code     8  startup_stm32f10x_md.o(.text)
    CAN1_RX1_IRQHandler                      0x0800293b   Thumb Code     0  startup_stm32f10x_md.o(.text)
    CAN1_SCE_IRQHandler                      0x0800293b   Thumb Code     0  startup_stm32f10x_md.o(.text)
    USB_HP_CAN1_TX_IRQHandler                0x0800293b   Thumb Code     0  startup_stm32f10x_md.o(.text)
    SystemInit                               0x080029ed   Thumb Code    64  system_stm32f10x.o(.text)
    SystemCoreClockUpdate                    0x08002a2d   Thumb Code   106  system_stm32f10x.o(.text)
    __aeabi_uldivmod                         0x08002ab9   Thumb Code    98  uldiv.o(.text)
    toupper                                  0x08002b1b   Thumb Code    12  toupper.o(.text)
    __0sscanf                                0x08002b29   Thumb Code    48  __0sscanf.o(.text)
    _scanf_int                               0x08002b61   Thumb Code   332  _scanf_int.o(.text)
    _scanf_string                            0x08002cad   Thumb Code   224  _scanf_str.o(.text)
    __aeabi_ui2f                             0x08002d8d   Thumb Code    10  ffltui.o(.text)
    __aeabi_ui2d                             0x08002d97   Thumb Code    26  dfltui.o(.text)
    __aeabi_uidiv                            0x08002db1   Thumb Code     0  uidiv.o(.text)
    __aeabi_uidivmod                         0x08002db1   Thumb Code    44  uidiv.o(.text)
    __aeabi_llsl                             0x08002ddd   Thumb Code    30  llshl.o(.text)
    _ll_shift_l                              0x08002ddd   Thumb Code     0  llshl.o(.text)
    __aeabi_llsr                             0x08002dfb   Thumb Code    32  llushr.o(.text)
    _ll_ushift_r                             0x08002dfb   Thumb Code     0  llushr.o(.text)
    _chval                                   0x08002e1b   Thumb Code    28  _chval.o(.text)
    __vfscanf_char                           0x08002e45   Thumb Code    20  scanf_char.o(.text)
    _sgetc                                   0x08002e61   Thumb Code    30  _sgetc.o(.text)
    _sbackspace                              0x08002e7f   Thumb Code    34  _sgetc.o(.text)
    __I$use$fp                               0x08002ea1   Thumb Code     0  iusefp.o(.text)
    _float_round                             0x08002ea1   Thumb Code    18  fepilogue.o(.text)
    _float_epilogue                          0x08002eb3   Thumb Code    92  fepilogue.o(.text)
    _double_round                            0x08002f0f   Thumb Code    30  depilogue.o(.text)
    _double_epilogue                         0x08002f2d   Thumb Code   156  depilogue.o(.text)
    __aeabi_dadd                             0x08002fc9   Thumb Code   322  dadd.o(.text)
    __aeabi_dsub                             0x0800310b   Thumb Code     6  dadd.o(.text)
    __aeabi_drsub                            0x08003111   Thumb Code     6  dadd.o(.text)
    __aeabi_dmul                             0x08003117   Thumb Code   228  dmul.o(.text)
    __aeabi_ddiv                             0x080031fb   Thumb Code   222  ddiv.o(.text)
    __aeabi_d2ulz                            0x080032d9   Thumb Code    48  dfixul.o(.text)
    __aeabi_cdrcmple                         0x08003309   Thumb Code    48  cdrcmple.o(.text)
    __scatterload                            0x08003339   Thumb Code    28  init.o(.text)
    __scatterload_rt2                        0x08003339   Thumb Code     0  init.o(.text)
    __aeabi_lasr                             0x0800335d   Thumb Code    36  llsshr.o(.text)
    _ll_sshift_r                             0x0800335d   Thumb Code     0  llsshr.o(.text)
    isspace                                  0x08003381   Thumb Code    10  isspace_c.o(.text)
    __vfscanf                                0x0800338d   Thumb Code   808  _scanf.o(.text)
    __ctype_lookup                           0x080036b9   Thumb Code    34  ctype_c.o(.text)
    SVC_Count                                0x080036e0   Data           4  svc_table.o(SVC_TABLE)
    SVC_Table                                0x080036e4   Data           0  svc_table.o(SVC_TABLE)
    __0printf                                0x080036e5   Thumb Code    22  printfa.o(i.__0printf)
    __1printf                                0x080036e5   Thumb Code     0  printfa.o(i.__0printf)
    __2printf                                0x080036e5   Thumb Code     0  printfa.o(i.__0printf)
    __c89printf                              0x080036e5   Thumb Code     0  printfa.o(i.__0printf)
    printf                                   0x080036e5   Thumb Code     0  printfa.o(i.__0printf)
    __scatterload_copy                       0x08003705   Thumb Code    14  handlers.o(i.__scatterload_copy)
    __scatterload_null                       0x08003713   Thumb Code     2  handlers.o(i.__scatterload_null)
    __scatterload_zeroinit                   0x08003715   Thumb Code    14  handlers.o(i.__scatterload_zeroinit)
    _init_box                                0x08003889   Thumb Code    70  rt_membox.o(i._init_box)
    dbg_init                                 0x08004001   Thumb Code    34  hal_cm.o(i.dbg_init)
    dbg_task_notify                          0x08004031   Thumb Code    32  hal_cm.o(i.dbg_task_notify)
    dbg_task_switch                          0x08004051   Thumb Code    16  hal_cm.o(i.dbg_task_switch)
    isrMessageGet                            0x08004061   Thumb Code    42  rt_cmsis.o(i.isrMessageGet)
    isrMessagePut                            0x0800408b   Thumb Code    44  rt_cmsis.o(i.isrMessagePut)
    isrSignalSet                             0x080040b7   Thumb Code    36  rt_cmsis.o(i.isrSignalSet)
    isr_evt_set                              0x080040dd   Thumb Code    34  rt_event.o(i.isr_evt_set)
    isr_mbx_receive                          0x08004105   Thumb Code    82  rt_mailbox.o(i.isr_mbx_receive)
    isr_mbx_send                             0x08004157   Thumb Code    14  rt_mailbox.o(i.isr_mbx_send)
    osDelay                                  0x08004165   Thumb Code    18  rt_cmsis.o(i.osDelay)
    osKernelInitialize                       0x0800417d   Thumb Code    30  rt_cmsis.o(i.osKernelInitialize)
    osKernelStart                            0x080041a1   Thumb Code    98  rt_cmsis.o(i.osKernelStart)
    osMessageGet                             0x0800420d   Thumb Code    18  rt_cmsis.o(i.osMessageGet)
    osMutexCreate                            0x08004225   Thumb Code    38  rt_cmsis.o(i.osMutexCreate)
    osMutexRelease                           0x08004255   Thumb Code    18  rt_cmsis.o(i.osMutexRelease)
    osMutexWait                              0x0800426d   Thumb Code    18  rt_cmsis.o(i.osMutexWait)
    osSignalClear                            0x08004285   Thumb Code    20  rt_cmsis.o(i.osSignalClear)
    osSignalSet                              0x0800429d   Thumb Code    18  rt_cmsis.o(i.osSignalSet)
    osSignalWait                             0x080042b5   Thumb Code    18  rt_cmsis.o(i.osSignalWait)
    osThreadCreate                           0x080042cd   Thumb Code    38  rt_cmsis.o(i.osThreadCreate)
    osThreadExit                             0x080042fd   Thumb Code    14  rt_cmsis.o(i.osThreadExit)
    osThreadGetId                            0x08004315   Thumb Code    18  rt_cmsis.o(i.osThreadGetId)
    osThreadTerminate                        0x0800432d   Thumb Code    18  rt_cmsis.o(i.osThreadTerminate)
    osTimerCall                              0x08004345   Thumb Code     8  rt_cmsis.o(i.osTimerCall)
    osTimerThread                            0x08004351   Thumb Code    38  rt_cmsis.o(i.osTimerThread)
    os_tick_init                             0x0800437d   Thumb Code    32  rt_system.o(i.os_tick_init)
    os_tick_irqack                           0x080043a5   Thumb Code     2  rt_system.o(i.os_tick_irqack)
    putc                                     0x080043a7   Thumb Code     4  putc.o(i.putc)
    rt_alloc_box                             0x080043ab   Thumb Code    26  rt_membox.o(i.rt_alloc_box)
    rt_alloc_mem                             0x080043c5   Thumb Code    62  rt_memory.o(i.rt_alloc_mem)
    rt_block                                 0x08004405   Thumb Code    48  rt_task.o(i.rt_block)
    rt_chk_robin                             0x0800443d   Thumb Code    60  rt_robin.o(i.rt_chk_robin)
    rt_dec_dly                               0x08004485   Thumb Code   102  rt_list.o(i.rt_dec_dly)
    rt_dispatch                              0x080044f5   Thumb Code    60  rt_task.o(i.rt_dispatch)
    rt_dly_wait                              0x08004539   Thumb Code     6  rt_time.o(i.rt_dly_wait)
    rt_evt_clr                               0x08004541   Thumb Code    22  rt_event.o(i.rt_evt_clr)
    rt_evt_psh                               0x0800455d   Thumb Code    76  rt_event.o(i.rt_evt_psh)
    rt_evt_set                               0x080045ad   Thumb Code    88  rt_event.o(i.rt_evt_set)
    rt_evt_wait                              0x08004609   Thumb Code    56  rt_event.o(i.rt_evt_wait)
    rt_free_box                              0x08004645   Thumb Code    44  rt_membox.o(i.rt_free_box)
    rt_free_mem                              0x08004671   Thumb Code    40  rt_memory.o(i.rt_free_mem)
    rt_get_first                             0x08004699   Thumb Code    40  rt_list.o(i.rt_get_first)
    rt_init_mem                              0x08004711   Thumb Code    26  rt_memory.o(i.rt_init_mem)
    rt_init_robin                            0x0800472d   Thumb Code    14  rt_robin.o(i.rt_init_robin)
    rt_init_stack                            0x08004745   Thumb Code   118  hal_cm.o(i.rt_init_stack)
    rt_mbx_check                             0x080047c5   Thumb Code     8  rt_mailbox.o(i.rt_mbx_check)
    rt_mbx_init                              0x080047cd   Thumb Code    26  rt_mailbox.o(i.rt_mbx_init)
    rt_mbx_psh                               0x080047e9   Thumb Code   236  rt_mailbox.o(i.rt_mbx_psh)
    rt_mbx_wait                              0x080048d9   Thumb Code   174  rt_mailbox.o(i.rt_mbx_wait)
    rt_mut_init                              0x080049d1   Thumb Code    16  rt_mutex.o(i.rt_mut_init)
    rt_mut_release                           0x080049e1   Thumb Code   208  rt_mutex.o(i.rt_mut_release)
    rt_mut_wait                              0x08004ab9   Thumb Code   100  rt_mutex.o(i.rt_mut_wait)
    rt_pop_req                               0x08004b21   Thumb Code   112  rt_system.o(i.rt_pop_req)
    rt_psh_req                               0x08004b9d   Thumb Code    22  rt_system.o(i.rt_psh_req)
    rt_psq_enq                               0x08004bbd   Thumb Code    88  rt_list.o(i.rt_psq_enq)
    rt_put_dly                               0x08004c19   Thumb Code    68  rt_list.o(i.rt_put_dly)
    rt_put_prio                              0x08004c61   Thumb Code    54  rt_list.o(i.rt_put_prio)
    rt_put_rdy_first                         0x08004c99   Thumb Code    14  rt_list.o(i.rt_put_rdy_first)
    rt_resort_prio                           0x08004cad   Thumb Code    46  rt_list.o(i.rt_resort_prio)
    rt_ret_val                               0x08004ce1   Thumb Code     6  hal_cm.o(i.rt_ret_val)
    rt_ret_val2                              0x08004ce7   Thumb Code     8  hal_cm.o(i.rt_ret_val2)
    rt_rmv_dly                               0x08004cef   Thumb Code    40  rt_list.o(i.rt_rmv_dly)
    rt_rmv_list                              0x08004d19   Thumb Code    44  rt_list.o(i.rt_rmv_list)
    rt_sem_psh                               0x08004d49   Thumb Code    48  rt_semaphore.o(i.rt_sem_psh)
    rt_stk_check                             0x08004d7d   Thumb Code    28  rt_system.o(i.rt_stk_check)
    rt_switch_req                            0x08004da1   Thumb Code    30  rt_task.o(i.rt_switch_req)
    rt_sys_init                              0x08004dc9   Thumb Code   138  rt_task.o(i.rt_sys_init)
    rt_sys_start                             0x08004e95   Thumb Code   110  rt_task.o(i.rt_sys_start)
    rt_systick                               0x08004f0d   Thumb Code    50  rt_system.o(i.rt_systick)
    rt_tsk_create                            0x08004f95   Thumb Code   118  rt_task.o(i.rt_tsk_create)
    rt_tsk_delete                            0x0800501d   Thumb Code   352  rt_task.o(i.rt_tsk_delete)
    rt_tsk_prio                              0x08005199   Thumb Code   108  rt_task.o(i.rt_tsk_prio)
    rt_tsk_self                              0x08005215   Thumb Code    12  rt_task.o(i.rt_tsk_self)
    svcDelay                                 0x08005225   Thumb Code    18  rt_cmsis.o(i.svcDelay)
    svcKernelInitialize                      0x08005239   Thumb Code    80  rt_cmsis.o(i.svcKernelInitialize)
    svcKernelStart                           0x080052a9   Thumb Code    62  rt_cmsis.o(i.svcKernelStart)
    svcMessageCreate                         0x080052f1   Thumb Code    36  rt_cmsis.o(i.svcMessageCreate)
    svcMessageGet                            0x08005315   Thumb Code    58  rt_cmsis.o(i.svcMessageGet)
    svcMutexCreate                           0x0800534f   Thumb Code    28  rt_cmsis.o(i.svcMutexCreate)
    svcMutexRelease                          0x0800536b   Thumb Code    34  rt_cmsis.o(i.svcMutexRelease)
    svcMutexWait                             0x0800538d   Thumb Code    54  rt_cmsis.o(i.svcMutexWait)
    svcSignalClear                           0x080053c3   Thumb Code    36  rt_cmsis.o(i.svcSignalClear)
    svcSignalSet                             0x080053e7   Thumb Code    36  rt_cmsis.o(i.svcSignalSet)
    svcSignalWait                            0x0800540d   Thumb Code    80  rt_cmsis.o(i.svcSignalWait)
    svcThreadCreate                          0x08005461   Thumb Code   100  rt_cmsis.o(i.svcThreadCreate)
    svcThreadGetId                           0x080054d1   Thumb Code    22  rt_cmsis.o(i.svcThreadGetId)
    svcThreadTerminate                       0x080054ed   Thumb Code    50  rt_cmsis.o(i.svcThreadTerminate)
    svcTimerCall                             0x08005525   Thumb Code    24  rt_cmsis.o(i.svcTimerCall)
    sysTimerTick                             0x0800553d   Thumb Code    84  rt_cmsis.o(i.sysTimerTick)
    PCB_Revision                             0x08005598   Data           2  tsk_serialinterface.o(.constdata)
    ProjectCode                              0x0800559a   Data           4  tsk_serialinterface.o(.constdata)
    PCB_Drawing_No                           0x0800559e   Data           4  tsk_serialinterface.o(.constdata)
    Firmware_Version                         0x080055a2   Data           6  tsk_serialinterface.o(.constdata)
    MicroController                          0x080055a8   Data           7  tsk_serialinterface.o(.constdata)
    Version                                  0x080055af   Data         280  tsk_serialinterface.o(.constdata)
    os_mutex_def_EXT_LED_Mutex               0x080056d8   Data           4  tsk_statusled.o(.constdata)
    os_maxtaskrun                            0x0800571c   Data           2  rtx_conf_cm.o(.constdata)
    os_stackinfo                             0x08005720   Data           4  rtx_conf_cm.o(.constdata)
    os_rrobin                                0x08005724   Data           4  rtx_conf_cm.o(.constdata)
    os_trv                                   0x08005728   Data           4  rtx_conf_cm.o(.constdata)
    os_flags                                 0x0800572c   Data           1  rtx_conf_cm.o(.constdata)
    CMSIS_RTOS_API_Version                   0x08005730   Data           4  rtx_conf_cm.o(.constdata)
    CMSIS_RTOS_RTX_Version                   0x08005734   Data           4  rtx_conf_cm.o(.constdata)
    os_clockrate                             0x08005738   Data           4  rtx_conf_cm.o(.constdata)
    os_timernum                              0x0800573c   Data           4  rtx_conf_cm.o(.constdata)
    mp_tcb_size                              0x08005740   Data           2  rtx_conf_cm.o(.constdata)
    mp_stk_size                              0x08005744   Data           4  rtx_conf_cm.o(.constdata)
    os_stack_sz                              0x08005748   Data           4  rtx_conf_cm.o(.constdata)
    os_fifo_size                             0x0800574c   Data           1  rtx_conf_cm.o(.constdata)
    os_thread_def_osTimerThread              0x08005750   Data          16  rtx_conf_cm.o(.constdata)
    os_messageQ_def_osTimerMessageQ          0x08005760   Data           8  rtx_conf_cm.o(.constdata)
    mp_tmr_size                              0x08005768   Data           2  rtx_conf_cm.o(.constdata)
    __ctype_categories                       0x0800576a   Data          64  ctype_c.o(.constdata)
    Region$$Table$$Base                      0x080057ac   Number         0  anon$$obj.o(Region$$Table)
    Region$$Table$$Limit                     0x080057cc   Number         0  anon$$obj.o(Region$$Table)
    tidADC1Monitor                           0x20000014   Data           4  tsk_adc1monitor.o(.data)
    wr_task                                  0x2000001c   Data           4  serial.o(.data)
    rd_task                                  0x20000020   Data           4  serial.o(.data)
    ECHO_ON                                  0x20000024   Data           1  getline.o(.data)
    StopReportFlag                           0x20000028   Data           1  tsk_serialinterface.o(.data)
    firstTime                                0x20000029   Data           1  tsk_serialinterface.o(.data)
    tidStopReporting                         0x2000002c   Data           4  tsk_serialinterface.o(.data)
    tidSerialInterface                       0x20000030   Data           4  tsk_serialinterface.o(.data)
    EXT_LED_Mutex_Initialised                0x20000034   Data           1  tsk_statusled.o(.data)
    BitLEDs1                                 0x20000035   Data           1  tsk_statusled.o(.data)
    State1                                   0x20000036   Data           1  tsk_statusled.o(.data)
    ExecuteState                             0x20000037   Data           1  tsk_statusled.o(.data)
    LED_mutex_id                             0x20000038   Data           4  tsk_statusled.o(.data)
    tidLEDSeq                                0x2000003c   Data           4  tsk_statusled.o(.data)
    tidStatusLed                             0x20000040   Data           4  tsk_statusled.o(.data)
    time_diff                                0x20000044   Data           2  sensortesting.o(.data)
    lap_count                                0x20000046   Data           2  sensortesting.o(.data)
    tidSensorManager                         0x20000048   Data           4  sensortesting.o(.data)
    m_tmr                                    0x2000004c   Data           4  rtx_conf_cm.o(.data)
    os_thread_def_main                       0x20000050   Data          16  rtx_conf_cm.o(.data)
    osThreadId_osTimerThread                 0x20000060   Data           4  rtx_conf_cm.o(.data)
    osMessageQId_osTimerMessageQ             0x20000064   Data           4  rtx_conf_cm.o(.data)
    SystemCoreClock                          0x20000068   Data           4  system_stm32f10x.o(.data)
    AHBPrescTable                            0x2000006c   Data          16  system_stm32f10x.o(.data)
    os_initialized                           0x2000007c   Data           1  rt_cmsis.o(.data)
    os_running                               0x2000007d   Data           1  rt_cmsis.o(.data)
    os_timer_head                            0x20000080   Data           4  rt_cmsis.o(.data)
    os_tsk                                   0x20000084   Data           8  rt_task.o(.data)
    os_tick_irqn                             0x20000090   Data           4  rt_system.o(.data)
    os_time                                  0x20000094   Data           4  rt_time.o(.data)
    dbg_msg                                  0x20000098   Data           1  hal_cm.o(.data)
    os_robin                                 0x2000009c   Data           8  rt_robin.o(.data)
    __stdout                                 0x200000a4   Data           4  stdout.o(.data)
    ADC_Channels                             0x200000a8   Data          10  adc_manager.o(.bss)
    AvAdcValue                               0x200000b4   Data          20  tsk_adc1monitor.o(.bss)
    szCmdline                                0x200001c8   Data          90  tsk_serialinterface.o(.bss)
    os_mutex_cb_EXT_LED_Mutex                0x20000224   Data          16  tsk_statusled.o(.bss)
    LEDPins                                  0x20000234   Data          24  tsk_statusled.o(.bss)
    os_messageQ_q_osTimerMessageQ            0x2000024c   Data          32  rtx_conf_cm.o(.bss)
    mp_tcb                                   0x2000026c   Data         324  rtx_conf_cm.o(.bss)
    mp_stk                                   0x200003b0   Data        5136  rtx_conf_cm.o(.bss)
    os_stack_mem                             0x200017c0   Data        1432  rtx_conf_cm.o(.bss)
    os_fifo                                  0x20001d58   Data         132  rtx_conf_cm.o(.bss)
    os_active_TCB                            0x20001ddc   Data          24  rtx_conf_cm.o(.bss)
    os_idle_TCB                              0x20001df4   Data          52  rt_task.o(.bss)
    os_rdy                                   0x20001e28   Data          24  rt_list.o(.bss)
    os_dly                                   0x20001e40   Data          24  rt_list.o(.bss)
    __initial_sp                             0x20002258   Data           0  startup_stm32f10x_md.o(STACK)



==============================================================================

Memory Map of the image

  Image Entry point : 0x080000ed

  Load Region LR_IROM1 (Base: 0x08000000, Size: 0x00005874, Max: 0x00020000, ABSOLUTE)

    Execution Region ER_IROM1 (Base: 0x08000000, Size: 0x000057cc, Max: 0x00020000, ABSOLUTE)

    Base Addr    Size         Type   Attr      Idx    E Section Name        Object

    0x08000000   0x000000ec   Data   RO          964    RESET               startup_stm32f10x_md.o
    0x080000ec   0x00000000   Code   RO         2210  * .ARM.Collect$$$$00000000  mc_w.l(entry.o)
    0x080000ec   0x00000004   Code   RO         2493    .ARM.Collect$$$$00000001  mc_w.l(entry2.o)
    0x080000f0   0x00000004   Code   RO         2496    .ARM.Collect$$$$00000004  mc_w.l(entry5.o)
    0x080000f4   0x00000000   Code   RO         2498    .ARM.Collect$$$$00000008  mc_w.l(entry7b.o)
    0x080000f4   0x00000000   Code   RO         2500    .ARM.Collect$$$$0000000A  mc_w.l(entry8b.o)
    0x080000f4   0x00000000   Code   RO         2501    .ARM.Collect$$$$0000000D  mc_w.l(entry10a.o)
    0x080000f4   0x00000000   Code   RO         2503    .ARM.Collect$$$$0000000F  mc_w.l(entry11a.o)
    0x080000f4   0x00000018   Code   RO          909    .ARM.Collect$$$$000000FF  rtx_conf_cm.o
    0x0800010c   0x00000004   Code   RO         2494    .ARM.Collect$$$$00002712  mc_w.l(entry2.o)
    0x08000110   0x00000130   Code   RO         2197    .emb_text           RTX_CM3.lib(hal_cm3.o)
    0x08000240   0x000000b8   Code   RO            4    .text               misc.o
    0x080002f8   0x00000388   Code   RO           93    .text               stm32f10x_adc.o
    0x08000680   0x000001e8   Code   RO          141    .text               stm32f10x_dma.o
    0x08000868   0x000004a4   Code   RO          189    .text               stm32f10x_flash.o
    0x08000d0c   0x00000298   Code   RO          213    .text               stm32f10x_gpio.o
    0x08000fa4   0x000000a4   Code   RO          237    .text               stm32f10x_it.o
    0x08001048   0x000002f4   Code   RO          306    .text               stm32f10x_rcc.o
    0x0800133c   0x000002b4   Code   RO          356    .text               stm32f10x_spi.o
    0x080015f0   0x0000039c   Code   RO          380    .text               stm32f10x_usart.o
    0x0800198c   0x0000011c   Code   RO          404    .text               stm32f10x_dac.o
    0x08001aa8   0x0000000a   Code   RO          428    .text               nvic_manager.o
    0x08001ab2   0x00000060   Code   RO          455    .text               rcc_manager.o
    0x08001b12   0x00000002   PAD
    0x08001b14   0x000001cc   Code   RO          482    .text               spi_manager.o
    0x08001ce0   0x00000180   Code   RO          509    .text               adc_manager.o
    0x08001e60   0x000000b0   Code   RO          539    .text               tsk_adc1monitor.o
    0x08001f10   0x0000008c   Code   RO          574    .text               dac_manager.o
    0x08001f9c   0x000000e0   Code   RO          605    .text               usart_manager.o
    0x0800207c   0x00000210   Code   RO          632    .text               serial.o
    0x0800228c   0x00000078   Code   RO          662    .text               getline.o
    0x08002304   0x000001dc   Code   RO          680    .text               tsk_serialinterface.o
    0x080024e0   0x0000030c   Code   RO          739    .text               tsk_statusled.o
    0x080027ec   0x000000a4   Code   RO          773    .text               main.o
    0x08002890   0x0000008c   Code   RO          881    .text               sensortesting.o
    0x0800291c   0x00000004   Code   RO          910    .text               rtx_conf_cm.o
    0x08002920   0x00000024   Code   RO          965    .text               startup_stm32f10x_md.o
    0x08002944   0x00000174   Code   RO          972    .text               system_stm32f10x.o
    0x08002ab8   0x00000062   Code   RO         2216    .text               mc_w.l(uldiv.o)
    0x08002b1a   0x0000000c   Code   RO         2218    .text               mc_w.l(toupper.o)
    0x08002b26   0x00000002   PAD
    0x08002b28   0x00000038   Code   RO         2481    .text               mc_w.l(__0sscanf.o)
    0x08002b60   0x0000014c   Code   RO         2483    .text               mc_w.l(_scanf_int.o)
    0x08002cac   0x000000e0   Code   RO         2485    .text               mc_w.l(_scanf_str.o)
    0x08002d8c   0x0000000a   Code   RO         2487    .text               mf_w.l(ffltui.o)
    0x08002d96   0x0000001a   Code   RO         2489    .text               mf_w.l(dfltui.o)
    0x08002db0   0x0000002c   Code   RO         2505    .text               mc_w.l(uidiv.o)
    0x08002ddc   0x0000001e   Code   RO         2507    .text               mc_w.l(llshl.o)
    0x08002dfa   0x00000020   Code   RO         2509    .text               mc_w.l(llushr.o)
    0x08002e1a   0x0000001c   Code   RO         2511    .text               mc_w.l(_chval.o)
    0x08002e36   0x00000002   PAD
    0x08002e38   0x00000028   Code   RO         2513    .text               mc_w.l(scanf_char.o)
    0x08002e60   0x00000040   Code   RO         2515    .text               mc_w.l(_sgetc.o)
    0x08002ea0   0x00000000   Code   RO         2517    .text               mc_w.l(iusefp.o)
    0x08002ea0   0x0000006e   Code   RO         2518    .text               mf_w.l(fepilogue.o)
    0x08002f0e   0x000000ba   Code   RO         2520    .text               mf_w.l(depilogue.o)
    0x08002fc8   0x0000014e   Code   RO         2522    .text               mf_w.l(dadd.o)
    0x08003116   0x000000e4   Code   RO         2524    .text               mf_w.l(dmul.o)
    0x080031fa   0x000000de   Code   RO         2526    .text               mf_w.l(ddiv.o)
    0x080032d8   0x00000030   Code   RO         2528    .text               mf_w.l(dfixul.o)
    0x08003308   0x00000030   Code   RO         2530    .text               mf_w.l(cdrcmple.o)
    0x08003338   0x00000024   Code   RO         2532    .text               mc_w.l(init.o)
    0x0800335c   0x00000024   Code   RO         2534    .text               mc_w.l(llsshr.o)
    0x08003380   0x0000000a   Code   RO         2536    .text               mc_w.l(isspace_c.o)
    0x0800338a   0x00000002   PAD
    0x0800338c   0x0000032c   Code   RO         2538    .text               mc_w.l(_scanf.o)
    0x080036b8   0x00000028   Code   RO         2540    .text               mc_w.l(ctype_c.o)
    0x080036e0   0x00000004   Code   RO         2207    SVC_TABLE           RTX_CM3.lib(svc_table.o)
    0x080036e4   0x00000020   Code   RO         2453    i.__0printf         mc_w.l(printfa.o)
    0x08003704   0x0000000e   Code   RO         2545    i.__scatterload_copy  mc_w.l(handlers.o)
    0x08003712   0x00000002   Code   RO         2546    i.__scatterload_null  mc_w.l(handlers.o)
    0x08003714   0x0000000e   Code   RO         2547    i.__scatterload_zeroinit  mc_w.l(handlers.o)
    0x08003722   0x00000002   PAD
    0x08003724   0x00000164   Code   RO         2460    i._fp_digits        mc_w.l(printfa.o)
    0x08003888   0x00000046   Code   RO         2075    i._init_box         RTX_CM3.lib(rt_membox.o)
    0x080038ce   0x00000002   PAD
    0x080038d0   0x000006dc   Code   RO         2461    i._printf_core      mc_w.l(printfa.o)
    0x08003fac   0x00000024   Code   RO         2462    i._printf_post_padding  mc_w.l(printfa.o)
    0x08003fd0   0x0000002e   Code   RO         2463    i._printf_pre_padding  mc_w.l(printfa.o)
    0x08003ffe   0x00000002   PAD
    0x08004000   0x00000030   Code   RO         2128    i.dbg_init          RTX_CM3.lib(hal_cm.o)
    0x08004030   0x00000020   Code   RO         2129    i.dbg_task_notify   RTX_CM3.lib(hal_cm.o)
    0x08004050   0x00000010   Code   RO         2130    i.dbg_task_switch   RTX_CM3.lib(hal_cm.o)
    0x08004060   0x0000002a   Code   RO         1002    i.isrMessageGet     RTX_CM3.lib(rt_cmsis.o)
    0x0800408a   0x0000002c   Code   RO         1003    i.isrMessagePut     RTX_CM3.lib(rt_cmsis.o)
    0x080040b6   0x00000024   Code   RO         1005    i.isrSignalSet      RTX_CM3.lib(rt_cmsis.o)
    0x080040da   0x00000002   PAD
    0x080040dc   0x00000028   Code   RO         1799    i.isr_evt_set       RTX_CM3.lib(rt_event.o)
    0x08004104   0x00000052   Code   RO         1921    i.isr_mbx_receive   RTX_CM3.lib(rt_mailbox.o)
    0x08004156   0x0000000e   Code   RO         1922    i.isr_mbx_send      RTX_CM3.lib(rt_mailbox.o)
    0x08004164   0x00000018   Code   RO         1006    i.osDelay           RTX_CM3.lib(rt_cmsis.o)
    0x0800417c   0x00000024   Code   RO         1007    i.osKernelInitialize  RTX_CM3.lib(rt_cmsis.o)
    0x080041a0   0x0000006c   Code   RO         1009    i.osKernelStart     RTX_CM3.lib(rt_cmsis.o)
    0x0800420c   0x00000018   Code   RO         1018    i.osMessageGet      RTX_CM3.lib(rt_cmsis.o)
    0x08004224   0x00000030   Code   RO         1020    i.osMutexCreate     RTX_CM3.lib(rt_cmsis.o)
    0x08004254   0x00000018   Code   RO         1022    i.osMutexRelease    RTX_CM3.lib(rt_cmsis.o)
    0x0800426c   0x00000018   Code   RO         1023    i.osMutexWait       RTX_CM3.lib(rt_cmsis.o)
    0x08004284   0x00000018   Code   RO         1032    i.osSignalClear     RTX_CM3.lib(rt_cmsis.o)
    0x0800429c   0x00000018   Code   RO         1033    i.osSignalSet       RTX_CM3.lib(rt_cmsis.o)
    0x080042b4   0x00000018   Code   RO         1034    i.osSignalWait      RTX_CM3.lib(rt_cmsis.o)
    0x080042cc   0x00000030   Code   RO         1035    i.osThreadCreate    RTX_CM3.lib(rt_cmsis.o)
    0x080042fc   0x00000018   Code   RO         1036    i.osThreadExit      RTX_CM3.lib(rt_cmsis.o)
    0x08004314   0x00000018   Code   RO         1037    i.osThreadGetId     RTX_CM3.lib(rt_cmsis.o)
    0x0800432c   0x00000018   Code   RO         1040    i.osThreadTerminate  RTX_CM3.lib(rt_cmsis.o)
    0x08004344   0x0000000c   Code   RO         1042    i.osTimerCall       RTX_CM3.lib(rt_cmsis.o)
    0x08004350   0x0000002c   Code   RO         1047    i.osTimerThread     RTX_CM3.lib(rt_cmsis.o)
    0x0800437c   0x00000028   Code   RO         1709    i.os_tick_init      RTX_CM3.lib(rt_system.o)
    0x080043a4   0x00000002   Code   RO         1710    i.os_tick_irqack    RTX_CM3.lib(rt_system.o)
    0x080043a6   0x00000004   Code   RO         2213    i.putc              mc_w.l(putc.o)
    0x080043aa   0x0000001a   Code   RO         2076    i.rt_alloc_box      RTX_CM3.lib(rt_membox.o)
    0x080043c4   0x0000003e   Code   RO         2104    i.rt_alloc_mem      RTX_CM3.lib(rt_memory.o)
    0x08004402   0x00000002   PAD
    0x08004404   0x00000038   Code   RO         1624    i.rt_block          RTX_CM3.lib(rt_task.o)
    0x0800443c   0x00000048   Code   RO         2176    i.rt_chk_robin      RTX_CM3.lib(rt_robin.o)
    0x08004484   0x00000070   Code   RO         1845    i.rt_dec_dly        RTX_CM3.lib(rt_list.o)
    0x080044f4   0x00000044   Code   RO         1625    i.rt_dispatch       RTX_CM3.lib(rt_task.o)
    0x08004538   0x00000006   Code   RO         2011    i.rt_dly_wait       RTX_CM3.lib(rt_time.o)
    0x0800453e   0x00000002   PAD
    0x08004540   0x0000001c   Code   RO         1800    i.rt_evt_clr        RTX_CM3.lib(rt_event.o)
    0x0800455c   0x00000050   Code   RO         1802    i.rt_evt_psh        RTX_CM3.lib(rt_event.o)
    0x080045ac   0x0000005c   Code   RO         1803    i.rt_evt_set        RTX_CM3.lib(rt_event.o)
    0x08004608   0x0000003c   Code   RO         1804    i.rt_evt_wait       RTX_CM3.lib(rt_event.o)
    0x08004644   0x0000002c   Code   RO         2077    i.rt_free_box       RTX_CM3.lib(rt_membox.o)
    0x08004670   0x00000028   Code   RO         2105    i.rt_free_mem       RTX_CM3.lib(rt_memory.o)
    0x08004698   0x00000028   Code   RO         1846    i.rt_get_first      RTX_CM3.lib(rt_list.o)
    0x080046c0   0x00000008   Code   RO         1052    i.rt_id2obj         RTX_CM3.lib(rt_cmsis.o)
    0x080046c8   0x00000048   Code   RO         1626    i.rt_init_context   RTX_CM3.lib(rt_task.o)
    0x08004710   0x0000001a   Code   RO         2106    i.rt_init_mem       RTX_CM3.lib(rt_memory.o)
    0x0800472a   0x00000002   PAD
    0x0800472c   0x00000018   Code   RO         2177    i.rt_init_robin     RTX_CM3.lib(rt_robin.o)
    0x08004744   0x00000080   Code   RO         2131    i.rt_init_stack     RTX_CM3.lib(hal_cm.o)
    0x080047c4   0x00000008   Code   RO         1923    i.rt_mbx_check      RTX_CM3.lib(rt_mailbox.o)
    0x080047cc   0x0000001a   Code   RO         1924    i.rt_mbx_init       RTX_CM3.lib(rt_mailbox.o)
    0x080047e6   0x00000002   PAD
    0x080047e8   0x000000f0   Code   RO         1925    i.rt_mbx_psh        RTX_CM3.lib(rt_mailbox.o)
    0x080048d8   0x000000b4   Code   RO         1927    i.rt_mbx_wait       RTX_CM3.lib(rt_mailbox.o)
    0x0800498c   0x00000044   Code   RO         1053    i.rt_ms2tick        RTX_CM3.lib(rt_cmsis.o)
    0x080049d0   0x00000010   Code   RO         2045    i.rt_mut_init       RTX_CM3.lib(rt_mutex.o)
    0x080049e0   0x000000d8   Code   RO         2046    i.rt_mut_release    RTX_CM3.lib(rt_mutex.o)
    0x08004ab8   0x00000068   Code   RO         2047    i.rt_mut_wait       RTX_CM3.lib(rt_mutex.o)
    0x08004b20   0x0000007c   Code   RO         1713    i.rt_pop_req        RTX_CM3.lib(rt_system.o)
    0x08004b9c   0x00000020   Code   RO         1714    i.rt_psh_req        RTX_CM3.lib(rt_system.o)
    0x08004bbc   0x0000005c   Code   RO         1848    i.rt_psq_enq        RTX_CM3.lib(rt_list.o)
    0x08004c18   0x00000048   Code   RO         1849    i.rt_put_dly        RTX_CM3.lib(rt_list.o)
    0x08004c60   0x00000036   Code   RO         1850    i.rt_put_prio       RTX_CM3.lib(rt_list.o)
    0x08004c96   0x00000002   PAD
    0x08004c98   0x00000014   Code   RO         1851    i.rt_put_rdy_first  RTX_CM3.lib(rt_list.o)
    0x08004cac   0x00000034   Code   RO         1852    i.rt_resort_prio    RTX_CM3.lib(rt_list.o)
    0x08004ce0   0x00000006   Code   RO         2132    i.rt_ret_val        RTX_CM3.lib(hal_cm.o)
    0x08004ce6   0x00000008   Code   RO         2133    i.rt_ret_val2       RTX_CM3.lib(hal_cm.o)
    0x08004cee   0x00000028   Code   RO         1853    i.rt_rmv_dly        RTX_CM3.lib(rt_list.o)
    0x08004d16   0x00000002   PAD
    0x08004d18   0x00000030   Code   RO         1854    i.rt_rmv_list       RTX_CM3.lib(rt_list.o)
    0x08004d48   0x00000034   Code   RO         1972    i.rt_sem_psh        RTX_CM3.lib(rt_semaphore.o)
    0x08004d7c   0x00000024   Code   RO         1716    i.rt_stk_check      RTX_CM3.lib(rt_system.o)
    0x08004da0   0x00000028   Code   RO         1627    i.rt_switch_req     RTX_CM3.lib(rt_task.o)
    0x08004dc8   0x000000cc   Code   RO         1628    i.rt_sys_init       RTX_CM3.lib(rt_task.o)
    0x08004e94   0x00000078   Code   RO         1629    i.rt_sys_start      RTX_CM3.lib(rt_task.o)
    0x08004f0c   0x00000040   Code   RO         1718    i.rt_systick        RTX_CM3.lib(rt_system.o)
    0x08004f4c   0x00000012   Code   RO         1054    i.rt_tid2ptcb       RTX_CM3.lib(rt_cmsis.o)
    0x08004f5e   0x00000002   PAD
    0x08004f60   0x00000034   Code   RO         1055    i.rt_timer_insert   RTX_CM3.lib(rt_cmsis.o)
    0x08004f94   0x00000088   Code   RO         1630    i.rt_tsk_create     RTX_CM3.lib(rt_task.o)
    0x0800501c   0x0000017c   Code   RO         1631    i.rt_tsk_delete     RTX_CM3.lib(rt_task.o)
    0x08005198   0x0000007c   Code   RO         1633    i.rt_tsk_prio       RTX_CM3.lib(rt_task.o)
    0x08005214   0x00000010   Code   RO         1634    i.rt_tsk_self       RTX_CM3.lib(rt_task.o)
    0x08005224   0x00000012   Code   RO         1057    i.svcDelay          RTX_CM3.lib(rt_cmsis.o)
    0x08005236   0x00000002   PAD
    0x08005238   0x00000070   Code   RO         1058    i.svcKernelInitialize  RTX_CM3.lib(rt_cmsis.o)
    0x080052a8   0x00000048   Code   RO         1060    i.svcKernelStart    RTX_CM3.lib(rt_cmsis.o)
    0x080052f0   0x00000024   Code   RO         1063    i.svcMessageCreate  RTX_CM3.lib(rt_cmsis.o)
    0x08005314   0x0000003a   Code   RO         1064    i.svcMessageGet     RTX_CM3.lib(rt_cmsis.o)
    0x0800534e   0x0000001c   Code   RO         1066    i.svcMutexCreate    RTX_CM3.lib(rt_cmsis.o)
    0x0800536a   0x00000022   Code   RO         1068    i.svcMutexRelease   RTX_CM3.lib(rt_cmsis.o)
    0x0800538c   0x00000036   Code   RO         1069    i.svcMutexWait      RTX_CM3.lib(rt_cmsis.o)
    0x080053c2   0x00000024   Code   RO         1075    i.svcSignalClear    RTX_CM3.lib(rt_cmsis.o)
    0x080053e6   0x00000024   Code   RO         1076    i.svcSignalSet      RTX_CM3.lib(rt_cmsis.o)
    0x0800540a   0x00000002   PAD
    0x0800540c   0x00000054   Code   RO         1077    i.svcSignalWait     RTX_CM3.lib(rt_cmsis.o)
    0x08005460   0x00000070   Code   RO         1078    i.svcThreadCreate   RTX_CM3.lib(rt_cmsis.o)
    0x080054d0   0x0000001c   Code   RO         1079    i.svcThreadGetId    RTX_CM3.lib(rt_cmsis.o)
    0x080054ec   0x00000038   Code   RO         1082    i.svcThreadTerminate  RTX_CM3.lib(rt_cmsis.o)
    0x08005524   0x00000018   Code   RO         1084    i.svcTimerCall      RTX_CM3.lib(rt_cmsis.o)
    0x0800553c   0x0000005c   Code   RO         1093    i.sysTimerTick      RTX_CM3.lib(rt_cmsis.o)
    0x08005598   0x00000140   Data   RO          682    .constdata          tsk_serialinterface.o
    0x080056d8   0x00000004   Data   RO          742    .constdata          tsk_statusled.o
    0x080056dc   0x00000040   Data   RO          774    .constdata          main.o
    0x0800571c   0x00000002   Data   RO          917    .constdata          rtx_conf_cm.o
    0x0800571e   0x00000002   PAD
    0x08005720   0x00000004   Data   RO          918    .constdata          rtx_conf_cm.o
    0x08005724   0x00000004   Data   RO          919    .constdata          rtx_conf_cm.o
    0x08005728   0x00000004   Data   RO          923    .constdata          rtx_conf_cm.o
    0x0800572c   0x00000001   Data   RO          924    .constdata          rtx_conf_cm.o
    0x0800572d   0x00000003   PAD
    0x08005730   0x00000010   Data   RO          925    .constdata          rtx_conf_cm.o
    0x08005740   0x00000002   Data   RO          926    .constdata          rtx_conf_cm.o
    0x08005742   0x00000002   PAD
    0x08005744   0x00000004   Data   RO          927    .constdata          rtx_conf_cm.o
    0x08005748   0x00000004   Data   RO          928    .constdata          rtx_conf_cm.o
    0x0800574c   0x00000001   Data   RO          929    .constdata          rtx_conf_cm.o
    0x0800574d   0x00000003   PAD
    0x08005750   0x00000010   Data   RO          930    .constdata          rtx_conf_cm.o
    0x08005760   0x00000008   Data   RO          931    .constdata          rtx_conf_cm.o
    0x08005768   0x00000002   Data   RO          932    .constdata          rtx_conf_cm.o
    0x0800576a   0x00000040   Data   RO         2541    .constdata          mc_w.l(ctype_c.o)
    0x080057aa   0x00000002   PAD
    0x080057ac   0x00000020   Data   RO         2543    Region$$Table       anon$$obj.o


    Execution Region RW_IRAM1 (Base: 0x20000000, Size: 0x00002258, Max: 0x00005000, ABSOLUTE)

    Base Addr    Size         Type   Attr      Idx    E Section Name        Object

    0x20000000   0x00000014   Data   RW          307    .data               stm32f10x_rcc.o
    0x20000014   0x00000004   Data   RW          541    .data               tsk_adc1monitor.o
    0x20000018   0x0000000c   Data   RW          634    .data               serial.o
    0x20000024   0x00000001   Data   RW          663    .data               getline.o
    0x20000025   0x00000003   PAD
    0x20000028   0x00000008   Data   RW          684    .data               tsk_serialinterface.o
    0x20000030   0x00000004   Data   RW          685    .data               tsk_serialinterface.o
    0x20000034   0x0000000c   Data   RW          743    .data               tsk_statusled.o
    0x20000040   0x00000004   Data   RW          744    .data               tsk_statusled.o
    0x20000044   0x00000004   Data   RW          882    .data               sensortesting.o
    0x20000048   0x00000004   Data   RW          883    .data               sensortesting.o
    0x2000004c   0x00000004   Data   RW          934    .data               rtx_conf_cm.o
    0x20000050   0x00000010   Data   RW          935    .data               rtx_conf_cm.o
    0x20000060   0x00000004   Data   RW          936    .data               rtx_conf_cm.o
    0x20000064   0x00000004   Data   RW          937    .data               rtx_conf_cm.o
    0x20000068   0x00000014   Data   RW          973    .data               system_stm32f10x.o
    0x2000007c   0x00000008   Data   RW         1096    .data               RTX_CM3.lib(rt_cmsis.o)
    0x20000084   0x00000008   Data   RW         1636    .data               RTX_CM3.lib(rt_task.o)
    0x2000008c   0x00000008   Data   RW         1721    .data               RTX_CM3.lib(rt_system.o)
    0x20000094   0x00000004   Data   RW         2015    .data               RTX_CM3.lib(rt_time.o)
    0x20000098   0x00000001   Data   RW         2134    .data               RTX_CM3.lib(hal_cm.o)
    0x20000099   0x00000003   PAD
    0x2000009c   0x00000008   Data   RW         2178    .data               RTX_CM3.lib(rt_robin.o)
    0x200000a4   0x00000004   Data   RW         2215    .data               mc_w.l(stdout.o)
    0x200000a8   0x0000000a   Zero   RW          510    .bss                adc_manager.o
    0x200000b2   0x00000002   PAD
    0x200000b4   0x00000014   Zero   RW          540    .bss                tsk_adc1monitor.o
    0x200000c8   0x00000100   Zero   RW          633    .bss                serial.o
    0x200001c8   0x0000005a   Zero   RW          681    .bss                tsk_serialinterface.o
    0x20000222   0x00000002   PAD
    0x20000224   0x00000010   Zero   RW          740    .bss                tsk_statusled.o
    0x20000234   0x00000018   Zero   RW          741    .bss                tsk_statusled.o
    0x2000024c   0x00000020   Zero   RW          911    .bss                rtx_conf_cm.o
    0x2000026c   0x00000144   Zero   RW          912    .bss                rtx_conf_cm.o
    0x200003b0   0x00001410   Zero   RW          913    .bss                rtx_conf_cm.o
    0x200017c0   0x00000598   Zero   RW          914    .bss                rtx_conf_cm.o
    0x20001d58   0x00000084   Zero   RW          915    .bss                rtx_conf_cm.o
    0x20001ddc   0x00000018   Zero   RW          916    .bss                rtx_conf_cm.o
    0x20001df4   0x00000034   Zero   RW         1635    .bss                RTX_CM3.lib(rt_task.o)
    0x20001e28   0x00000030   Zero   RW         1855    .bss                RTX_CM3.lib(rt_list.o)
    0x20001e58   0x00000400   Zero   RW          962    STACK               startup_stm32f10x_md.o


==============================================================================

Image component sizes


      Code (inc. data)   RO Data    RW Data    ZI Data      Debug   Object Name

       384         26          0          0         10       1591   adc_manager.o
       140          8          0          0          0       2180   dac_manager.o
       120          8          0          1          0       1312   getline.o
       164         20         64          0          0       1664   main.o
       184         12          0          0          0     271169   misc.o
        10          0          0          0          0        449   nvic_manager.o
        96          0          0          0          0        580   rcc_manager.o
        28          6         68         28       7080       7218   rtx_conf_cm.o
       140          8          0          8          0       1603   sensortesting.o
       528         22          0         12        256       2554   serial.o
       460         20          0          0          0       1131   spi_manager.o
        36          8        236          0       1024        812   startup_stm32f10x_md.o
       904         24          0          0          0      11865   stm32f10x_adc.o
       284          4          0          0          0       3866   stm32f10x_dac.o
       488         10          0          0          0       4830   stm32f10x_dma.o
      1188         22          0          0          0       9102   stm32f10x_flash.o
       664         36          0          0          0       6253   stm32f10x_gpio.o
       164          6          0          0          0      10998   stm32f10x_it.o
       756         32          0         20          0       9376   stm32f10x_rcc.o
       692         12          0          0          0       7186   stm32f10x_spi.o
       924         20          0          0          0       9212   stm32f10x_usart.o
       372         34          0         20          0       1927   system_stm32f10x.o
       176         18          0          4         20       1386   tsk_adc1monitor.o
       476         92        320         12         90       2712   tsk_serialinterface.o
       780         16          4         16         40       4626   tsk_statusled.o
       224         14          0          0          0       1201   usart_manager.o

    ----------------------------------------------------------------------
     10384        478        734        124       8524     376803   Object Totals
         0          0         32          0          0          0   (incl. Generated)
         2          0         10          3          4          0   (incl. Padding)

    ----------------------------------------------------------------------

      Code (inc. data)   RO Data    RW Data    ZI Data      Debug   Library Member Name

       238         24          0          1          0       3256   hal_cm.o
       304         36          0          0          0        760   hal_cm3.o
      1684        200          0          8          0      41799   rt_cmsis.o
       300         24          0          0          0       3143   rt_event.o
       530         34          0          0         48       8165   rt_list.o
       550         10          0          0          0       3897   rt_mailbox.o
       140          0          0          0          0       1901   rt_membox.o
       128          0          0          0          0       2275   rt_memory.o
       336         12          0          0          0       2057   rt_mutex.o
        96         22          0          8          0       1134   rt_robin.o
        52          4          0          0          0        565   rt_semaphore.o
       298         52          0          8          0       6151   rt_system.o
      1216        174          0          8         52       9545   rt_task.o
         6          0          0          4          0        636   rt_time.o
         4          4          0          0          0        200   svc_table.o
        56          8          0          0          0         84   __0sscanf.o
        28          0          0          0          0         68   _chval.o
       812          4          0          0          0        112   _scanf.o
       332          0          0          0          0         96   _scanf_int.o
       224          0          0          0          0         96   _scanf_str.o
        64          0          0          0          0         84   _sgetc.o
        40          6         64          0          0         68   ctype_c.o
         0          0          0          0          0          0   entry.o
         0          0          0          0          0          0   entry10a.o
         0          0          0          0          0          0   entry11a.o
         8          4          0          0          0          0   entry2.o
         4          0          0          0          0          0   entry5.o
         0          0          0          0          0          0   entry7b.o
         0          0          0          0          0          0   entry8b.o
        30          0          0          0          0          0   handlers.o
        36          8          0          0          0         68   init.o
        10          0          0          0          0         68   isspace_c.o
         0          0          0          0          0          0   iusefp.o
        30          0          0          0          0         68   llshl.o
        36          0          0          0          0         68   llsshr.o
        32          0          0          0          0         68   llushr.o
      2226         90          0          0          0        444   printfa.o
         4          0          0          0          0         68   putc.o
        40          8          0          0          0         84   scanf_char.o
         0          0          0          4          0          0   stdout.o
        12          0          0          0          0         68   toupper.o
        44          0          0          0          0         80   uidiv.o
        98          0          0          0          0         92   uldiv.o
        48          0          0          0          0         68   cdrcmple.o
       334          0          0          0          0        148   dadd.o
       222          0          0          0          0        100   ddiv.o
       186          0          0          0          0        176   depilogue.o
        48          0          0          0          0         68   dfixul.o
        26          0          0          0          0         76   dfltui.o
       228          0          0          0          0         96   dmul.o
       110          0          0          0          0        168   fepilogue.o
        10          0          0          0          0         68   ffltui.o

    ----------------------------------------------------------------------
     11292        724         66         44        100      88236   Library Totals
        32          0          2          3          0          0   (incl. Padding)

    ----------------------------------------------------------------------

      Code (inc. data)   RO Data    RW Data    ZI Data      Debug   Library Name

      5882        596          0         37        100      85484   RTX_CM3.lib
      4166        128         64          4          0       1784   mc_w.l
      1212          0          0          0          0        968   mf_w.l

    ----------------------------------------------------------------------
     11292        724         66         44        100      88236   Library Totals

    ----------------------------------------------------------------------

==============================================================================


      Code (inc. data)   RO Data    RW Data    ZI Data      Debug   

     21676       1202        800        168       8624     456143   Grand Totals
     21676       1202        800        168       8624     456143   ELF Image Totals
     21676       1202        800        168          0          0   ROM Totals

==============================================================================

    Total RO  Size (Code + RO Data)                22476 (  21.95kB)
    Total RW  Size (RW Data + ZI Data)              8792 (   8.59kB)
    Total ROM Size (Code + RO Data + RW Data)      22644 (  22.11kB)

==============================================================================

