Component: ARM Compiler 5.05 (build 41) Tool: armlink [4d0eb9]

==============================================================================

Section Cross References

    stm32f10x_adc.o(.text) refers to stm32f10x_rcc.o(.text) for RCC_APB2PeriphResetCmd
    stm32f10x_can.o(.text) refers to stm32f10x_rcc.o(.text) for RCC_APB1PeriphResetCmd
    stm32f10x_gpio.o(.text) refers to stm32f10x_rcc.o(.text) for RCC_APB2PeriphResetCmd
    stm32f10x_it.o(.text) refers to stm32f10x_dma.o(.text) for DMA_GetFlagStatus
    stm32f10x_it.o(.text) refers to rt_cmsis.o(i.osSignalSet) for osSignalSet
    stm32f10x_it.o(.text) refers to tsk_adc1monitor.o(.data) for tidADC1Monitor
    stm32f10x_i2c.o(.text) refers to stm32f10x_rcc.o(.text) for RCC_APB1PeriphResetCmd
    stm32f10x_rcc.o(.text) refers to stm32f10x_rcc.o(.data) for .data
    stm32f10x_tim.o(.text) refers to stm32f10x_rcc.o(.text) for RCC_APB1PeriphResetCmd
    stm32f10x_spi.o(.text) refers to stm32f10x_rcc.o(.text) for RCC_APB2PeriphResetCmd
    stm32f10x_usart.o(.text) refers to stm32f10x_rcc.o(.text) for RCC_APB2PeriphResetCmd
    nvic_manager.o(.text) refers to misc.o(.text) for NVIC_SetVectorTable
    rcc_manager.o(.text) refers to stm32f10x_rcc.o(.text) for RCC_DeInit
    rcc_manager.o(.text) refers to stm32f10x_flash.o(.text) for FLASH_PrefetchBufferCmd
    spi_manager.o(.text) refers to stm32f10x_rcc.o(.text) for RCC_APB1PeriphClockCmd
    spi_manager.o(.text) refers to stm32f10x_gpio.o(.text) for GPIO_Init
    spi_manager.o(.text) refers to stm32f10x_spi.o(.text) for SPI_Init
    jtag_manager.o(.text) refers to stm32f10x_rcc.o(.text) for RCC_APB2PeriphClockCmd
    jtag_manager.o(.text) refers to stm32f10x_gpio.o(.text) for GPIO_PinRemapConfig
    buzzer_manager.o(.text) refers to stm32f10x_rcc.o(.text) for RCC_APB2PeriphClockCmd
    buzzer_manager.o(.text) refers to stm32f10x_gpio.o(.text) for GPIO_Init
    adc_manager.o(.text) refers to stm32f10x_rcc.o(.text) for RCC_ADCCLKConfig
    adc_manager.o(.text) refers to stm32f10x_gpio.o(.text) for GPIO_Init
    adc_manager.o(.text) refers to misc.o(.text) for NVIC_Init
    adc_manager.o(.text) refers to stm32f10x_adc.o(.text) for ADC_DeInit
    adc_manager.o(.text) refers to stm32f10x_dma.o(.text) for DMA_DeInit
    adc_manager.o(.text) refers to adc_manager.o(.bss) for .bss
    tsk_adc1monitor.o(.text) refers to adc_manager.o(.text) for ADC1_Configuration
    tsk_adc1monitor.o(.text) refers to stm32f10x_dma.o(.text) for DMA_Cmd
    tsk_adc1monitor.o(.text) refers to stm32f10x_adc.o(.text) for ADC_SoftwareStartConvCmd
    tsk_adc1monitor.o(.text) refers to rt_cmsis.o(i.osSignalWait) for osSignalWait
    tsk_adc1monitor.o(.text) refers to ffltui.o(.text) for __aeabi_ui2f
    tsk_adc1monitor.o(.text) refers to adc_manager.o(.bss) for ADC_Channels
    tsk_adc1monitor.o(.text) refers to tsk_adc1monitor.o(.bss) for .bss
    usart_manager.o(.text) refers to stm32f10x_rcc.o(.text) for RCC_APB2PeriphClockCmd
    usart_manager.o(.text) refers to stm32f10x_gpio.o(.text) for GPIO_Init
    usart_manager.o(.text) refers to misc.o(.text) for NVIC_Init
    usart_manager.o(.text) refers to stm32f10x_usart.o(.text) for USART_Init
    serial.o(.text) refers to rt_cmsis.o(i.osThreadGetId) for osThreadGetId
    serial.o(.text) refers to rt_cmsis.o(i.osSignalClear) for osSignalClear
    serial.o(.text) refers to rt_cmsis.o(i.osSignalWait) for osSignalWait
    serial.o(.text) refers to stm32f10x_usart.o(.text) for USART_GetITStatus
    serial.o(.text) refers to rt_cmsis.o(i.osSignalSet) for osSignalSet
    serial.o(.text) refers to serial.o(.data) for .data
    serial.o(.text) refers to serial.o(.bss) for .bss
    getline.o(.text) refers to serial.o(.text) for GetKey
    getline.o(.text) refers to putc.o(i.putc) for putc
    getline.o(.text) refers to getline.o(.data) for .data
    getline.o(.text) refers to stdout.o(.data) for __stdout
    tsk_serialinterface.o(.text) refers to _scanf_str.o(.text) for _scanf_string
    tsk_serialinterface.o(.text) refers to _scanf_int.o(.text) for _scanf_int
    tsk_serialinterface.o(.text) refers to scanf_fp.o(.text) for _scanf_real
    tsk_serialinterface.o(.text) refers to rt_cmsis.o(i.osDelay) for osDelay
    tsk_serialinterface.o(.text) refers to serial.o(.text) for GetKey
    tsk_serialinterface.o(.text) refers to rt_cmsis.o(i.osThreadTerminate) for osThreadTerminate
    tsk_serialinterface.o(.text) refers to memcpya.o(.text) for __aeabi_memcpy4
    tsk_serialinterface.o(.text) refers to usart_manager.o(.text) for USART_Configuration
    tsk_serialinterface.o(.text) refers to getline.o(.text) for getline
    tsk_serialinterface.o(.text) refers to __0sscanf.o(.text) for __0sscanf
    tsk_serialinterface.o(.text) refers to toupper.o(.text) for toupper
    tsk_serialinterface.o(.text) refers to powermanager.o(.text) for Power_Ctrl
    tsk_serialinterface.o(.text) refers to jtag_manager.o(.text) for JTAG_Ctrl
[...]
    TIM_ClearOC4Ref                          0x0800a0e5   Thumb Code    20  stm32f10x_tim.o(.text)
    TIM_OC1PolarityConfig                    0x0800a0f9   Thumb Code    12  stm32f10x_tim.o(.text)
    TIM_OC1NPolarityConfig                   0x0800a105   Thumb Code    12  stm32f10x_tim.o(.text)
    TIM_OC2PolarityConfig                    0x0800a111   Thumb Code    20  stm32f10x_tim.o(.text)
    TIM_OC2NPolarityConfig                   0x0800a125   Thumb Code    20  stm32f10x_tim.o(.text)
    TIM_OC3PolarityConfig                    0x0800a139   Thumb Code    20  stm32f10x_tim.o(.text)
    TIM_OC3NPolarityConfig                   0x0800a14d   Thumb Code    20  stm32f10x_tim.o(.text)
    TIM_OC4PolarityConfig                    0x0800a161   Thumb Code    20  stm32f10x_tim.o(.text)
    TIM_CCxCmd                               0x0800a175   Thumb Code    22  stm32f10x_tim.o(.text)
    TIM_CCxNCmd                              0x0800a18b   Thumb Code    22  stm32f10x_tim.o(.text)
    TIM_SelectOCxM                           0x0800a1a1   Thumb Code    70  stm32f10x_tim.o(.text)
    TIM_UpdateDisableConfig                  0x0800a1e7   Thumb Code    20  stm32f10x_tim.o(.text)
    TIM_UpdateRequestConfig                  0x0800a1fb   Thumb Code    20  stm32f10x_tim.o(.text)
    TIM_SelectHallSensor                     0x0800a20f   Thumb Code    20  stm32f10x_tim.o(.text)
    TIM_SelectOnePulseMode                   0x0800a223   Thumb Code    16  stm32f10x_tim.o(.text)
    TIM_SelectOutputTrigger                  0x0800a233   Thumb Code    16  stm32f10x_tim.o(.text)
    TIM_SelectSlaveMode                      0x0800a243   Thumb Code    16  stm32f10x_tim.o(.text)
    TIM_SelectMasterSlaveMode                0x0800a253   Thumb Code    16  stm32f10x_tim.o(.text)
    TIM_SetCounter                           0x0800a263   Thumb Code     4  stm32f10x_tim.o(.text)
    TIM_SetAutoreload                        0x0800a267   Thumb Code     4  stm32f10x_tim.o(.text)
    TIM_SetCompare1                          0x0800a26b   Thumb Code     4  stm32f10x_tim.o(.text)
    TIM_SetCompare2                          0x0800a26f   Thumb Code     4  stm32f10x_tim.o(.text)
    TIM_SetCompare3                          0x0800a273   Thumb Code     4  stm32f10x_tim.o(.text)
    TIM_SetCompare4                          0x0800a277   Thumb Code     6  stm32f10x_tim.o(.text)
    TIM_SetClockDivision                     0x0800a27d   Thumb Code    16  stm32f10x_tim.o(.text)
    TIM_GetCapture1                          0x0800a28d   Thumb Code     4  stm32f10x_tim.o(.text)
    TIM_GetCapture2                          0x0800a291   Thumb Code     4  stm32f10x_tim.o(.text)
    TIM_GetCapture3                          0x0800a295   Thumb Code     4  stm32f10x_tim.o(.text)
    TIM_GetCapture4                          0x0800a299   Thumb Code     6  stm32f10x_tim.o(.text)
    TIM_GetCounter                           0x0800a29f   Thumb Code     4  stm32f10x_tim.o(.text)
    TIM_GetPrescaler                         0x0800a2a3   Thumb Code     4  stm32f10x_tim.o(.text)
    TIM_GetFlagStatus                        0x0800a2a7   Thumb Code    14  stm32f10x_tim.o(.text)
    TIM_ClearFlag                            0x0800a2b5   Thumb Code     6  stm32f10x_tim.o(.text)
    TIM_GetITStatus                          0x0800a2bb   Thumb Code    24  stm32f10x_tim.o(.text)
    TIM_ClearITPendingBit                    0x0800a2d3   Thumb Code     6  stm32f10x_tim.o(.text)
    SPI_I2S_DeInit                           0x0800a2d9   Thumb Code    72  stm32f10x_spi.o(.text)
    SPI_Init                                 0x0800a321   Thumb Code    56  stm32f10x_spi.o(.text)
    I2S_Init                                 0x0800a359   Thumb Code   152  stm32f10x_spi.o(.text)
    SPI_StructInit                           0x0800a3f1   Thumb Code    24  stm32f10x_spi.o(.text)
    I2S_StructInit                           0x0800a409   Thumb Code    18  stm32f10x_spi.o(.text)
    SPI_Cmd                                  0x0800a41b   Thumb Code    20  stm32f10x_spi.o(.text)
    I2S_Cmd                                  0x0800a42f   Thumb Code    20  stm32f10x_spi.o(.text)
    SPI_I2S_ITConfig                         0x0800a443   Thumb Code    24  stm32f10x_spi.o(.text)
    SPI_I2S_DMACmd                           0x0800a45b   Thumb Code    16  stm32f10x_spi.o(.text)
    SPI_I2S_SendData                         0x0800a46b   Thumb Code     4  stm32f10x_spi.o(.text)
    SPI_I2S_ReceiveData                      0x0800a46f   Thumb Code     4  stm32f10x_spi.o(.text)
    SPI_NSSInternalSoftwareConfig            0x0800a473   Thumb Code    24  stm32f10x_spi.o(.text)
    SPI_SSOutputCmd                          0x0800a48b   Thumb Code    20  stm32f10x_spi.o(.text)
    SPI_DataSizeConfig                       0x0800a49f   Thumb Code    16  stm32f10x_spi.o(.text)
    SPI_TransmitCRC                          0x0800a4af   Thumb Code    10  stm32f10x_spi.o(.text)
    SPI_CalculateCRC                         0x0800a4b9   Thumb Code    20  stm32f10x_spi.o(.text)
    SPI_GetCRC                               0x0800a4cd   Thumb Code    12  stm32f10x_spi.o(.text)
    SPI_GetCRCPolynomial                     0x0800a4d9   Thumb Code     4  stm32f10x_spi.o(.text)
    SPI_BiDirectionalLineConfig              0x0800a4dd   Thumb Code    22  stm32f10x_spi.o(.text)
    SPI_I2S_GetFlagStatus                    0x0800a4f3   Thumb Code    14  stm32f10x_spi.o(.text)
    SPI_I2S_ClearFlag                        0x0800a501   Thumb Code     6  stm32f10x_spi.o(.text)
    SPI_I2S_GetITStatus                      0x0800a507   Thumb Code    42  stm32f10x_spi.o(.text)
    SPI_I2S_ClearITPendingBit                0x0800a531   Thumb Code    14  stm32f10x_spi.o(.text)
    USART_DeInit                             0x0800a54d   Thumb Code    96  stm32f10x_usart.o(.text)
    USART_Init                               0x0800a5ad   Thumb Code   166  stm32f10x_usart.o(.text)
    USART_StructInit                         0x0800a653   Thumb Code    22  stm32f10x_usart.o(.text)
    USART_ClockInit                          0x0800a669   Thumb Code    30  stm32f10x_usart.o(.text)
    USART_ClockStructInit                    0x0800a687   Thumb Code    12  stm32f10x_usart.o(.text)
    USART_Cmd                                0x0800a693   Thumb Code    20  stm32f10x_usart.o(.text)
    USART_ITConfig                           0x0800a6a7   Thumb Code    48  stm32f10x_usart.o(.text)
    USART_DMACmd                             0x0800a6d7   Thumb Code    16  stm32f10x_usart.o(.text)
    USART_SetAddress                         0x0800a6e7   Thumb Code    16  stm32f10x_usart.o(.text)
    USART_WakeUpConfig                       0x0800a6f7   Thumb Code    16  stm32f10x_usart.o(.text)
    USART_ReceiverWakeUpCmd                  0x0800a707   Thumb Code    20  stm32f10x_usart.o(.text)
    USART_LINBreakDetectLengthConfig         0x0800a71b   Thumb Code    16  stm32f10x_usart.o(.text)
    USART_LINCmd                             0x0800a72b   Thumb Code    20  stm32f10x_usart.o(.text)
    USART_SendData                           0x0800a73f   Thumb Code     8  stm32f10x_usart.o(.text)
    USART_ReceiveData                        0x0800a747   Thumb Code     8  stm32f10x_usart.o(.text)
    USART_SendBreak                          0x0800a74f   Thumb Code    10  stm32f10x_usart.o(.text)
    USART_SetGuardTime                       0x0800a759   Thumb Code    16  stm32f10x_usart.o(.text)
    USART_SetPrescaler                       0x0800a769   Thumb Code    16  stm32f10x_usart.o(.text)
    USART_SmartCardCmd                       0x0800a779   Thumb Code    20  stm32f10x_usart.o(.text)
    USART_SmartCardNACKCmd                   0x0800a78d   Thumb Code    20  stm32f10x_usart.o(.text)
    USART_HalfDuplexCmd                      0x0800a7a1   Thumb Code    20  stm32f10x_usart.o(.text)
    USART_OverSampling8Cmd                   0x0800a7b5   Thumb Code    20  stm32f10x_usart.o(.text)
    USART_OneBitMethodCmd                    0x0800a7c9   Thumb Code    20  stm32f10x_usart.o(.text)
    USART_IrDAConfig                         0x0800a7dd   Thumb Code    16  stm32f10x_usart.o(.text)
    USART_IrDACmd                            0x0800a7ed   Thumb Code    20  stm32f10x_usart.o(.text)
    USART_GetFlagStatus                      0x0800a801   Thumb Code    14  stm32f10x_usart.o(.text)
    USART_ClearFlag                          0x0800a80f   Thumb Code     6  stm32f10x_usart.o(.text)
    USART_GetITStatus                        0x0800a815   Thumb Code    62  stm32f10x_usart.o(.text)
    USART_ClearITPendingBit                  0x0800a853   Thumb Code    12  stm32f10x_usart.o(.text)
    NVIC_Configuration                       0x0800a875   Thumb Code    10  nvic_manager.o(.text)
    RCC_Configuration                        0x0800a881   Thumb Code    98  rcc_manager.o(.text)
    init_SPI_RCC                             0x0800a8e5   Thumb Code    26  spi_manager.o(.text)
    init_SPI_GPIO                            0x0800a8ff   Thumb Code   280  spi_manager.o(.text)
    SPI_Configuration                        0x0800aa17   Thumb Code   142  spi_manager.o(.text)
    JTAG_Ctrl                                0x0800aab9   Thumb Code    30  jtag_manager.o(.text)
    gpioBuzzer                               0x0800aadd   Thumb Code    40  buzzer_manager.o(.text)
    Buzzer_Ctrl                              0x0800ab05   Thumb Code    32  buzzer_manager.o(.text)
    rccADC                                   0x0800ab29   Thumb Code    32  adc_manager.o(.text)
    gpioADC                                  0x0800ab49   Thumb Code    74  adc_manager.o(.text)
    ADC1_Configuration                       0x0800ab93   Thumb Code   252  adc_manager.o(.text)
    TSK_ADC1Monitor                          0x0800aca9   Thumb Code   152  tsk_adc1monitor.o(.text)
    USART_RCC                                0x0800ad51   Thumb Code     8  usart_manager.o(.text)
    USART_GPIO_Pins                          0x0800ad59   Thumb Code    54  usart_manager.o(.text)
    USART_NVIC                               0x0800ad8f   Thumb Code    32  usart_manager.o(.text)
    USART_Configuration                      0x0800adaf   Thumb Code    86  usart_manager.o(.text)
    fputc                                    0x0800ae05   Thumb Code    30  usart_manager.o(.text)
    SendChar                                 0x0800ae31   Thumb Code    86  serial.o(.text)
    GetKey                                   0x0800ae87   Thumb Code    50  serial.o(.text)
    USART1_IRQHandler                        0x0800aeb9   Thumb Code   130  serial.o(.text)
    USART2_IRQHandler                        0x0800af3b   Thumb Code   128  serial.o(.text)
    USART3_IRQHandler                        0x0800afbb   Thumb Code   128  serial.o(.text)
    getline                                  0x0800b051   Thumb Code   116  getline.o(.text)
    TSK_StopReporting                        0x0800b0cd   Thumb Code    34  tsk_serialinterface.o(.text)
    TSK_SerialInterface                      0x0800b0ef   Thumb Code  5844  tsk_serialinterface.o(.text)
    GPIOPower                                0x0800c8e5   Thumb Code    66  tsk_powermanager.o(.text)
    TSK_ResetPower                           0x0800c927   Thumb Code   100  tsk_powermanager.o(.text)
    Power_Ctrl                               0x0800c995   Thumb Code    32  powermanager.o(.text)
    init_EXT_LED_Mutex                       0x0800c9b9   Thumb Code    20  tsk_statusled.o(.text)
    EXT_LED_InitGPIO                         0x0800c9cd   Thumb Code    26  tsk_statusled.o(.text)
    EXT_LED_addGPIO                          0x0800c9e7   Thumb Code    64  tsk_statusled.o(.text)
    statusGPIO                               0x0800ca27   Thumb Code    38  tsk_statusled.o(.text)
    EXT_LED_Ctrl                             0x0800ca4d   Thumb Code    68  tsk_statusled.o(.text)
    EXT_LED_Err_Seq                          0x0800ca91   Thumb Code    84  tsk_statusled.o(.text)
    TSK_LED_Seq                              0x0800cae5   Thumb Code   372  tsk_statusled.o(.text)
    TSK_StatusLed                            0x0800cc59   Thumb Code    28  tsk_statusled.o(.text)
    init_Status_mutex                        0x0800cc85   Thumb Code    20  status_manager.o(.text)
    Update_Error_Status                      0x0800cc99   Thumb Code    76  status_manager.o(.text)
    Read_Error_Status                        0x0800cce5   Thumb Code    44  status_manager.o(.text)
    init                                     0x0800cd19   Thumb Code   136  main.o(.text)
    main                                     0x0800cda1   Thumb Code    64  main.o(.text)
    PID_DefaultSettings                      0x0800cdfd   Thumb Code    32  pid_manager.o(.text)
    PID_SetCoefficients                      0x0800ce1d   Thumb Code    28  pid_manager.o(.text)
    PID_SetSetPoint                          0x0800ce39   Thumb Code    12  pid_manager.o(.text)
    PID_ReadSetPoint                         0x0800ce45   Thumb Code    22  pid_manager.o(.text)
    PID_Calculate                            0x0800ce5b   Thumb Code   184  pid_manager.o(.text)
    TEC_InitGPIO                             0x0800cf35   Thumb Code    26  thermal_utility.o(.text)
    TEC_addGPIO                              0x0800cf4f   Thumb Code   114  thermal_utility.o(.text)
    Round                                    0x0800cfc1   Thumb Code    66  thermal_utility.o(.text)
    TEC_GetPt1000Temp                        0x0800d003   Thumb Code    64  thermal_utility.o(.text)
    Voltage                                  0x0800d043   Thumb Code    24  thermal_utility.o(.text)
    TEC_ReadTemperatures                     0x0800d05b   Thumb Code   112  thermal_utility.o(.text)
    TEC_LedControl                           0x0800d0cb   Thumb Code   132  thermal_utility.o(.text)
    TEC_Initialise                           0x0800d14f   Thumb Code    50  thermal_utility.o(.text)
    TEC_OutPutCtrl                           0x0800d181   Thumb Code    46  thermal_utility.o(.text)
    TEC_ActivateZones                        0x0800d1af   Thumb Code    26  thermal_utility.o(.text)
    TEC_UpdateStatus                         0x0800d1c9   Thumb Code    74  thermal_utility.o(.text)
    TEC_DeActivateZones                      0x0800d213   Thumb Code    58  thermal_utility.o(.text)
    Default_TempParam                        0x0800d24d   Thumb Code    20  thermal_utility.o(.text)
    TEC_GradOffset                           0x0800d261   Thumb Code   118  thermal_utility.o(.text)
    TEC_SetPWMOutputs                        0x0800d2d7   Thumb Code   194  thermal_utility.o(.text)
    TEC_CheckSetpointDrift                   0x0800d399   Thumb Code   226  thermal_utility.o(.text)
    TEC_PeltierVoltages                      0x0800d47b   Thumb Code   102  thermal_utility.o(.text)
    PeltierCurrent                           0x0800d4e1   Thumb Code    36  thermal_utility.o(.text)
    TEC_RTDErrCheck                          0x0800d505   Thumb Code   158  thermal_utility.o(.text)
    TEC_ReadStatus                           0x0800d5a3   Thumb Code    90  thermal_utility.o(.text)
    TEC_PWMDuty                              0x0800d5fd   Thumb Code    90  thermal_utility.o(.text)
    Read_TempParam                           0x0800d657   Thumb Code    26  thermal_utility.o(.text)
    Store_TempParam                          0x0800d671   Thumb Code    26  thermal_utility.o(.text)
    gpioPWM                                  0x0800d6d1   Thumb Code    32  timer_manager.o(.text)
    rccPWM                                   0x0800d6f1   Thumb Code    22  timer_manager.o(.text)
    PWM_Configuration                        0x0800d707   Thumb Code   104  timer_manager.o(.text)
    updateDuty                               0x0800d76f   Thumb Code     8  timer_manager.o(.text)
    TSK_ThermalControl                       0x0800d785   Thumb Code    92  tsk_thermalcontrol.o(.text)
    SPI_Data                                 0x0800d7e5   Thumb Code   288  rdx_optoflash.o(.text)
    gpioOptoFlash                            0x0800d905   Thumb Code   184  rdx_optoflash.o(.text)
    gpioLED280                               0x0800d9bd   Thumb Code    64  rdx_optoflash.o(.text)
    gpioHalogen                              0x0800d9fd   Thumb Code    38  rdx_optoflash.o(.text)
    gpioBoardLevel                           0x0800da23   Thumb Code    62  rdx_optoflash.o(.text)
    selectOptoFlashChannel                   0x0800da61   Thumb Code    52  rdx_optoflash.o(.text)
    CalculateTransmittance                   0x0800da95   Thumb Code    30  rdx_optoflash.o(.text)
    calculateAbsorbance                      0x0800dab3   Thumb Code    44  rdx_optoflash.o(.text)
    readADC                                  0x0800dadf   Thumb Code   218  rdx_optoflash.o(.text)
    Pot_Value                                0x0800dbb9   Thumb Code   152  rdx_optoflash.o(.text)
    OptoFlash_Value                          0x0800dc51   Thumb Code   162  rdx_optoflash.o(.text)
    ReadLight                                0x0800dcf3   Thumb Code    16  rdx_optoflash.o(.text)
    ReadReference                            0x0800dd03   Thumb Code   154  rdx_optoflash.o(.text)
    SetReference                             0x0800dd9d   Thumb Code   230  rdx_optoflash.o(.text)
    ReadSample                               0x0800de83   Thumb Code   172  rdx_optoflash.o(.text)
    ClearChannel                             0x0800df2f   Thumb Code    46  rdx_optoflash.o(.text)
    CheckLight                               0x0800df5d   Thumb Code    36  rdx_optoflash.o(.text)
    CheckTransAbsorb                         0x0800df81   Thumb Code    56  rdx_optoflash.o(.text)
    Set_Pot_Resis                            0x0800dfb9   Thumb Code    58  rdx_optoflash.o(.text)
    Read_Pot_Resis                           0x0800dff3   Thumb Code    14  rdx_optoflash.o(.text)
    LED_280_Ctrl                             0x0800e001   Thumb Code    32  rdx_optoflash.o(.text)
    LED_280_Select                           0x0800e021   Thumb Code    26  rdx_optoflash.o(.text)
    Halogen_Ctrl                             0x0800e03b   Thumb Code    90  rdx_optoflash.o(.text)
    Board_Level                              0x0800e095   Thumb Code   108  rdx_optoflash.o(.text)
    Dig_Pot_Reset                            0x0800e101   Thumb Code    10  rdx_optoflash.o(.text)
    GPIO_CapacitiveSensorConfig              0x0800e129   Thumb Code    66  capacitivesensor_manager.o(.text)
    CapacitiveSensorIsActive                 0x0800e16b   Thumb Code    16  capacitivesensor_manager.o(.text)
    init_dSpin_RCC                           0x0800e181   Thumb Code     8  rdx_dspin_config.o(.text)
    init_dSpin_GPIO                          0x0800e189   Thumb Code    74  rdx_dspin_config.o(.text)
    init_dSpin_default_Config                0x0800e1d3   Thumb Code    72  rdx_dspin_config.o(.text)
    init_Send_Config                         0x0800e21b   Thumb Code   256  rdx_dspin_config.o(.text)
    init_dSpin_Config                        0x0800e31b   Thumb Code    26  rdx_dspin_config.o(.text)
    dSpin_Configuration                      0x0800e335   Thumb Code    46  rdx_dspin_config.o(.text)
    dSpin_Write_Byte                         0x0800e375   Thumb Code   190  rdx_dspin_utility.o(.text)
    getNoBytes                               0x0800e433   Thumb Code    88  rdx_dspin_utility.o(.text)
    dSpin_GetStatus                          0x0800e48b   Thumb Code    42  rdx_dspin_utility.o(.text)
    dSpin_SetParam                           0x0800e4b5   Thumb Code    90  rdx_dspin_utility.o(.text)
    dSpin_Get_Param                          0x0800e50f   Thumb Code   106  rdx_dspin_utility.o(.text)
    dSpin_SendCommand                        0x0800e579   Thumb Code   234  rdx_dspin_utility.o(.text)
    dSpin_ClearMultiCommand                  0x0800e663   Thumb Code    10  rdx_dspin_utility.o(.text)
    dSpin_ExeMultiCommand                    0x0800e66d   Thumb Code   230  rdx_dspin_utility.o(.text)
    dSpin_Busy_Sw                            0x0800e753   Thumb Code    78  rdx_dspin_utility.o(.text)
    dSpin_WaitOnMotor                        0x0800e7a1   Thumb Code   118  rdx_dspin_utility.o(.text)
    HIH_MeasurementRequest                   0x0800e835   Thumb Code    22  hih_manager.o(.text)
    HIH_DataFetch                            0x0800e84b   Thumb Code     8  hih_manager.o(.text)
    HIH_getData                              0x0800e853   Thumb Code   244  hih_manager.o(.text)
    HIH_getHumidity                          0x0800e947   Thumb Code    76  hih_manager.o(.text)
    HIH_getTemperature                       0x0800e993   Thumb Code    80  hih_manager.o(.text)
    HIH_getStatus                            0x0800e9e3   Thumb Code    22  hih_manager.o(.text)
    HIH_CommandMode                          0x0800e9f9   Thumb Code    54  hih_manager.o(.text)
    HIH_ReadEEPROM                           0x0800ea2f   Thumb Code    54  hih_manager.o(.text)
    HIH_getCMData                            0x0800ea65   Thumb Code   102  hih_manager.o(.text)
    HIH_setAlarmHighOn                       0x0800eacb   Thumb Code    62  hih_manager.o(.text)
    HIH_setAlarmHighOff                      0x0800eb09   Thumb Code    62  hih_manager.o(.text)
    HIH_setAlarmLowOn                        0x0800eb47   Thumb Code    62  hih_manager.o(.text)
    HIH_setAlarmLowOff                       0x0800eb85   Thumb Code    62  hih_manager.o(.text)
    HIH_setAddressAlarm                      0x0800ebc3   Thumb Code    62  hih_manager.o(.text)
    GPIOI2C_Config                           0x0800ec21   Thumb Code    38  i2c_manager.o(.text)
    I2C_Configuration                        0x0800ec47   Thumb Code    76  i2c_manager.o(.text)
    I2C_WaitSensorStandbyState               0x0800ec93   Thumb Code    72  i2c_manager.o(.text)
    I2C_Start                                0x0800ecdb   Thumb Code    94  i2c_manager.o(.text)
    I2C_Read_Byte                            0x0800ed39   Thumb Code    36  i2c_manager.o(.text)
    I2C_Read_Last_Byte                       0x0800ed5d   Thumb Code    46  i2c_manager.o(.text)
    I2C_Write                                0x0800ed8b   Thumb Code    40  i2c_manager.o(.text)
    I2C_Stop                                 0x0800edb3   Thumb Code     6  i2c_manager.o(.text)
    WaitOnPump                               0x0800edd1   Thumb Code    56  pump_manager.o(.text)
    Pump_Aspirate                            0x0800ee09   Thumb Code   162  pump_manager.o(.text)
    Stop_Pump                                0x0800eeab   Thumb Code    24  pump_manager.o(.text)
    Pump_Reverse_Aspirate                    0x0800eec3   Thumb Code   142  pump_manager.o(.text)
    GPIO_PressureSensorConfig                0x0800ef69   Thumb Code    38  px26_manager.o(.text)
    PX26_getPressure                         0x0800ef8f   Thumb Code    24  px26_manager.o(.text)
    PX26_monitorPressure                     0x0800efa7   Thumb Code   418  px26_manager.o(.text)
    PX26_initialPressure                     0x0800f149   Thumb Code   102  px26_manager.o(.text)
    os_idle_demon                            0x0800f231   Thumb Code     2  rtx_conf_cm.o(.text)
    os_error                                 0x0800f233   Thumb Code     2  rtx_conf_cm.o(.text)
    Reset_Handler                            0x0800f235   Thumb Code     8  startup_stm32f10x_xl.o(.text)
    CAN1_RX1_IRQHandler                      0x0800f24f   Thumb Code     0  startup_stm32f10x_xl.o(.text)
    CAN1_SCE_IRQHandler                      0x0800f24f   Thumb Code     0  startup_stm32f10x_xl.o(.text)
    TIM1_BRK_TIM9_IRQHandler                 0x0800f24f   Thumb Code     0  startup_stm32f10x_xl.o(.text)
    TIM1_TRG_COM_TIM11_IRQHandler            0x0800f24f   Thumb Code     0  startup_stm32f10x_xl.o(.text)
    TIM1_UP_TIM10_IRQHandler                 0x0800f24f   Thumb Code     0  startup_stm32f10x_xl.o(.text)
    TIM8_BRK_TIM12_IRQHandler                0x0800f24f   Thumb Code     0  startup_stm32f10x_xl.o(.text)
    TIM8_TRG_COM_TIM14_IRQHandler            0x0800f24f   Thumb Code     0  startup_stm32f10x_xl.o(.text)
    TIM8_UP_TIM13_IRQHandler                 0x0800f24f   Thumb Code     0  startup_stm32f10x_xl.o(.text)
    USB_HP_CAN1_TX_IRQHandler                0x0800f24f   Thumb Code     0  startup_stm32f10x_xl.o(.text)
    SystemInit                               0x0800f2f9   Thumb Code    62  system_stm32f10x.o(.text)
    SystemCoreClockUpdate                    0x0800f337   Thumb Code    84  system_stm32f10x.o(.text)
    __aeabi_uldivmod                         0x0800f3b1   Thumb Code    98  uldiv.o(.text)
    toupper                                  0x0800f413   Thumb Code    12  toupper.o(.text)
    __aeabi_memcpy                           0x0800f41f   Thumb Code    36  memcpya.o(.text)
    __aeabi_memcpy4                          0x0800f41f   Thumb Code     0  memcpya.o(.text)
    __aeabi_memcpy8                          0x0800f41f   Thumb Code     0  memcpya.o(.text)
    __0sscanf                                0x0800f445   Thumb Code    48  __0sscanf.o(.text)
    _scanf_int                               0x0800f47d   Thumb Code   332  _scanf_int.o(.text)
    _scanf_string                            0x0800f5c9   Thumb Code   224  _scanf_str.o(.text)
    _scanf_real                              0x0800f7a9   Thumb Code     0  scanf_fp.o(.text)
    _scanf_really_real                       0x0800f7a9   Thumb Code   556  scanf_fp.o(.text)
    __aeabi_fadd                             0x0800f9e1   Thumb Code   164  fadd.o(.text)
    __aeabi_fsub                             0x0800fa85   Thumb Code     6  fadd.o(.text)
    __aeabi_frsub                            0x0800fa8b   Thumb Code     6  fadd.o(.text)
    __aeabi_fmul                             0x0800fa91   Thumb Code   100  fmul.o(.text)
    __aeabi_fdiv                             0x0800faf5   Thumb Code   124  fdiv.o(.text)
    __ARM_scalbnf                            0x0800fb71   Thumb Code    24  fscalb.o(.text)
    scalbnf                                  0x0800fb71   Thumb Code     0  fscalb.o(.text)
    __aeabi_dadd                             0x0800fb89   Thumb Code   322  dadd.o(.text)
    __aeabi_dsub                             0x0800fccb   Thumb Code     6  dadd.o(.text)
    __aeabi_drsub                            0x0800fcd1   Thumb Code     6  dadd.o(.text)
    __aeabi_dmul                             0x0800fcd7   Thumb Code   228  dmul.o(.text)
    __aeabi_ddiv                             0x0800fdbb   Thumb Code   222  ddiv.o(.text)
    __ARM_scalbn                             0x0800fe99   Thumb Code    46  dscalb.o(.text)
    scalbn                                   0x0800fe99   Thumb Code     0  dscalb.o(.text)
    __aeabi_i2f                              0x0800fec7   Thumb Code    18  fflti.o(.text)
    __aeabi_ui2f                             0x0800fed9   Thumb Code    10  ffltui.o(.text)
    __aeabi_i2d                              0x0800fee3   Thumb Code    34  dflti.o(.text)
    __aeabi_ui2d                             0x0800ff05   Thumb Code    26  dfltui.o(.text)
    __aeabi_f2iz                             0x0800ff1f   Thumb Code    50  ffixi.o(.text)
    __aeabi_d2iz                             0x0800ff51   Thumb Code    62  dfixi.o(.text)
    __aeabi_d2uiz                            0x0800ff8f   Thumb Code    50  dfixui.o(.text)
    __aeabi_f2d                              0x0800ffc1   Thumb Code    38  f2d.o(.text)
    __aeabi_cdcmpeq                          0x0800ffe9   Thumb Code     0  cdcmple.o(.text)
    __aeabi_cdcmple                          0x0800ffe9   Thumb Code    48  cdcmple.o(.text)
    __aeabi_cdrcmple                         0x08010019   Thumb Code    48  cdrcmple.o(.text)
    __aeabi_d2f                              0x08010049   Thumb Code    56  d2f.o(.text)
    __aeabi_cfcmpeq                          0x08010081   Thumb Code     0  cfcmple.o(.text)
    __aeabi_cfcmple                          0x08010081   Thumb Code    20  cfcmple.o(.text)
    __aeabi_cfrcmple                         0x08010095   Thumb Code    20  cfrcmple.o(.text)
    __aeabi_uidiv                            0x080100a9   Thumb Code     0  uidiv.o(.text)
    __aeabi_uidivmod                         0x080100a9   Thumb Code    44  uidiv.o(.text)
    __aeabi_llsl                             0x080100d5   Thumb Code    30  llshl.o(.text)
    _ll_shift_l                              0x080100d5   Thumb Code     0  llshl.o(.text)
    __aeabi_llsr                             0x080100f3   Thumb Code    32  llushr.o(.text)
    _ll_ushift_r                             0x080100f3   Thumb Code     0  llushr.o(.text)
    __aeabi_lasr                             0x08010113   Thumb Code    36  llsshr.o(.text)
    _ll_sshift_r                             0x08010113   Thumb Code     0  llsshr.o(.text)
    _chval                                   0x08010137   Thumb Code    28  _chval.o(.text)
    __vfscanf_char                           0x08010161   Thumb Code    20  scanf_char.o(.text)
    _sgetc                                   0x0801017d   Thumb Code    30  _sgetc.o(.text)
    _sbackspace                              0x0801019b   Thumb Code    34  _sgetc.o(.text)
    __I$use$fp                               0x080101bd   Thumb Code     0  iusefp.o(.text)
    _float_round                             0x080101bd   Thumb Code    18  fepilogue.o(.text)
    _float_epilogue                          0x080101cf   Thumb Code    92  fepilogue.o(.text)
    _double_round                            0x0801022b   Thumb Code    30  depilogue.o(.text)
    _double_epilogue                         0x08010249   Thumb Code   156  depilogue.o(.text)
    _dsqrt                                   0x080102e5   Thumb Code   162  dsqrt.o(.text)
    __aeabi_ul2d                             0x08010387   Thumb Code    24  dfltul.o(.text)
    __aeabi_d2ulz                            0x0801039f   Thumb Code    48  dfixul.o(.text)
    __scatterload                            0x080103d1   Thumb Code    28  init.o(.text)
    __scatterload_rt2                        0x080103d1   Thumb Code     0  init.o(.text)
    isspace                                  0x080103f5   Thumb Code    10  isspace_c.o(.text)
    __vfscanf                                0x08010401   Thumb Code   808  _scanf.o(.text)
    __ctype_lookup                           0x0801072d   Thumb Code    34  ctype_c.o(.text)
    SVC_Count                                0x08010754   Data           4  svc_table.o(SVC_TABLE)
    SVC_Table                                0x08010758   Data           0  svc_table.o(SVC_TABLE)
    __0printf                                0x08010759   Thumb Code    22  printfa.o(i.__0printf)
    __1printf                                0x08010759   Thumb Code     0  printfa.o(i.__0printf)
    __2printf                                0x08010759   Thumb Code     0  printfa.o(i.__0printf)
    __c89printf                              0x08010759   Thumb Code     0  printfa.o(i.__0printf)
    printf                                   0x08010759   Thumb Code     0  printfa.o(i.__0printf)
    __ARM_fpclassify                         0x08010779   Thumb Code    40  fpclassify.o(i.__ARM_fpclassify)
    __kernel_poly                            0x080107a1   Thumb Code   170  poly.o(i.__kernel_poly)
    __mathlib_dbl_divzero                    0x0801084d   Thumb Code    12  dunder.o(i.__mathlib_dbl_divzero)
    __mathlib_dbl_infnan                     0x0801085d   Thumb Code     6  dunder.o(i.__mathlib_dbl_infnan)
    __mathlib_dbl_infnan2                    0x08010863   Thumb Code     4  dunder.o(i.__mathlib_dbl_infnan2)
    __mathlib_dbl_invalid                    0x08010867   Thumb Code    12  dunder.o(i.__mathlib_dbl_invalid)
    __mathlib_dbl_overflow                   0x08010873   Thumb Code    14  dunder.o(i.__mathlib_dbl_overflow)
    __mathlib_dbl_underflow                  0x08010881   Thumb Code    10  dunder.o(i.__mathlib_dbl_underflow)
    __scatterload_copy                       0x08010891   Thumb Code    14  handlers.o(i.__scatterload_copy)
    __scatterload_null                       0x0801089f   Thumb Code     2  handlers.o(i.__scatterload_null)
    __scatterload_zeroinit                   0x080108a1   Thumb Code    14  handlers.o(i.__scatterload_zeroinit)
    __set_errno                              0x080108b1   Thumb Code     6  errno.o(i.__set_errno)
    _init_box                                0x08010a21   Thumb Code    70  rt_membox.o(i._init_box)
    _is_digit                                0x08010a67   Thumb Code    14  scanf_fp.o(i._is_digit)
    dbg_init                                 0x080111a5   Thumb Code    34  hal_cm.o(i.dbg_init)
    dbg_task_notify                          0x080111d5   Thumb Code    32  hal_cm.o(i.dbg_task_notify)
    dbg_task_switch                          0x080111f5   Thumb Code    16  hal_cm.o(i.dbg_task_switch)
    floor                                    0x08011205   Thumb Code   204  floor.o(i.floor)
    isrMessageGet                            0x080112e1   Thumb Code    42  rt_cmsis.o(i.isrMessageGet)
    isrMessagePut                            0x0801130b   Thumb Code    44  rt_cmsis.o(i.isrMessagePut)
    isrSignalSet                             0x08011337   Thumb Code    36  rt_cmsis.o(i.isrSignalSet)
    isr_evt_set                              0x0801135d   Thumb Code    34  rt_event.o(i.isr_evt_set)
    isr_mbx_receive                          0x08011385   Thumb Code    82  rt_mailbox.o(i.isr_mbx_receive)
    isr_mbx_send                             0x080113d7   Thumb Code    14  rt_mailbox.o(i.isr_mbx_send)
    log                                      0x080113e5   Thumb Code   808  log.o(i.log)
    log10                                    0x08011741   Thumb Code   198  log10.o(i.log10)
    osDelay                                  0x08011825   Thumb Code    18  rt_cmsis.o(i.osDelay)
    osKernelInitialize                       0x0801183d   Thumb Code    30  rt_cmsis.o(i.osKernelInitialize)
    osKernelStart                            0x08011861   Thumb Code    98  rt_cmsis.o(i.osKernelStart)
    osMessageGet                             0x080118cd   Thumb Code    18  rt_cmsis.o(i.osMessageGet)
    osMutexCreate                            0x080118e5   Thumb Code    38  rt_cmsis.o(i.osMutexCreate)
    osMutexRelease                           0x08011915   Thumb Code    18  rt_cmsis.o(i.osMutexRelease)
    osMutexWait                              0x0801192d   Thumb Code    18  rt_cmsis.o(i.osMutexWait)
    osSignalClear                            0x08011945   Thumb Code    20  rt_cmsis.o(i.osSignalClear)
    osSignalSet                              0x0801195d   Thumb Code    18  rt_cmsis.o(i.osSignalSet)
    osSignalWait                             0x08011975   Thumb Code    18  rt_cmsis.o(i.osSignalWait)
    osThreadCreate                           0x0801198d   Thumb Code    38  rt_cmsis.o(i.osThreadCreate)
    osThreadExit                             0x080119bd   Thumb Code    14  rt_cmsis.o(i.osThreadExit)
    osThreadGetId                            0x080119d5   Thumb Code    18  rt_cmsis.o(i.osThreadGetId)
    osThreadTerminate                        0x080119ed   Thumb Code    18  rt_cmsis.o(i.osThreadTerminate)
    osTimerCall                              0x08011a05   Thumb Code     8  rt_cmsis.o(i.osTimerCall)
    osTimerThread                            0x08011a11   Thumb Code    38  rt_cmsis.o(i.osTimerThread)
    os_tick_init                             0x08011a3d   Thumb Code    32  rt_system.o(i.os_tick_init)
    os_tick_irqack                           0x08011a65   Thumb Code     2  rt_system.o(i.os_tick_irqack)
    pow                                      0x08011a69   Thumb Code  2478  pow.o(i.pow)
    putc                                     0x08012421   Thumb Code     4  putc.o(i.putc)
    rt_alloc_box                             0x08012425   Thumb Code    26  rt_membox.o(i.rt_alloc_box)
    rt_alloc_mem                             0x0801243f   Thumb Code    62  rt_memory.o(i.rt_alloc_mem)
    rt_block                                 0x0801247d   Thumb Code    48  rt_task.o(i.rt_block)
    rt_chk_robin                             0x080124b5   Thumb Code    60  rt_robin.o(i.rt_chk_robin)
    rt_dec_dly                               0x080124fd   Thumb Code   102  rt_list.o(i.rt_dec_dly)
    rt_dispatch                              0x0801256d   Thumb Code    60  rt_task.o(i.rt_dispatch)
    rt_dly_wait                              0x080125b1   Thumb Code     6  rt_time.o(i.rt_dly_wait)
    rt_evt_clr                               0x080125b9   Thumb Code    22  rt_event.o(i.rt_evt_clr)
    rt_evt_psh                               0x080125d5   Thumb Code    76  rt_event.o(i.rt_evt_psh)
    rt_evt_set                               0x08012625   Thumb Code    88  rt_event.o(i.rt_evt_set)
    rt_evt_wait                              0x08012681   Thumb Code    56  rt_event.o(i.rt_evt_wait)
    rt_free_box                              0x080126bd   Thumb Code    32  rt_membox.o(i.rt_free_box)
    rt_free_mem                              0x080126dd   Thumb Code    40  rt_memory.o(i.rt_free_mem)
    rt_get_first                             0x08012705   Thumb Code    40  rt_list.o(i.rt_get_first)
    rt_init_mem                              0x0801277d   Thumb Code    26  rt_memory.o(i.rt_init_mem)
    rt_init_robin                            0x08012799   Thumb Code    14  rt_robin.o(i.rt_init_robin)
    rt_init_stack                            0x080127b1   Thumb Code   118  hal_cm.o(i.rt_init_stack)
    rt_mbx_check                             0x08012831   Thumb Code     8  rt_mailbox.o(i.rt_mbx_check)
    rt_mbx_init                              0x08012839   Thumb Code    26  rt_mailbox.o(i.rt_mbx_init)
    rt_mbx_psh                               0x08012855   Thumb Code   236  rt_mailbox.o(i.rt_mbx_psh)
    rt_mbx_wait                              0x08012945   Thumb Code   174  rt_mailbox.o(i.rt_mbx_wait)
    rt_mut_init                              0x08012a35   Thumb Code    16  rt_mutex.o(i.rt_mut_init)
    rt_mut_release                           0x08012a45   Thumb Code   208  rt_mutex.o(i.rt_mut_release)
    rt_mut_wait                              0x08012b1d   Thumb Code   100  rt_mutex.o(i.rt_mut_wait)
    rt_pop_req                               0x08012b85   Thumb Code   112  rt_system.o(i.rt_pop_req)
    rt_psh_req                               0x08012c01   Thumb Code    22  rt_system.o(i.rt_psh_req)
    rt_psq_enq                               0x08012c21   Thumb Code    88  rt_list.o(i.rt_psq_enq)
    rt_put_dly                               0x08012c7d   Thumb Code    68  rt_list.o(i.rt_put_dly)
    rt_put_prio                              0x08012cc5   Thumb Code    54  rt_list.o(i.rt_put_prio)
    rt_put_rdy_first                         0x08012cfd   Thumb Code    14  rt_list.o(i.rt_put_rdy_first)
    rt_resort_prio                           0x08012d11   Thumb Code    46  rt_list.o(i.rt_resort_prio)
    rt_ret_val                               0x08012d45   Thumb Code     6  hal_cm.o(i.rt_ret_val)
    rt_ret_val2                              0x08012d4b   Thumb Code     8  hal_cm.o(i.rt_ret_val2)
    rt_rmv_dly                               0x08012d53   Thumb Code    40  rt_list.o(i.rt_rmv_dly)
    rt_rmv_list                              0x08012d7d   Thumb Code    44  rt_list.o(i.rt_rmv_list)
    rt_sem_psh                               0x08012dad   Thumb Code    48  rt_semaphore.o(i.rt_sem_psh)
    rt_stk_check                             0x08012de1   Thumb Code    28  rt_system.o(i.rt_stk_check)
    rt_switch_req                            0x08012e05   Thumb Code    30  rt_task.o(i.rt_switch_req)
    rt_sys_init                              0x08012e2d   Thumb Code   138  rt_task.o(i.rt_sys_init)
    rt_sys_start                             0x08012ef9   Thumb Code   110  rt_task.o(i.rt_sys_start)
    rt_systick                               0x08012f71   Thumb Code    50  rt_system.o(i.rt_systick)
    rt_tsk_create                            0x08012ff9   Thumb Code   112  rt_task.o(i.rt_tsk_create)
    rt_tsk_delete                            0x08013079   Thumb Code   342  rt_task.o(i.rt_tsk_delete)
    rt_tsk_prio                              0x080131ed   Thumb Code   108  rt_task.o(i.rt_tsk_prio)
    rt_tsk_self                              0x08013269   Thumb Code    12  rt_task.o(i.rt_tsk_self)
    sqrt                                     0x08013279   Thumb Code    76  sqrt.o(i.sqrt)
    svcDelay                                 0x080132c5   Thumb Code    20  rt_cmsis.o(i.svcDelay)
    svcKernelInitialize                      0x080132d9   Thumb Code    80  rt_cmsis.o(i.svcKernelInitialize)
    svcKernelStart                           0x08013349   Thumb Code    62  rt_cmsis.o(i.svcKernelStart)
    svcMessageCreate                         0x08013391   Thumb Code    36  rt_cmsis.o(i.svcMessageCreate)
    svcMessageGet                            0x080133b5   Thumb Code    58  rt_cmsis.o(i.svcMessageGet)
    svcMutexCreate                           0x080133ef   Thumb Code    28  rt_cmsis.o(i.svcMutexCreate)
    svcMutexRelease                          0x0801340b   Thumb Code    34  rt_cmsis.o(i.svcMutexRelease)
    svcMutexWait                             0x0801342d   Thumb Code    54  rt_cmsis.o(i.svcMutexWait)
    svcSignalClear                           0x08013463   Thumb Code    36  rt_cmsis.o(i.svcSignalClear)
    svcSignalSet                             0x08013487   Thumb Code    36  rt_cmsis.o(i.svcSignalSet)
    svcSignalWait                            0x080134ad   Thumb Code    80  rt_cmsis.o(i.svcSignalWait)
    svcThreadCreate                          0x08013501   Thumb Code   100  rt_cmsis.o(i.svcThreadCreate)
    svcThreadGetId                           0x08013571   Thumb Code    22  rt_cmsis.o(i.svcThreadGetId)
    svcThreadTerminate                       0x0801358d   Thumb Code    50  rt_cmsis.o(i.svcThreadTerminate)
    svcTimerCall                             0x080135c5   Thumb Code    24  rt_cmsis.o(i.svcTimerCall)
    sysTimerTick                             0x080135dd   Thumb Code    84  rt_cmsis.o(i.sysTimerTick)
    PCB_Revision                             0x08013638   Data           2  tsk_serialinterface.o(.constdata)
    ProjectCode                              0x0801363a   Data           4  tsk_serialinterface.o(.constdata)
    PCB_Drawing_No                           0x0801363e   Data           4  tsk_serialinterface.o(.constdata)
    Firmware_Version                         0x08013642   Data           6  tsk_serialinterface.o(.constdata)
    os_mutex_def_EXT_LED_Mutex               0x080136e8   Data           4  tsk_statusled.o(.constdata)
    os_mutex_def_Status_Mutex                0x080136ec   Data           4  status_manager.o(.constdata)
    os_maxtaskrun                            0x08013750   Data           2  rtx_conf_cm.o(.constdata)
    os_stackinfo                             0x08013754   Data           4  rtx_conf_cm.o(.constdata)
    os_rrobin                                0x08013758   Data           4  rtx_conf_cm.o(.constdata)
    os_trv                                   0x0801375c   Data           4  rtx_conf_cm.o(.constdata)
    os_flags                                 0x08013760   Data           1  rtx_conf_cm.o(.constdata)
    CMSIS_RTOS_API_Version                   0x08013764   Data           4  rtx_conf_cm.o(.constdata)
    CMSIS_RTOS_RTX_Version                   0x08013768   Data           4  rtx_conf_cm.o(.constdata)
    os_clockrate                             0x0801376c   Data           4  rtx_conf_cm.o(.constdata)
    os_timernum                              0x08013770   Data           4  rtx_conf_cm.o(.constdata)
    mp_tcb_size                              0x08013774   Data           2  rtx_conf_cm.o(.constdata)
    mp_stk_size                              0x08013778   Data           4  rtx_conf_cm.o(.constdata)
    os_stack_sz                              0x0801377c   Data           4  rtx_conf_cm.o(.constdata)
    os_fifo_size                             0x08013780   Data           1  rtx_conf_cm.o(.constdata)
    os_thread_def_osTimerThread              0x08013784   Data          16  rtx_conf_cm.o(.constdata)
    os_messageQ_def_osTimerMessageQ          0x08013794   Data           8  rtx_conf_cm.o(.constdata)
    mp_tmr_size                              0x0801379c   Data           2  rtx_conf_cm.o(.constdata)
    __mathlib_zero                           0x08013860   Data           8  qnan.o(.constdata)
    __ctype_categories                       0x08013868   Data          64  ctype_c.o(.constdata)
    Region$$Table$$Base                      0x080138a8   Number         0  anon$$obj.o(Region$$Table)
    Region$$Table$$Limit                     0x080138c8   Number         0  anon$$obj.o(Region$$Table)
    tidADC1Monitor                           0x20000014   Data           4  tsk_adc1monitor.o(.data)
    wr_task                                  0x2000001c   Data           4  serial.o(.data)
    rd_task                                  0x20000020   Data           4  serial.o(.data)
    ECHO_ON                                  0x20000024   Data           1  getline.o(.data)
    StopReportFlag                           0x20000028   Data           1  tsk_serialinterface.o(.data)
    firstTime                                0x20000029   Data           1  tsk_serialinterface.o(.data)
    tidStopReporting                         0x2000002c   Data           4  tsk_serialinterface.o(.data)
    tidSerialInterface                       0x20000030   Data           4  tsk_serialinterface.o(.data)
    tidPowerManager                          0x20000034   Data           4  tsk_powermanager.o(.data)
    EXT_LED_Mutex_Initialised                0x20000038   Data           1  tsk_statusled.o(.data)
    BitLEDs1                                 0x20000039   Data           1  tsk_statusled.o(.data)
    State1                                   0x2000003a   Data           1  tsk_statusled.o(.data)
    ExecuteState                             0x2000003b   Data           1  tsk_statusled.o(.data)
    LED_mutex_id                             0x2000003c   Data           4  tsk_statusled.o(.data)
    tidLEDSeq                                0x20000040   Data           4  tsk_statusled.o(.data)
    tidStatusLed                             0x20000044   Data           4  tsk_statusled.o(.data)
    MuxInitialised                           0x20000048   Data           1  status_manager.o(.data)
    Err_Status                               0x2000004c   Data           4  status_manager.o(.data)
    mutex_Status_id                          0x20000050   Data           4  status_manager.o(.data)
    errorStatus                              0x20000058   Data           2  thermal_utility.o(.data)
    warningStatus                            0x2000005a   Data           2  thermal_utility.o(.data)
    grad                                     0x20000060   Data           8  thermal_utility.o(.data)
    offset                                   0x20000068   Data           8  thermal_utility.o(.data)
    TempF                                    0x20000070   Data           8  thermal_utility.o(.data)
    CCR_VAL                                  0x20000078   Data           4  timer_manager.o(.data)
    tidThermalControl                        0x2000007c   Data           4  tsk_thermalcontrol.o(.data)
    OptoFlashTruthTable                      0x20000080   Data          44  rdx_optoflash.o(.data)
    m_tmr                                    0x200000ac   Data           4  rtx_conf_cm.o(.data)
    os_thread_def_main                       0x200000b0   Data          16  rtx_conf_cm.o(.data)
    osThreadId_osTimerThread                 0x200000c0   Data           4  rtx_conf_cm.o(.data)
    osMessageQId_osTimerMessageQ             0x200000c4   Data           4  rtx_conf_cm.o(.data)
    SystemCoreClock                          0x200000c8   Data           4  system_stm32f10x.o(.data)
    AHBPrescTable                            0x200000cc   Data          16  system_stm32f10x.o(.data)
    os_initialized                           0x200000dc   Data           1  rt_cmsis.o(.data)
    os_running                               0x200000dd   Data           1  rt_cmsis.o(.data)
    os_timer_head                            0x200000e0   Data           4  rt_cmsis.o(.data)
    os_tsk                                   0x200000e4   Data           8  rt_task.o(.data)
    os_tick_irqn                             0x200000f0   Data           4  rt_system.o(.data)
    os_time                                  0x200000f4   Data           4  rt_time.o(.data)
    dbg_msg                                  0x200000f8   Data           1  hal_cm.o(.data)
    os_robin                                 0x200000fc   Data           8  rt_robin.o(.data)
    __stdout                                 0x20000104   Data           4  stdout.o(.data)
    ADC_Channels                             0x2000010c   Data          10  adc_manager.o(.bss)
    AvAdcValue                               0x20000118   Data          20  tsk_adc1monitor.o(.bss)
    szCmdline                                0x2000022c   Data          90  tsk_serialinterface.o(.bss)
    os_mutex_cb_EXT_LED_Mutex                0x20000288   Data          16  tsk_statusled.o(.bss)
    LEDPins                                  0x20000298   Data          24  tsk_statusled.o(.bss)
    os_mutex_cb_Status_Mutex                 0x200002b0   Data          16  status_manager.o(.bss)
    sPID                                     0x200002c0   Data          64  pid_manager.o(.bss)
    sTEC_Pins                                0x20000300   Data          20  thermal_utility.o(.bss)
    OtherPins                                0x20000314   Data          20  thermal_utility.o(.bss)
    sTEC                                     0x20000328   Data          20  thermal_utility.o(.bss)
    MUXPins                                  0x20000340   Data          32  rdx_optoflash.o(.bss)
    lightRead                                0x20000360   Data          22  rdx_optoflash.o(.bss)
    refRead                                  0x20000376   Data          22  rdx_optoflash.o(.bss)
    sampleRead                               0x2000038c   Data          22  rdx_optoflash.o(.bss)
    absReference                             0x200003a4   Data          44  rdx_optoflash.o(.bss)
    absSample                                0x200003d0   Data          44  rdx_optoflash.o(.bss)
    TransmitReference                        0x200003fc   Data          44  rdx_optoflash.o(.bss)
    TransmitSample                           0x20000428   Data          44  rdx_optoflash.o(.bss)
    Rpot                                     0x20000458   Data          88  rdx_optoflash.o(.bss)
    Dig_Pot                                  0x200004b0   Data          88  rdx_optoflash.o(.bss)
    dSPIN_RegsStruct                         0x20000508   Data          44  rdx_dspin_config.o(.bss)
    os_messageQ_q_osTimerMessageQ            0x20000534   Data          32  rtx_conf_cm.o(.bss)
    mp_tcb                                   0x20000554   Data         480  rtx_conf_cm.o(.bss)
    mp_stk                                   0x20000738   Data        8208  rtx_conf_cm.o(.bss)
    os_stack_mem                             0x20002748   Data        1432  rtx_conf_cm.o(.bss)
    os_fifo                                  0x20002ce0   Data         132  rtx_conf_cm.o(.bss)
    os_active_TCB                            0x20002d64   Data          36  rtx_conf_cm.o(.bss)
    os_idle_TCB                              0x20002d88   Data          52  rt_task.o(.bss)
    os_rdy                                   0x20002dbc   Data          24  rt_list.o(.bss)
    os_dly                                   0x20002dd4   Data          24  rt_list.o(.bss)
    __initial_sp                             0x200031f0   Data           0  startup_stm32f10x_xl.o(STACK)



==============================================================================

Memory Map of the image

  Image Entry point : 0x08008131

  Load Region LR_IROM1 (Base: 0x08008000, Size: 0x0000b9d4, Max: 0x00010000, ABSOLUTE)

    Execution Region ER_IROM1 (Base: 0x08008000, Size: 0x0000b8c8, Max: 0x00010000, ABSOLUTE)

    Base Addr    Size         Type   Attr      Idx    E Section Name        Object

    0x08008000   0x00000130   Data   RO         1401    RESET               startup_stm32f10x_xl.o
    0x08008130   0x00000000   Code   RO         2670  * .ARM.Collect$$$$00000000  mc_w.l(entry.o)
    0x08008130   0x00000004   Code   RO         3026    .ARM.Collect$$$$00000001  mc_w.l(entry2.o)
    0x08008134   0x00000004   Code   RO         3029    .ARM.Collect$$$$00000004  mc_w.l(entry5.o)
    0x08008138   0x00000000   Code   RO         3031    .ARM.Collect$$$$00000008  mc_w.l(entry7b.o)
    0x08008138   0x00000000   Code   RO         3033    .ARM.Collect$$$$0000000A  mc_w.l(entry8b.o)
    0x08008138   0x00000000   Code   RO         3034    .ARM.Collect$$$$0000000D  mc_w.l(entry10a.o)
    0x08008138   0x00000000   Code   RO         3036    .ARM.Collect$$$$0000000F  mc_w.l(entry11a.o)
    0x08008138   0x00000018   Code   RO         1346    .ARM.Collect$$$$000000FF  rtx_conf_cm.o
    0x08008150   0x00000004   Code   RO         3027    .ARM.Collect$$$$00002712  mc_w.l(entry2.o)
    0x08008154   0x00000130   Code   RO         2627    .emb_text           RTX_CM3.lib(hal_cm3.o)
    0x08008284   0x000000b0   Code   RO            4    .text               misc.o
    0x08008334   0x00000330   Code   RO           87    .text               stm32f10x_adc.o
    0x08008664   0x000001c8   Code   RO          135    .text               stm32f10x_dma.o
    0x0800882c   0x000006cc   Code   RO          183    .text               stm32f10x_flash.o
    0x08008ef8   0x0000026c   Code   RO          208    .text               stm32f10x_gpio.o
    0x08009164   0x000000a4   Code   RO          232    .text               stm32f10x_it.o
    0x08009208   0x00000328   Code   RO          274    .text               stm32f10x_i2c.o
    0x08009530   0x000002b4   Code   RO          301    .text               stm32f10x_rcc.o
    0x080097e4   0x00000af4   Code   RO          327    .text               stm32f10x_tim.o
    0x0800a2d8   0x00000274   Code   RO          352    .text               stm32f10x_spi.o
    0x0800a54c   0x00000328   Code   RO          376    .text               stm32f10x_usart.o
    0x0800a874   0x0000000a   Code   RO          403    .text               nvic_manager.o
    0x0800a87e   0x00000002   PAD
    0x0800a880   0x00000062   Code   RO          430    .text               rcc_manager.o
    0x0800a8e2   0x00000002   PAD
    0x0800a8e4   0x000001d4   Code   RO          457    .text               spi_manager.o
    0x0800aab8   0x00000024   Code   RO          485    .text               jtag_manager.o
    0x0800aadc   0x0000004c   Code   RO          523    .text               buzzer_manager.o
    0x0800ab28   0x00000180   Code   RO          557    .text               adc_manager.o
    0x0800aca8   0x000000a8   Code   RO          588    .text               tsk_adc1monitor.o
    0x0800ad50   0x000000e0   Code   RO          623    .text               usart_manager.o
    0x0800ae30   0x00000220   Code   RO          651    .text               serial.o
    0x0800b050   0x0000007c   Code   RO          681    .text               getline.o
    0x0800b0cc   0x00001818   Code   RO          699    .text               tsk_serialinterface.o
    0x0800c8e4   0x000000b0   Code   RO          805    .text               tsk_powermanager.o
    0x0800c994   0x00000024   Code   RO          835    .text               powermanager.o
    0x0800c9b8   0x000002cc   Code   RO          866    .text               tsk_statusled.o
    0x0800cc84   0x00000094   Code   RO          901    .text               status_manager.o
    0x0800cd18   0x000000e4   Code   RO          934    .text               main.o
    0x0800cdfc   0x00000138   Code   RO          982    .text               pid_manager.o
    0x0800cf34   0x0000079c   Code   RO         1020    .text               thermal_utility.o
    0x0800d6d0   0x000000b4   Code   RO         1058    .text               timer_manager.o
    0x0800d784   0x00000060   Code   RO         1089    .text               tsk_thermalcontrol.o
    0x0800d7e4   0x00000944   Code   RO         1119    .text               rdx_optoflash.o
    0x0800e128   0x00000058   Code   RO         1151    .text               capacitivesensor_manager.o
    0x0800e180   0x000001f4   Code   RO         1178    .text               rdx_dspin_config.o
    0x0800e374   0x000004c0   Code   RO         1212    .text               rdx_dspin_utility.o
    0x0800e834   0x000003ec   Code   RO         1237    .text               hih_manager.o
    0x0800ec20   0x000001b0   Code   RO         1265    .text               i2c_manager.o
    0x0800edd0   0x00000198   Code   RO         1293    .text               pump_manager.o
    0x0800ef68   0x000002c8   Code   RO         1321    .text               px26_manager.o
    0x0800f230   0x00000004   Code   RO         1347    .text               rtx_conf_cm.o
    0x0800f234   0x00000024   Code   RO         1402    .text               startup_stm32f10x_xl.o
    0x0800f258   0x00000158   Code   RO         1409    .text               system_stm32f10x.o
    0x0800f3b0   0x00000062   Code   RO         2676    .text               mc_w.l(uldiv.o)
    0x0800f412   0x0000000c   Code   RO         2678    .text               mc_w.l(toupper.o)
    0x0800f41e   0x00000024   Code   RO         2680    .text               mc_w.l(memcpya.o)
    0x0800f442   0x00000002   PAD
    0x0800f444   0x00000038   Code   RO         2945    .text               mc_w.l(__0sscanf.o)
    0x0800f47c   0x0000014c   Code   RO         2947    .text               mc_w.l(_scanf_int.o)
    0x0800f5c8   0x000000e0   Code   RO         2949    .text               mc_w.l(_scanf_str.o)
    0x0800f6a8   0x00000338   Code   RO         2951    .text               mc_w.l(scanf_fp.o)
    0x0800f9e0   0x000000b0   Code   RO         2955    .text               mf_w.l(fadd.o)
    0x0800fa90   0x00000064   Code   RO         2957    .text               mf_w.l(fmul.o)
    0x0800faf4   0x0000007c   Code   RO         2959    .text               mf_w.l(fdiv.o)
    0x0800fb70   0x00000018   Code   RO         2961    .text               mf_w.l(fscalb.o)
    0x0800fb88   0x0000014e   Code   RO         2963    .text               mf_w.l(dadd.o)
    0x0800fcd6   0x000000e4   Code   RO         2965    .text               mf_w.l(dmul.o)
    0x0800fdba   0x000000de   Code   RO         2967    .text               mf_w.l(ddiv.o)
    0x0800fe98   0x0000002e   Code   RO         2969    .text               mf_w.l(dscalb.o)
    0x0800fec6   0x00000012   Code   RO         2971    .text               mf_w.l(fflti.o)
    0x0800fed8   0x0000000a   Code   RO         2973    .text               mf_w.l(ffltui.o)
    0x0800fee2   0x00000022   Code   RO         2975    .text               mf_w.l(dflti.o)
    0x0800ff04   0x0000001a   Code   RO         2977    .text               mf_w.l(dfltui.o)
    0x0800ff1e   0x00000032   Code   RO         2979    .text               mf_w.l(ffixi.o)
    0x0800ff50   0x0000003e   Code   RO         2981    .text               mf_w.l(dfixi.o)
    0x0800ff8e   0x00000032   Code   RO         2983    .text               mf_w.l(dfixui.o)
    0x0800ffc0   0x00000026   Code   RO         2985    .text               mf_w.l(f2d.o)
    0x0800ffe6   0x00000002   PAD
    0x0800ffe8   0x00000030   Code   RO         2987    .text               mf_w.l(cdcmple.o)
    0x08010018   0x00000030   Code   RO         2989    .text               mf_w.l(cdrcmple.o)
    0x08010048   0x00000038   Code   RO         2991    .text               mf_w.l(d2f.o)
    0x08010080   0x00000014   Code   RO         2993    .text               mf_w.l(cfcmple.o)
    0x08010094   0x00000014   Code   RO         2995    .text               mf_w.l(cfrcmple.o)
    0x080100a8   0x0000002c   Code   RO         3038    .text               mc_w.l(uidiv.o)
    0x080100d4   0x0000001e   Code   RO         3040    .text               mc_w.l(llshl.o)
    0x080100f2   0x00000020   Code   RO         3042    .text               mc_w.l(llushr.o)
    0x08010112   0x00000024   Code   RO         3044    .text               mc_w.l(llsshr.o)
    0x08010136   0x0000001c   Code   RO         3053    .text               mc_w.l(_chval.o)
    0x08010152   0x00000002   PAD
    0x08010154   0x00000028   Code   RO         3055    .text               mc_w.l(scanf_char.o)
    0x0801017c   0x00000040   Code   RO         3057    .text               mc_w.l(_sgetc.o)
    0x080101bc   0x00000000   Code   RO         3059    .text               mc_w.l(iusefp.o)
    0x080101bc   0x0000006e   Code   RO         3060    .text               mf_w.l(fepilogue.o)
    0x0801022a   0x000000ba   Code   RO         3062    .text               mf_w.l(depilogue.o)
    0x080102e4   0x000000a2   Code   RO         3064    .text               mf_w.l(dsqrt.o)
    0x08010386   0x00000018   Code   RO         3066    .text               mf_w.l(dfltul.o)
    0x0801039e   0x00000030   Code   RO         3068    .text               mf_w.l(dfixul.o)
    0x080103ce   0x00000002   PAD
    0x080103d0   0x00000024   Code   RO         3070    .text               mc_w.l(init.o)
    0x080103f4   0x0000000a   Code   RO         3072    .text               mc_w.l(isspace_c.o)
    0x080103fe   0x00000002   PAD
    0x08010400   0x0000032c   Code   RO         3074    .text               mc_w.l(_scanf.o)
    0x0801072c   0x00000028   Code   RO         3076    .text               mc_w.l(ctype_c.o)
    0x08010754   0x00000004   Code   RO         2637    SVC_TABLE           RTX_CM3.lib(svc_table.o)
    0x08010758   0x00000020   Code   RO         2917    i.__0printf         mc_w.l(printfa.o)
    0x08010778   0x00000028   Code   RO         3011    i.__ARM_fpclassify  m_ws.l(fpclassify.o)
    0x080107a0   0x000000aa   Code   RO         3023    i.__kernel_poly     m_ws.l(poly.o)
    0x0801084a   0x00000002   PAD
    0x0801084c   0x00000010   Code   RO         2997    i.__mathlib_dbl_divzero  m_ws.l(dunder.o)
    0x0801085c   0x00000006   Code   RO         2998    i.__mathlib_dbl_infnan  m_ws.l(dunder.o)
    0x08010862   0x00000004   Code   RO         2999    i.__mathlib_dbl_infnan2  m_ws.l(dunder.o)
    0x08010866   0x0000000c   Code   RO         3000    i.__mathlib_dbl_invalid  m_ws.l(dunder.o)
    0x08010872   0x0000000e   Code   RO         3001    i.__mathlib_dbl_overflow  m_ws.l(dunder.o)
    0x08010880   0x00000010   Code   RO         3003    i.__mathlib_dbl_underflow  m_ws.l(dunder.o)
    0x08010890   0x0000000e   Code   RO         3081    i.__scatterload_copy  mc_w.l(handlers.o)
    0x0801089e   0x00000002   Code   RO         3082    i.__scatterload_null  mc_w.l(handlers.o)
    0x080108a0   0x0000000e   Code   RO         3083    i.__scatterload_zeroinit  mc_w.l(handlers.o)
    0x080108ae   0x00000002   PAD
    0x080108b0   0x0000000c   Code   RO         3048    i.__set_errno       mc_w.l(errno.o)
    0x080108bc   0x00000164   Code   RO         2924    i._fp_digits        mc_w.l(printfa.o)
    0x08010a20   0x00000046   Code   RO         2505    i._init_box         RTX_CM3.lib(rt_membox.o)
    0x08010a66   0x0000000e   Code   RO         2953    i._is_digit         mc_w.l(scanf_fp.o)
    0x08010a74   0x000006dc   Code   RO         2925    i._printf_core      mc_w.l(printfa.o)
    0x08011150   0x00000024   Code   RO         2926    i._printf_post_padding  mc_w.l(printfa.o)
    0x08011174   0x0000002e   Code   RO         2927    i._printf_pre_padding  mc_w.l(printfa.o)
    0x080111a2   0x00000002   PAD
    0x080111a4   0x00000030   Code   RO         2558    i.dbg_init          RTX_CM3.lib(hal_cm.o)
    0x080111d4   0x00000020   Code   RO         2559    i.dbg_task_notify   RTX_CM3.lib(hal_cm.o)
    0x080111f4   0x00000010   Code   RO         2560    i.dbg_task_switch   RTX_CM3.lib(hal_cm.o)
    0x08011204   0x000000dc   Code   RO         2641    i.floor             m_ws.l(floor.o)
    0x080112e0   0x0000002a   Code   RO         1439    i.isrMessageGet     RTX_CM3.lib(rt_cmsis.o)
    0x0801130a   0x0000002c   Code   RO         1440    i.isrMessagePut     RTX_CM3.lib(rt_cmsis.o)
    0x08011336   0x00000024   Code   RO         1442    i.isrSignalSet      RTX_CM3.lib(rt_cmsis.o)
    0x0801135a   0x00000002   PAD
    0x0801135c   0x00000028   Code   RO         2233    i.isr_evt_set       RTX_CM3.lib(rt_event.o)
    0x08011384   0x00000052   Code   RO         2351    i.isr_mbx_receive   RTX_CM3.lib(rt_mailbox.o)
    0x080113d6   0x0000000e   Code   RO         2352    i.isr_mbx_send      RTX_CM3.lib(rt_mailbox.o)
    0x080113e4   0x0000035c   Code   RO         3014    i.log               m_ws.l(log.o)
    0x08011740   0x000000e4   Code   RO         2645    i.log10             m_ws.l(log10.o)
    0x08011824   0x00000018   Code   RO         1443    i.osDelay           RTX_CM3.lib(rt_cmsis.o)
    0x0801183c   0x00000024   Code   RO         1444    i.osKernelInitialize  RTX_CM3.lib(rt_cmsis.o)
    0x08011860   0x0000006c   Code   RO         1446    i.osKernelStart     RTX_CM3.lib(rt_cmsis.o)
    0x080118cc   0x00000018   Code   RO         1455    i.osMessageGet      RTX_CM3.lib(rt_cmsis.o)
    0x080118e4   0x00000030   Code   RO         1457    i.osMutexCreate     RTX_CM3.lib(rt_cmsis.o)
    0x08011914   0x00000018   Code   RO         1459    i.osMutexRelease    RTX_CM3.lib(rt_cmsis.o)
    0x0801192c   0x00000018   Code   RO         1460    i.osMutexWait       RTX_CM3.lib(rt_cmsis.o)
    0x08011944   0x00000018   Code   RO         1469    i.osSignalClear     RTX_CM3.lib(rt_cmsis.o)
    0x0801195c   0x00000018   Code   RO         1470    i.osSignalSet       RTX_CM3.lib(rt_cmsis.o)
    0x08011974   0x00000018   Code   RO         1471    i.osSignalWait      RTX_CM3.lib(rt_cmsis.o)
    0x0801198c   0x00000030   Code   RO         1472    i.osThreadCreate    RTX_CM3.lib(rt_cmsis.o)
    0x080119bc   0x00000018   Code   RO         1473    i.osThreadExit      RTX_CM3.lib(rt_cmsis.o)
    0x080119d4   0x00000018   Code   RO         1474    i.osThreadGetId     RTX_CM3.lib(rt_cmsis.o)
    0x080119ec   0x00000018   Code   RO         1477    i.osThreadTerminate  RTX_CM3.lib(rt_cmsis.o)
    0x08011a04   0x0000000c   Code   RO         1479    i.osTimerCall       RTX_CM3.lib(rt_cmsis.o)
    0x08011a10   0x0000002c   Code   RO         1484    i.osTimerThread     RTX_CM3.lib(rt_cmsis.o)
    0x08011a3c   0x00000028   Code   RO         2143    i.os_tick_init      RTX_CM3.lib(rt_system.o)
    0x08011a64   0x00000002   Code   RO         2144    i.os_tick_irqack    RTX_CM3.lib(rt_system.o)
    0x08011a66   0x00000002   PAD
    0x08011a68   0x000009b8   Code   RO         2653    i.pow               m_ws.l(pow.o)
    0x08012420   0x00000004   Code   RO         2673    i.putc              mc_w.l(putc.o)
    0x08012424   0x0000001a   Code   RO         2506    i.rt_alloc_box      RTX_CM3.lib(rt_membox.o)
    0x0801243e   0x0000003e   Code   RO         2534    i.rt_alloc_mem      RTX_CM3.lib(rt_memory.o)
    0x0801247c   0x00000038   Code   RO         2058    i.rt_block          RTX_CM3.lib(rt_task.o)
    0x080124b4   0x00000048   Code   RO         2606    i.rt_chk_robin      RTX_CM3.lib(rt_robin.o)
    0x080124fc   0x00000070   Code   RO         2275    i.rt_dec_dly        RTX_CM3.lib(rt_list.o)
    0x0801256c   0x00000044   Code   RO         2059    i.rt_dispatch       RTX_CM3.lib(rt_task.o)
    0x080125b0   0x00000006   Code   RO         2441    i.rt_dly_wait       RTX_CM3.lib(rt_time.o)
    0x080125b6   0x00000002   PAD
    0x080125b8   0x0000001c   Code   RO         2234    i.rt_evt_clr        RTX_CM3.lib(rt_event.o)
    0x080125d4   0x00000050   Code   RO         2236    i.rt_evt_psh        RTX_CM3.lib(rt_event.o)
    0x08012624   0x0000005c   Code   RO         2237    i.rt_evt_set        RTX_CM3.lib(rt_event.o)
    0x08012680   0x0000003c   Code   RO         2238    i.rt_evt_wait       RTX_CM3.lib(rt_event.o)
    0x080126bc   0x00000020   Code   RO         2507    i.rt_free_box       RTX_CM3.lib(rt_membox.o)
    0x080126dc   0x00000028   Code   RO         2535    i.rt_free_mem       RTX_CM3.lib(rt_memory.o)
    0x08012704   0x00000028   Code   RO         2276    i.rt_get_first      RTX_CM3.lib(rt_list.o)
    0x0801272c   0x00000008   Code   RO         1489    i.rt_id2obj         RTX_CM3.lib(rt_cmsis.o)
    0x08012734   0x00000048   Code   RO         2060    i.rt_init_context   RTX_CM3.lib(rt_task.o)
    0x0801277c   0x0000001a   Code   RO         2536    i.rt_init_mem       RTX_CM3.lib(rt_memory.o)
    0x08012796   0x00000002   PAD
    0x08012798   0x00000018   Code   RO         2607    i.rt_init_robin     RTX_CM3.lib(rt_robin.o)
    0x080127b0   0x00000080   Code   RO         2561    i.rt_init_stack     RTX_CM3.lib(hal_cm.o)
    0x08012830   0x00000008   Code   RO         2353    i.rt_mbx_check      RTX_CM3.lib(rt_mailbox.o)
    0x08012838   0x0000001a   Code   RO         2354    i.rt_mbx_init       RTX_CM3.lib(rt_mailbox.o)
    0x08012852   0x00000002   PAD
    0x08012854   0x000000f0   Code   RO         2355    i.rt_mbx_psh        RTX_CM3.lib(rt_mailbox.o)
    0x08012944   0x000000b4   Code   RO         2357    i.rt_mbx_wait       RTX_CM3.lib(rt_mailbox.o)
    0x080129f8   0x0000003c   Code   RO         1490    i.rt_ms2tick        RTX_CM3.lib(rt_cmsis.o)
    0x08012a34   0x00000010   Code   RO         2475    i.rt_mut_init       RTX_CM3.lib(rt_mutex.o)
    0x08012a44   0x000000d8   Code   RO         2476    i.rt_mut_release    RTX_CM3.lib(rt_mutex.o)
    0x08012b1c   0x00000068   Code   RO         2477    i.rt_mut_wait       RTX_CM3.lib(rt_mutex.o)
    0x08012b84   0x0000007c   Code   RO         2147    i.rt_pop_req        RTX_CM3.lib(rt_system.o)
    0x08012c00   0x00000020   Code   RO         2148    i.rt_psh_req        RTX_CM3.lib(rt_system.o)
    0x08012c20   0x0000005c   Code   RO         2278    i.rt_psq_enq        RTX_CM3.lib(rt_list.o)
    0x08012c7c   0x00000048   Code   RO         2279    i.rt_put_dly        RTX_CM3.lib(rt_list.o)
    0x08012cc4   0x00000036   Code   RO         2280    i.rt_put_prio       RTX_CM3.lib(rt_list.o)
    0x08012cfa   0x00000002   PAD
    0x08012cfc   0x00000014   Code   RO         2281    i.rt_put_rdy_first  RTX_CM3.lib(rt_list.o)
    0x08012d10   0x00000034   Code   RO         2282    i.rt_resort_prio    RTX_CM3.lib(rt_list.o)
    0x08012d44   0x00000006   Code   RO         2562    i.rt_ret_val        RTX_CM3.lib(hal_cm.o)
    0x08012d4a   0x00000008   Code   RO         2563    i.rt_ret_val2       RTX_CM3.lib(hal_cm.o)
    0x08012d52   0x00000028   Code   RO         2283    i.rt_rmv_dly        RTX_CM3.lib(rt_list.o)
    0x08012d7a   0x00000002   PAD
    0x08012d7c   0x00000030   Code   RO         2284    i.rt_rmv_list       RTX_CM3.lib(rt_list.o)
    0x08012dac   0x00000034   Code   RO         2402    i.rt_sem_psh        RTX_CM3.lib(rt_semaphore.o)
    0x08012de0   0x00000024   Code   RO         2150    i.rt_stk_check      RTX_CM3.lib(rt_system.o)
    0x08012e04   0x00000028   Code   RO         2061    i.rt_switch_req     RTX_CM3.lib(rt_task.o)
    0x08012e2c   0x000000cc   Code   RO         2062    i.rt_sys_init       RTX_CM3.lib(rt_task.o)
    0x08012ef8   0x00000078   Code   RO         2063    i.rt_sys_start      RTX_CM3.lib(rt_task.o)
    0x08012f70   0x00000040   Code   RO         2152    i.rt_systick        RTX_CM3.lib(rt_system.o)
    0x08012fb0   0x00000012   Code   RO         1491    i.rt_tid2ptcb       RTX_CM3.lib(rt_cmsis.o)
    0x08012fc2   0x00000002   PAD
    0x08012fc4   0x00000034   Code   RO         1492    i.rt_timer_insert   RTX_CM3.lib(rt_cmsis.o)
    0x08012ff8   0x00000080   Code   RO         2064    i.rt_tsk_create     RTX_CM3.lib(rt_task.o)
    0x08013078   0x00000174   Code   RO         2065    i.rt_tsk_delete     RTX_CM3.lib(rt_task.o)
    0x080131ec   0x0000007c   Code   RO         2067    i.rt_tsk_prio       RTX_CM3.lib(rt_task.o)
    0x08013268   0x00000010   Code   RO         2068    i.rt_tsk_self       RTX_CM3.lib(rt_task.o)
    0x08013278   0x0000004c   Code   RO         2663    i.sqrt              m_ws.l(sqrt.o)
    0x080132c4   0x00000014   Code   RO         1494    i.svcDelay          RTX_CM3.lib(rt_cmsis.o)
    0x080132d8   0x00000070   Code   RO         1495    i.svcKernelInitialize  RTX_CM3.lib(rt_cmsis.o)
    0x08013348   0x00000048   Code   RO         1497    i.svcKernelStart    RTX_CM3.lib(rt_cmsis.o)
    0x08013390   0x00000024   Code   RO         1500    i.svcMessageCreate  RTX_CM3.lib(rt_cmsis.o)
    0x080133b4   0x0000003a   Code   RO         1501    i.svcMessageGet     RTX_CM3.lib(rt_cmsis.o)
    0x080133ee   0x0000001c   Code   RO         1503    i.svcMutexCreate    RTX_CM3.lib(rt_cmsis.o)
    0x0801340a   0x00000022   Code   RO         1505    i.svcMutexRelease   RTX_CM3.lib(rt_cmsis.o)
    0x0801342c   0x00000036   Code   RO         1506    i.svcMutexWait      RTX_CM3.lib(rt_cmsis.o)
    0x08013462   0x00000024   Code   RO         1512    i.svcSignalClear    RTX_CM3.lib(rt_cmsis.o)
    0x08013486   0x00000024   Code   RO         1513    i.svcSignalSet      RTX_CM3.lib(rt_cmsis.o)
    0x080134aa   0x00000002   PAD
    0x080134ac   0x00000054   Code   RO         1514    i.svcSignalWait     RTX_CM3.lib(rt_cmsis.o)
    0x08013500   0x00000070   Code   RO         1515    i.svcThreadCreate   RTX_CM3.lib(rt_cmsis.o)
    0x08013570   0x0000001c   Code   RO         1516    i.svcThreadGetId    RTX_CM3.lib(rt_cmsis.o)
    0x0801358c   0x00000038   Code   RO         1519    i.svcThreadTerminate  RTX_CM3.lib(rt_cmsis.o)
    0x080135c4   0x00000018   Code   RO         1521    i.svcTimerCall      RTX_CM3.lib(rt_cmsis.o)
    0x080135dc   0x0000005c   Code   RO         1530    i.sysTimerTick      RTX_CM3.lib(rt_cmsis.o)
    0x08013638   0x000000b0   Data   RO          701    .constdata          tsk_serialinterface.o
    0x080136e8   0x00000004   Data   RO          869    .constdata          tsk_statusled.o
    0x080136ec   0x00000004   Data   RO          903    .constdata          status_manager.o
    0x080136f0   0x00000060   Data   RO          935    .constdata          main.o
    0x08013750   0x00000002   Data   RO         1354    .constdata          rtx_conf_cm.o
    0x08013752   0x00000002   PAD
    0x08013754   0x00000004   Data   RO         1355    .constdata          rtx_conf_cm.o
    0x08013758   0x00000004   Data   RO         1356    .constdata          rtx_conf_cm.o
    0x0801375c   0x00000004   Data   RO         1360    .constdata          rtx_conf_cm.o
    0x08013760   0x00000001   Data   RO         1361    .constdata          rtx_conf_cm.o
    0x08013761   0x00000003   PAD
    0x08013764   0x00000010   Data   RO         1362    .constdata          rtx_conf_cm.o
    0x08013774   0x00000002   Data   RO         1363    .constdata          rtx_conf_cm.o
    0x08013776   0x00000002   PAD
    0x08013778   0x00000004   Data   RO         1364    .constdata          rtx_conf_cm.o
    0x0801377c   0x00000004   Data   RO         1365    .constdata          rtx_conf_cm.o
    0x08013780   0x00000001   Data   RO         1366    .constdata          rtx_conf_cm.o
    0x08013781   0x00000003   PAD
    0x08013784   0x00000010   Data   RO         1367    .constdata          rtx_conf_cm.o
    0x08013794   0x00000008   Data   RO         1368    .constdata          rtx_conf_cm.o
    0x0801379c   0x00000002   Data   RO         1369    .constdata          rtx_conf_cm.o
    0x0801379e   0x00000002   PAD
    0x080137a0   0x00000088   Data   RO         2654    .constdata          m_ws.l(pow.o)
    0x08013828   0x00000038   Data   RO         3015    .constdata          m_ws.l(log.o)
    0x08013860   0x00000008   Data   RO         3025    .constdata          m_ws.l(qnan.o)
    0x08013868   0x00000040   Data   RO         3077    .constdata          mc_w.l(ctype_c.o)
    0x080138a8   0x00000020   Data   RO         3079    Region$$Table       anon$$obj.o


    Execution Region RW_IRAM1 (Base: 0x20000000, Size: 0x000031f0, Max: 0x00018000, ABSOLUTE)

    Base Addr    Size         Type   Attr      Idx    E Section Name        Object

    0x20000000   0x00000014   Data   RW          302    .data               stm32f10x_rcc.o
    0x20000014   0x00000004   Data   RW          590    .data               tsk_adc1monitor.o
    0x20000018   0x0000000c   Data   RW          653    .data               serial.o
    0x20000024   0x00000001   Data   RW          682    .data               getline.o
    0x20000025   0x00000003   PAD
    0x20000028   0x00000008   Data   RW          705    .data               tsk_serialinterface.o
    0x20000030   0x00000004   Data   RW          706    .data               tsk_serialinterface.o
    0x20000034   0x00000004   Data   RW          806    .data               tsk_powermanager.o
    0x20000038   0x0000000c   Data   RW          870    .data               tsk_statusled.o
    0x20000044   0x00000004   Data   RW          871    .data               tsk_statusled.o
    0x20000048   0x0000000c   Data   RW          904    .data               status_manager.o
    0x20000054   0x00000024   Data   RW         1023    .data               thermal_utility.o
    0x20000078   0x00000004   Data   RW         1059    .data               timer_manager.o
    0x2000007c   0x00000004   Data   RW         1090    .data               tsk_thermalcontrol.o
    0x20000080   0x0000002c   Data   RW         1121    .data               rdx_optoflash.o
    0x200000ac   0x00000004   Data   RW         1371    .data               rtx_conf_cm.o
    0x200000b0   0x00000010   Data   RW         1372    .data               rtx_conf_cm.o
    0x200000c0   0x00000004   Data   RW         1373    .data               rtx_conf_cm.o
    0x200000c4   0x00000004   Data   RW         1374    .data               rtx_conf_cm.o
    0x200000c8   0x00000014   Data   RW         1410    .data               system_stm32f10x.o
    0x200000dc   0x00000008   Data   RW         1533    .data               RTX_CM3.lib(rt_cmsis.o)
    0x200000e4   0x00000008   Data   RW         2070    .data               RTX_CM3.lib(rt_task.o)
    0x200000ec   0x00000008   Data   RW         2155    .data               RTX_CM3.lib(rt_system.o)
    0x200000f4   0x00000004   Data   RW         2445    .data               RTX_CM3.lib(rt_time.o)
    0x200000f8   0x00000001   Data   RW         2564    .data               RTX_CM3.lib(hal_cm.o)
    0x200000f9   0x00000003   PAD
    0x200000fc   0x00000008   Data   RW         2608    .data               RTX_CM3.lib(rt_robin.o)
    0x20000104   0x00000004   Data   RW         2675    .data               mc_w.l(stdout.o)
    0x20000108   0x00000004   Data   RW         3049    .data               mc_w.l(errno.o)
    0x2000010c   0x0000000a   Zero   RW          558    .bss                adc_manager.o
    0x20000116   0x00000002   PAD
    0x20000118   0x00000014   Zero   RW          589    .bss                tsk_adc1monitor.o
    0x2000012c   0x00000100   Zero   RW          652    .bss                serial.o
    0x2000022c   0x0000005a   Zero   RW          700    .bss                tsk_serialinterface.o
    0x20000286   0x00000002   PAD
    0x20000288   0x00000010   Zero   RW          867    .bss                tsk_statusled.o
    0x20000298   0x00000018   Zero   RW          868    .bss                tsk_statusled.o
    0x200002b0   0x00000010   Zero   RW          902    .bss                status_manager.o
    0x200002c0   0x00000040   Zero   RW          983    .bss                pid_manager.o
    0x20000300   0x0000003c   Zero   RW         1021    .bss                thermal_utility.o
    0x2000033c   0x00000004   PAD
    0x20000340   0x000001c8   Zero   RW         1120    .bss                rdx_optoflash.o
    0x20000508   0x0000002c   Zero   RW         1179    .bss                rdx_dspin_config.o
    0x20000534   0x00000020   Zero   RW         1348    .bss                rtx_conf_cm.o
    0x20000554   0x000001e0   Zero   RW         1349    .bss                rtx_conf_cm.o
    0x20000734   0x00000004   PAD
    0x20000738   0x00002010   Zero   RW         1350    .bss                rtx_conf_cm.o
    0x20002748   0x00000598   Zero   RW         1351    .bss                rtx_conf_cm.o
    0x20002ce0   0x00000084   Zero   RW         1352    .bss                rtx_conf_cm.o
    0x20002d64   0x00000024   Zero   RW         1353    .bss                rtx_conf_cm.o
    0x20002d88   0x00000034   Zero   RW         2069    .bss                RTX_CM3.lib(rt_task.o)
    0x20002dbc   0x00000030   Zero   RW         2285    .bss                RTX_CM3.lib(rt_list.o)
    0x20002dec   0x00000004   PAD
    0x20002df0   0x00000400   Zero   RW         1399    STACK               startup_stm32f10x_xl.o



  Load Region LR$$.ARM.__AT_0x1FFFF800 (Base: 0x1ffff800, Size: 0x00000010, Max: 0x00000010, ABSOLUTE)

    Execution Region ER$$.ARM.__AT_0x1FFFF800 (Base: 0x1ffff800, Size: 0x00000010, Max: 0x00000010, ABSOLUTE, UNINIT)

    Base Addr    Size         Type   Attr      Idx    E Section Name        Object

    0x1ffff800   0x00000010   Code   RO          397    .ARM.__AT_0x1FFFF800  stm32f10xopt.o


==============================================================================

Image component sizes


      Code (inc. data)   RO Data    RW Data    ZI Data      Debug   Object Name

       384         26          0          0         10       1661   adc_manager.o
        76          4          0          0          0       1111   buzzer_manager.o
        88          6          0          0          0        787   capacitivesensor_manager.o
       124          8          0          1          0       1256   getline.o
      1004         32          0          0          0       4703   hih_manager.o
       432         24          0          0          0       2290   i2c_manager.o
        36          6          0          0          0       1728   jtag_manager.o
       228         28         96          0          0       2164   main.o
       176         14          0          0          0     289257   misc.o
        10          0          0          0          0        457   nvic_manager.o
       312         34          0          0         64       2816   pid_manager.o
        36          4          0          0          0        541   powermanager.o
       408         24          0          0          0       1587   pump_manager.o
       712        130          0          0          0       2357   px26_manager.o
        98          0          0          0          0        572   rcc_manager.o
       500         18          0          0         44       9439   rdx_dspin_config.o
      1216         62          0          0          0       4343   rdx_dspin_utility.o
      2372        136          0         44        456       7790   rdx_optoflash.o
        28          6         68         28      10320       7226   rtx_conf_cm.o
       544         22          0         12        256       2506   serial.o
       468         20          0          0          0       1541   spi_manager.o
        36          8        304          0       1024        824   startup_stm32f10x_xl.o
       148          8          4         12         16       1831   status_manager.o
       816         24          0          0          0       9485   stm32f10x_adc.o
       456         10          0          0          0       4146   stm32f10x_dma.o
      1740         36          0          0          0       9805   stm32f10x_flash.o
       620         36          0          0          0       4993   stm32f10x_gpio.o
       808         14          0          0          0      16119   stm32f10x_i2c.o
       164          6          0          0          0      10970   stm32f10x_it.o
       692         32          0         20          0       8132   stm32f10x_rcc.o
       628         14          0          0          0       5822   stm32f10x_spi.o
      2804         86          0          0          0      18210   stm32f10x_tim.o
       808         22          0          0          0       7328   stm32f10x_usart.o
        16         16          0          0          0        208   stm32f10xopt.o
       344         38          0         20          0       1915   system_stm32f10x.o
      1948        148          0         36         60       9695   thermal_utility.o
       180         14          0          4          0       1706   timer_manager.o
       168         16          0          4         20       1326   tsk_adc1monitor.o
       176         10          0          4          0       1049   tsk_powermanager.o
      6168        960        176         12         90      32095   tsk_serialinterface.o
       716         16          4         16         40       4308   tsk_statusled.o
        96          4          0          4          0        925   tsk_thermalcontrol.o
       224         14          0          0          0       1603   usart_manager.o

    ----------------------------------------------------------------------
     29012       2136        696        220      12412     498627   Object Totals
         0          0         32          0          0          0   (incl. Generated)
         4          0         12          3         12          0   (incl. Padding)

    ----------------------------------------------------------------------

      Code (inc. data)   RO Data    RW Data    ZI Data      Debug   Library Member Name

       238         24          0          1          0       2968   hal_cm.o
       304         36          0          0          0        760   hal_cm3.o
      1678        200          0          8          0      38275   rt_cmsis.o
       300         24          0          0          0       2735   rt_event.o
       530         34          0          0         48       7333   rt_list.o
       550         10          0          0          0       3373   rt_mailbox.o
       128          0          0          0          0       1677   rt_membox.o
       128          0          0          0          0       2059   rt_memory.o
       336         12          0          0          0       1825   rt_mutex.o
        96         22          0          8          0       1134   rt_robin.o
        52          4          0          0          0        509   rt_semaphore.o
       298         52          0          8          0       5951   rt_system.o
      1200        174          0          8         52       8773   rt_task.o
         6          0          0          4          0        620   rt_time.o
         4          4          0          0          0        200   svc_table.o
        68         10          0          0          0        408   dunder.o
       220         16          0          0          0         84   floor.o
        40          0          0          0          0         68   fpclassify.o
       860         52         56          0          0        256   log.o
       228         30          0          0          0        120   log10.o
       170          0          0          0          0         96   poly.o
      2488        190        136          0          0        300   pow.o
         0          0          8          0          0          0   qnan.o
        76          0          0          0          0         84   sqrt.o
        56          8          0          0          0         84   __0sscanf.o
        28          0          0          0          0         68   _chval.o
       812          4          0          0          0        112   _scanf.o
       332          0          0          0          0         96   _scanf_int.o
       224          0          0          0          0         96   _scanf_str.o
        64          0          0          0          0         84   _sgetc.o
        40          6         64          0          0         68   ctype_c.o
         0          0          0          0          0          0   entry.o
         0          0          0          0          0          0   entry10a.o
         0          0          0          0          0          0   entry11a.o
         8          4          0          0          0          0   entry2.o
         4          0          0          0          0          0   entry5.o
         0          0          0          0          0          0   entry7b.o
         0          0          0          0          0          0   entry8b.o
        12          6          0          4          0         68   errno.o
        30          0          0          0          0          0   handlers.o
        36          8          0          0          0         68   init.o
        10          0          0          0          0         68   isspace_c.o
         0          0          0          0          0          0   iusefp.o
        30          0          0          0          0         68   llshl.o
        36          0          0          0          0         68   llsshr.o
        32          0          0          0          0         68   llushr.o
        36          0          0          0          0         68   memcpya.o
      2226         90          0          0          0        444   printfa.o
         4          0          0          0          0         68   putc.o
        40          8          0          0          0         84   scanf_char.o
       838         12          0          0          0        216   scanf_fp.o
         0          0          0          4          0          0   stdout.o
        12          0          0          0          0         68   toupper.o
        44          0          0          0          0         80   uidiv.o
        98          0          0          0          0         92   uldiv.o
        48          0          0          0          0         68   cdcmple.o
        48          0          0          0          0         68   cdrcmple.o
        20          0          0          0          0         68   cfcmple.o
        20          0          0          0          0         68   cfrcmple.o
        56          0          0          0          0         88   d2f.o
       334          0          0          0          0        148   dadd.o
       222          0          0          0          0        100   ddiv.o
       186          0          0          0          0        176   depilogue.o
        62          0          0          0          0         80   dfixi.o
        50          0          0          0          0         76   dfixui.o
        48          0          0          0          0         68   dfixul.o
        34          0          0          0          0         76   dflti.o
        26          0          0          0          0         76   dfltui.o
        24          0          0          0          0         76   dfltul.o
       228          0          0          0          0         96   dmul.o
        46          0          0          0          0         80   dscalb.o
       162          0          0          0          0        100   dsqrt.o
        38          0          0          0          0         68   f2d.o
       176          0          0          0          0        140   fadd.o
       124          0          0          0          0         88   fdiv.o
       110          0          0          0          0        168   fepilogue.o
        50          0          0          0          0         68   ffixi.o
        18          0          0          0          0         68   fflti.o
        10          0          0          0          0         68   ffltui.o
       100          0          0          0          0         76   fmul.o
        24          0          0          0          0         68   fscalb.o

    ----------------------------------------------------------------------
     17348       1040        264         48        104      84068   Library Totals
        34          0          0          3          4          0   (incl. Padding)

    ----------------------------------------------------------------------

      Code (inc. data)   RO Data    RW Data    ZI Data      Debug   Library Name

      5848        596          0         37        100      78192   RTX_CM3.lib
      4150        298        200          0          0       1416   m_ws.l
      5052        146         64          8          0       2136   mc_w.l
      2264          0          0          0          0       2324   mf_w.l

    ----------------------------------------------------------------------
     17348       1040        264         48        104      84068   Library Totals

    ----------------------------------------------------------------------

==============================================================================


      Code (inc. data)   RO Data    RW Data    ZI Data      Debug   

     46360       3176        960        268      12516     569951   Grand Totals
     46360       3176        960        268      12516     569951   ELF Image Totals
     46360       3176        960        268          0          0   ROM Totals

==============================================================================

    Total RO  Size (Code + RO Data)                47320 (  46.21kB)
    Total RW  Size (RW Data + ZI Data)             12784 (  12.48kB)
    Total ROM Size (Code + RO Data + RW Data)      47588 (  46.47kB)

==============================================================================

