Component: ARM Compiler 5.05 (build 41) Tool: armlink [4d0eb9]

==============================================================================

Section Cross References

    stm32f10x_adc.o(.text) refers to stm32f10x_rcc.o(.text) for RCC_APB2PeriphResetCmd
    stm32f10x_can.o(.text) refers to stm32f10x_rcc.o(.text) for RCC_APB1PeriphResetCmd
    stm32f10x_gpio.o(.text) refers to stm32f10x_rcc.o(.text) for RCC_APB2PeriphResetCmd
    stm32f10x_it.o(.text) refers to stm32f10x_dma.o(.text) for DMA_GetFlagStatus
    stm32f10x_it.o(.text) refers to rt_cmsis.o(i.osSignalSet) for osSignalSet
    stm32f10x_it.o(.text) refers to tsk_adc1monitor.o(.data) for tidADC1Monitor
    stm32f10x_i2c.o(.text) refers to stm32f10x_rcc.o(.text) for RCC_APB1PeriphResetCmd
    stm32f10x_rcc.o(.text) refers to stm32f10x_rcc.o(.data) for .data
    stm32f10x_tim.o(.text) refers to stm32f10x_rcc.o(.text) for RCC_APB1PeriphResetCmd
    stm32f10x_spi.o(.text) refers to stm32f10x_rcc.o(.text) for RCC_APB2PeriphResetCmd
    stm32f10x_usart.o(.text) refers to stm32f10x_rcc.o(.text) for RCC_APB2PeriphResetCmd
    nvic_manager.o(.text) refers to misc.o(.text) for NVIC_SetVectorTable
    rcc_manager.o(.text) refers to stm32f10x_rcc.o(.text) for RCC_DeInit
    rcc_manager.o(.text) refers to stm32f10x_flash.o(.text) for FLASH_PrefetchBufferCmd
    spi_manager.o(.text) refers to stm32f10x_rcc.o(.text) for RCC_APB1PeriphClockCmd
    spi_manager.o(.text) refers to stm32f10x_gpio.o(.text) for GPIO_Init
    spi_manager.o(.text) refers to stm32f10x_spi.o(.text) for SPI_Init
    jtag_manager.o(.text) refers to stm32f10x_rcc.o(.text) for RCC_APB2PeriphClockCmd
    jtag_manager.o(.text) refers to stm32f10x_gpio.o(.text) for GPIO_PinRemapConfig
    buzzer_manager.o(.text) refers to stm32f10x_rcc.o(.text) for RCC_APB2PeriphClockCmd
    buzzer_manager.o(.text) refers to stm32f10x_gpio.o(.text) for GPIO_Init
    adc_manager.o(.text) refers to stm32f10x_rcc.o(.text) for RCC_ADCCLKConfig
    adc_manager.o(.text) refers to stm32f10x_gpio.o(.text) for GPIO_Init
    adc_manager.o(.text) refers to misc.o(.text) for NVIC_Init
    adc_manager.o(.text) refers to stm32f10x_adc.o(.text) for ADC_DeInit
    adc_manager.o(.text) refers to stm32f10x_dma.o(.text) for DMA_DeInit
    adc_manager.o(.text) refers to adc_manager.o(.bss) for .bss
    tsk_adc1monitor.o(.text) refers to adc_manager.o(.text) for ADC1_Configuration
    tsk_adc1monitor.o(.text) refers to stm32f10x_dma.o(.text) for DMA_Cmd
    tsk_adc1monitor.o(.text) refers to stm32f10x_adc.o(.text) for ADC_SoftwareStartConvCmd
    tsk_adc1monitor.o(.text) refers to rt_cmsis.o(i.osSignalWait) for osSignalWait
    tsk_adc1monitor.o(.text) refers to ffltui.o(.text) for __aeabi_ui2f
    tsk_adc1monitor.o(.text) refers to adc_manager.o(.bss) for ADC_Channels
    tsk_adc1monitor.o(.text) refers to tsk_adc1monitor.o(.bss) for .bss
    usart_manager.o(.text) refers to stm32f10x_rcc.o(.text) for RCC_APB2PeriphClockCmd
    usart_manager.o(.text) refers to stm32f10x_gpio.o(.text) for GPIO_Init
    usart_manager.o(.text) refers to misc.o(.text) for NVIC_Init
    usart_manager.o(.text) refers to stm32f10x_usart.o(.text) for USART_Init
    serial.o(.text) refers to rt_cmsis.o(i.osThreadGetId) for osThreadGetId
    serial.o(.text) refers to rt_cmsis.o(i.osSignalClear) for osSignalClear
    serial.o(.text) refers to rt_cmsis.o(i.osSignalWait) for osSignalWait
    serial.o(.text) refers to stm32f10x_usart.o(.text) for USART_GetITStatus
    serial.o(.text) refers to rt_cmsis.o(i.osSignalSet) for osSignalSet
    serial.o(.text) refers to serial.o(.data) for .data
    serial.o(.text) refers to serial.o(.bss) for .bss
    getline.o(.text) refers to serial.o(.text) for GetKey
    getline.o(.text) refers to putc.o(i.putc) for putc
    getline.o(.text) refers to getline.o(.data) for .data
    getline.o(.text) refers to stdout.o(.data) for __stdout
    tsk_serialinterface.o(.text) refers to _scanf_str.o(.text) for _scanf_string
    tsk_serialinterface.o(.text) refers to _scanf_int.o(.text) for _scanf_int
    tsk_serialinterface.o(.text) refers to scanf_fp.o(.text) for _scanf_real
    tsk_serialinterface.o(.text) refers to rt_cmsis.o(i.osDelay) for osDelay
    tsk_serialinterface.o(.text) refers to serial.o(.text) for GetKey
    tsk_serialinterface.o(.text) refers to rt_cmsis.o(i.osThreadTerminate) for osThreadTerminate
    tsk_serialinterface.o(.text) refers to usart_manager.o(.text) for USART_Configuration
    tsk_serialinterface.o(.text) refers to getline.o(.text) for getline
    tsk_serialinterface.o(.text) refers to __0sscanf.o(.text) for __0sscanf
    tsk_serialinterface.o(.text) refers to toupper.o(.text) for toupper
    tsk_serialinterface.o(.text) refers to powermanager.o(.text) for Power_Ctrl
    tsk_serialinterface.o(.text) refers to jtag_manager.o(.text) for JTAG_Ctrl
    tsk_serialinterface.o(.text) refers to tsk_statusled.o(.text) for EXT_LED_Ctrl
[...]
    TIM_OC1NPolarityConfig                   0x0800a105   Thumb Code    12  stm32f10x_tim.o(.text)
    TIM_OC2PolarityConfig                    0x0800a111   Thumb Code    20  stm32f10x_tim.o(.text)
    TIM_OC2NPolarityConfig                   0x0800a125   Thumb Code    20  stm32f10x_tim.o(.text)
    TIM_OC3PolarityConfig                    0x0800a139   Thumb Code    20  stm32f10x_tim.o(.text)
    TIM_OC3NPolarityConfig                   0x0800a14d   Thumb Code    20  stm32f10x_tim.o(.text)
    TIM_OC4PolarityConfig                    0x0800a161   Thumb Code    20  stm32f10x_tim.o(.text)
    TIM_CCxCmd                               0x0800a175   Thumb Code    22  stm32f10x_tim.o(.text)
    TIM_CCxNCmd                              0x0800a18b   Thumb Code    22  stm32f10x_tim.o(.text)
    TIM_SelectOCxM                           0x0800a1a1   Thumb Code    70  stm32f10x_tim.o(.text)
    TIM_UpdateDisableConfig                  0x0800a1e7   Thumb Code    20  stm32f10x_tim.o(.text)
    TIM_UpdateRequestConfig                  0x0800a1fb   Thumb Code    20  stm32f10x_tim.o(.text)
    TIM_SelectHallSensor                     0x0800a20f   Thumb Code    20  stm32f10x_tim.o(.text)
    TIM_SelectOnePulseMode                   0x0800a223   Thumb Code    16  stm32f10x_tim.o(.text)
    TIM_SelectOutputTrigger                  0x0800a233   Thumb Code    16  stm32f10x_tim.o(.text)
    TIM_SelectSlaveMode                      0x0800a243   Thumb Code    16  stm32f10x_tim.o(.text)
    TIM_SelectMasterSlaveMode                0x0800a253   Thumb Code    16  stm32f10x_tim.o(.text)
    TIM_SetCounter                           0x0800a263   Thumb Code     4  stm32f10x_tim.o(.text)
    TIM_SetAutoreload                        0x0800a267   Thumb Code     4  stm32f10x_tim.o(.text)
    TIM_SetCompare1                          0x0800a26b   Thumb Code     4  stm32f10x_tim.o(.text)
    TIM_SetCompare2                          0x0800a26f   Thumb Code     4  stm32f10x_tim.o(.text)
    TIM_SetCompare3                          0x0800a273   Thumb Code     4  stm32f10x_tim.o(.text)
    TIM_SetCompare4                          0x0800a277   Thumb Code     6  stm32f10x_tim.o(.text)
    TIM_SetClockDivision                     0x0800a27d   Thumb Code    16  stm32f10x_tim.o(.text)
    TIM_GetCapture1                          0x0800a28d   Thumb Code     4  stm32f10x_tim.o(.text)
    TIM_GetCapture2                          0x0800a291   Thumb Code     4  stm32f10x_tim.o(.text)
    TIM_GetCapture3                          0x0800a295   Thumb Code     4  stm32f10x_tim.o(.text)
    TIM_GetCapture4                          0x0800a299   Thumb Code     6  stm32f10x_tim.o(.text)
    TIM_GetCounter                           0x0800a29f   Thumb Code     4  stm32f10x_tim.o(.text)
    TIM_GetPrescaler                         0x0800a2a3   Thumb Code     4  stm32f10x_tim.o(.text)
    TIM_GetFlagStatus                        0x0800a2a7   Thumb Code    14  stm32f10x_tim.o(.text)
    TIM_ClearFlag                            0x0800a2b5   Thumb Code     6  stm32f10x_tim.o(.text)
    TIM_GetITStatus                          0x0800a2bb   Thumb Code    24  stm32f10x_tim.o(.text)
    TIM_ClearITPendingBit                    0x0800a2d3   Thumb Code     6  stm32f10x_tim.o(.text)
    SPI_I2S_DeInit                           0x0800a2d9   Thumb Code    72  stm32f10x_spi.o(.text)
    SPI_Init                                 0x0800a321   Thumb Code    56  stm32f10x_spi.o(.text)
    I2S_Init                                 0x0800a359   Thumb Code   152  stm32f10x_spi.o(.text)
    SPI_StructInit                           0x0800a3f1   Thumb Code    24  stm32f10x_spi.o(.text)
    I2S_StructInit                           0x0800a409   Thumb Code    18  stm32f10x_spi.o(.text)
    SPI_Cmd                                  0x0800a41b   Thumb Code    20  stm32f10x_spi.o(.text)
    I2S_Cmd                                  0x0800a42f   Thumb Code    20  stm32f10x_spi.o(.text)
    SPI_I2S_ITConfig                         0x0800a443   Thumb Code    24  stm32f10x_spi.o(.text)
    SPI_I2S_DMACmd                           0x0800a45b   Thumb Code    16  stm32f10x_spi.o(.text)
    SPI_I2S_SendData                         0x0800a46b   Thumb Code     4  stm32f10x_spi.o(.text)
    SPI_I2S_ReceiveData                      0x0800a46f   Thumb Code     4  stm32f10x_spi.o(.text)
    SPI_NSSInternalSoftwareConfig            0x0800a473   Thumb Code    24  stm32f10x_spi.o(.text)
    SPI_SSOutputCmd                          0x0800a48b   Thumb Code    20  stm32f10x_spi.o(.text)
    SPI_DataSizeConfig                       0x0800a49f   Thumb Code    16  stm32f10x_spi.o(.text)
    SPI_TransmitCRC                          0x0800a4af   Thumb Code    10  stm32f10x_spi.o(.text)
    SPI_CalculateCRC                         0x0800a4b9   Thumb Code    20  stm32f10x_spi.o(.text)
    SPI_GetCRC                               0x0800a4cd   Thumb Code    12  stm32f10x_spi.o(.text)
    SPI_GetCRCPolynomial                     0x0800a4d9   Thumb Code     4  stm32f10x_spi.o(.text)
    SPI_BiDirectionalLineConfig              0x0800a4dd   Thumb Code    22  stm32f10x_spi.o(.text)
    SPI_I2S_GetFlagStatus                    0x0800a4f3   Thumb Code    14  stm32f10x_spi.o(.text)
    SPI_I2S_ClearFlag                        0x0800a501   Thumb Code     6  stm32f10x_spi.o(.text)
    SPI_I2S_GetITStatus                      0x0800a507   Thumb Code    42  stm32f10x_spi.o(.text)
    SPI_I2S_ClearITPendingBit                0x0800a531   Thumb Code    14  stm32f10x_spi.o(.text)
    USART_DeInit                             0x0800a54d   Thumb Code    96  stm32f10x_usart.o(.text)
    USART_Init                               0x0800a5ad   Thumb Code   166  stm32f10x_usart.o(.text)
    USART_StructInit                         0x0800a653   Thumb Code    22  stm32f10x_usart.o(.text)
    USART_ClockInit                          0x0800a669   Thumb Code    30  stm32f10x_usart.o(.text)
    USART_ClockStructInit                    0x0800a687   Thumb Code    12  stm32f10x_usart.o(.text)
    USART_Cmd                                0x0800a693   Thumb Code    20  stm32f10x_usart.o(.text)
    USART_ITConfig                           0x0800a6a7   Thumb Code    48  stm32f10x_usart.o(.text)
    USART_DMACmd                             0x0800a6d7   Thumb Code    16  stm32f10x_usart.o(.text)
    USART_SetAddress                         0x0800a6e7   Thumb Code    16  stm32f10x_usart.o(.text)
    USART_WakeUpConfig                       0x0800a6f7   Thumb Code    16  stm32f10x_usart.o(.text)
    USART_ReceiverWakeUpCmd                  0x0800a707   Thumb Code    20  stm32f10x_usart.o(.text)
    USART_LINBreakDetectLengthConfig         0x0800a71b   Thumb Code    16  stm32f10x_usart.o(.text)
    USART_LINCmd                             0x0800a72b   Thumb Code    20  stm32f10x_usart.o(.text)
    USART_SendData                           0x0800a73f   Thumb Code     8  stm32f10x_usart.o(.text)
    USART_ReceiveData                        0x0800a747   Thumb Code     8  stm32f10x_usart.o(.text)
    USART_SendBreak                          0x0800a74f   Thumb Code    10  stm32f10x_usart.o(.text)
    USART_SetGuardTime                       0x0800a759   Thumb Code    16  stm32f10x_usart.o(.text)
    USART_SetPrescaler                       0x0800a769   Thumb Code    16  stm32f10x_usart.o(.text)
    USART_SmartCardCmd                       0x0800a779   Thumb Code    20  stm32f10x_usart.o(.text)
    USART_SmartCardNACKCmd                   0x0800a78d   Thumb Code    20  stm32f10x_usart.o(.text)
    USART_HalfDuplexCmd                      0x0800a7a1   Thumb Code    20  stm32f10x_usart.o(.text)
    USART_OverSampling8Cmd                   0x0800a7b5   Thumb Code    20  stm32f10x_usart.o(.text)
    USART_OneBitMethodCmd                    0x0800a7c9   Thumb Code    20  stm32f10x_usart.o(.text)
    USART_IrDAConfig                         0x0800a7dd   Thumb Code    16  stm32f10x_usart.o(.text)
    USART_IrDACmd                            0x0800a7ed   Thumb Code    20  stm32f10x_usart.o(.text)
    USART_GetFlagStatus                      0x0800a801   Thumb Code    14  stm32f10x_usart.o(.text)
    USART_ClearFlag                          0x0800a80f   Thumb Code     6  stm32f10x_usart.o(.text)
    USART_GetITStatus                        0x0800a815   Thumb Code    62  stm32f10x_usart.o(.text)
    USART_ClearITPendingBit                  0x0800a853   Thumb Code    12  stm32f10x_usart.o(.text)
    NVIC_Configuration                       0x0800a875   Thumb Code    10  nvic_manager.o(.text)
    RCC_Configuration                        0x0800a881   Thumb Code    98  rcc_manager.o(.text)
    init_SPI_RCC                             0x0800a8e5   Thumb Code    26  spi_manager.o(.text)
    init_SPI_GPIO                            0x0800a8ff   Thumb Code   280  spi_manager.o(.text)
    SPI_Configuration                        0x0800aa17   Thumb Code   142  spi_manager.o(.text)
    JTAG_Ctrl                                0x0800aab9   Thumb Code    30  jtag_manager.o(.text)
    gpioBuzzer                               0x0800aadd   Thumb Code    40  buzzer_manager.o(.text)
    Buzzer_Ctrl                              0x0800ab05   Thumb Code    32  buzzer_manager.o(.text)
    rccADC                                   0x0800ab29   Thumb Code    32  adc_manager.o(.text)
    gpioADC                                  0x0800ab49   Thumb Code    72  adc_manager.o(.text)
    ADC1_Configuration                       0x0800ab91   Thumb Code   252  adc_manager.o(.text)
    TSK_ADC1Monitor                          0x0800aca5   Thumb Code   152  tsk_adc1monitor.o(.text)
    USART_RCC                                0x0800ad4d   Thumb Code     8  usart_manager.o(.text)
    USART_GPIO_Pins                          0x0800ad55   Thumb Code    54  usart_manager.o(.text)
    USART_NVIC                               0x0800ad8b   Thumb Code    32  usart_manager.o(.text)
    USART_Configuration                      0x0800adab   Thumb Code    86  usart_manager.o(.text)
    fputc                                    0x0800ae01   Thumb Code    30  usart_manager.o(.text)
    SendChar                                 0x0800ae2d   Thumb Code    86  serial.o(.text)
    GetKey                                   0x0800ae83   Thumb Code    50  serial.o(.text)
    USART1_IRQHandler                        0x0800aeb5   Thumb Code   130  serial.o(.text)
    USART2_IRQHandler                        0x0800af37   Thumb Code   128  serial.o(.text)
    USART3_IRQHandler                        0x0800afb7   Thumb Code   128  serial.o(.text)
    getline                                  0x0800b04d   Thumb Code   116  getline.o(.text)
    TSK_StopReporting                        0x0800b0c9   Thumb Code    34  tsk_serialinterface.o(.text)
    TSK_SerialInterface                      0x0800b0eb   Thumb Code  4570  tsk_serialinterface.o(.text)
    GPIOPower                                0x0800c33d   Thumb Code    66  tsk_powermanager.o(.text)
    TSK_ResetPower                           0x0800c37f   Thumb Code   100  tsk_powermanager.o(.text)
    Power_Ctrl                               0x0800c3ed   Thumb Code    32  powermanager.o(.text)
    init_EXT_LED_Mutex                       0x0800c411   Thumb Code    20  tsk_statusled.o(.text)
    EXT_LED_InitGPIO                         0x0800c425   Thumb Code    26  tsk_statusled.o(.text)
    EXT_LED_addGPIO                          0x0800c43f   Thumb Code    64  tsk_statusled.o(.text)
    statusGPIO                               0x0800c47f   Thumb Code    38  tsk_statusled.o(.text)
    EXT_LED_Ctrl                             0x0800c4a5   Thumb Code    68  tsk_statusled.o(.text)
    EXT_LED_Err_Seq                          0x0800c4e9   Thumb Code    84  tsk_statusled.o(.text)
    TSK_LED_Seq                              0x0800c53d   Thumb Code   372  tsk_statusled.o(.text)
    TSK_StatusLed                            0x0800c6b1   Thumb Code    28  tsk_statusled.o(.text)
    init_Status_mutex                        0x0800c6dd   Thumb Code    20  status_manager.o(.text)
    Update_Error_Status                      0x0800c6f1   Thumb Code    76  status_manager.o(.text)
    Read_Error_Status                        0x0800c73d   Thumb Code    44  status_manager.o(.text)
    init                                     0x0800c771   Thumb Code   136  main.o(.text)
    main                                     0x0800c7f9   Thumb Code    58  main.o(.text)
    PID_DefaultSettings                      0x0800c851   Thumb Code    32  pid_manager.o(.text)
    PID_SetCoefficients                      0x0800c871   Thumb Code    28  pid_manager.o(.text)
    PID_SetSetPoint                          0x0800c88d   Thumb Code    12  pid_manager.o(.text)
    PID_ReadSetPoint                         0x0800c899   Thumb Code    22  pid_manager.o(.text)
    PID_Calculate                            0x0800c8af   Thumb Code   184  pid_manager.o(.text)
    TEC_InitGPIO                             0x0800c989   Thumb Code    26  thermal_utility.o(.text)
    TEC_InitInputGPIO                        0x0800c9a3   Thumb Code    26  thermal_utility.o(.text)
    TEC_addGPIO                              0x0800c9bd   Thumb Code   168  thermal_utility.o(.text)
    Round                                    0x0800ca65   Thumb Code    66  thermal_utility.o(.text)
    TEC_GetPt1000Temp                        0x0800caa7   Thumb Code    64  thermal_utility.o(.text)
    Voltage                                  0x0800cae7   Thumb Code    24  thermal_utility.o(.text)
    TEC_ReadTemperatures                     0x0800caff   Thumb Code   112  thermal_utility.o(.text)
    TEC_LedControl                           0x0800cb6f   Thumb Code   132  thermal_utility.o(.text)
    TEC_Initialise                           0x0800cbf3   Thumb Code    50  thermal_utility.o(.text)
    TEC_OutPutCtrl                           0x0800cc25   Thumb Code    46  thermal_utility.o(.text)
    TEC_FanTaco                              0x0800cc53   Thumb Code   126  thermal_utility.o(.text)
    TEC_ActivateZones                        0x0800ccd1   Thumb Code    26  thermal_utility.o(.text)
    TEC_UpdateStatus                         0x0800cceb   Thumb Code    74  thermal_utility.o(.text)
    TEC_DeActivateZones                      0x0800cd35   Thumb Code    58  thermal_utility.o(.text)
    Default_TempParam                        0x0800cd6f   Thumb Code    20  thermal_utility.o(.text)
    TEC_GradOffset                           0x0800cd83   Thumb Code   190  thermal_utility.o(.text)
    TEC_SetPWMOutputs                        0x0800ce41   Thumb Code   114  thermal_utility.o(.text)
    TEC_CheckSetpointDrift                   0x0800ceb3   Thumb Code   228  thermal_utility.o(.text)
    TEC_PeltierVoltages                      0x0800cf97   Thumb Code   102  thermal_utility.o(.text)
    PeltierCurrent                           0x0800cffd   Thumb Code    36  thermal_utility.o(.text)
    TEC_RTDErrCheck                          0x0800d021   Thumb Code   232  thermal_utility.o(.text)
    TEC_ReadStatus                           0x0800d109   Thumb Code    92  thermal_utility.o(.text)
    TEC_ClearErrorStatus                     0x0800d165   Thumb Code    12  thermal_utility.o(.text)
    TEC_PWMDuty                              0x0800d171   Thumb Code    90  thermal_utility.o(.text)
    Read_TempParam                           0x0800d1cb   Thumb Code    24  thermal_utility.o(.text)
    Store_TempParam                          0x0800d1e3   Thumb Code    24  thermal_utility.o(.text)
    gpioPWM                                  0x0800d245   Thumb Code    32  timer_manager.o(.text)
    rccPWM                                   0x0800d265   Thumb Code    22  timer_manager.o(.text)
    PWM_Configuration                        0x0800d27b   Thumb Code   104  timer_manager.o(.text)
    updateDuty                               0x0800d2e3   Thumb Code     8  timer_manager.o(.text)
    TSK_ThermalControl                       0x0800d2f9   Thumb Code   134  tsk_thermalcontrol.o(.text)
    SPI_Data                                 0x0800d389   Thumb Code   288  rdx_optoflash.o(.text)
    gpioOptoFlash                            0x0800d4a9   Thumb Code   184  rdx_optoflash.o(.text)
    gpioLED280                               0x0800d561   Thumb Code    64  rdx_optoflash.o(.text)
    gpioHalogen                              0x0800d5a1   Thumb Code    38  rdx_optoflash.o(.text)
    gpioBoardLevel                           0x0800d5c7   Thumb Code    62  rdx_optoflash.o(.text)
    selectOptoFlashChannel                   0x0800d605   Thumb Code    52  rdx_optoflash.o(.text)
    CalculateTransmittance                   0x0800d639   Thumb Code    30  rdx_optoflash.o(.text)
    calculateAbsorbance                      0x0800d657   Thumb Code    44  rdx_optoflash.o(.text)
    readADC                                  0x0800d683   Thumb Code   218  rdx_optoflash.o(.text)
    Pot_Value                                0x0800d75d   Thumb Code   152  rdx_optoflash.o(.text)
    OptoFlash_Value                          0x0800d7f5   Thumb Code   162  rdx_optoflash.o(.text)
    ReadLight                                0x0800d897   Thumb Code    16  rdx_optoflash.o(.text)
    ReadReference                            0x0800d8a7   Thumb Code   154  rdx_optoflash.o(.text)
    SetReference                             0x0800d941   Thumb Code   230  rdx_optoflash.o(.text)
    ReadSample                               0x0800da27   Thumb Code   172  rdx_optoflash.o(.text)
    ClearChannel                             0x0800dad3   Thumb Code    46  rdx_optoflash.o(.text)
    CheckLight                               0x0800db01   Thumb Code    36  rdx_optoflash.o(.text)
    CheckTransAbsorb                         0x0800db25   Thumb Code    56  rdx_optoflash.o(.text)
    Set_Pot_Resis                            0x0800db5d   Thumb Code    58  rdx_optoflash.o(.text)
    Read_Pot_Resis                           0x0800db97   Thumb Code    14  rdx_optoflash.o(.text)
    LED_280_Ctrl                             0x0800dba5   Thumb Code    32  rdx_optoflash.o(.text)
    LED_280_Select                           0x0800dbc5   Thumb Code    26  rdx_optoflash.o(.text)
    Halogen_Ctrl                             0x0800dbdf   Thumb Code    90  rdx_optoflash.o(.text)
    Board_Level                              0x0800dc39   Thumb Code   108  rdx_optoflash.o(.text)
    Dig_Pot_Reset                            0x0800dca5   Thumb Code    10  rdx_optoflash.o(.text)
    GPIO_CapacitiveSensorConfig              0x0800dccd   Thumb Code    66  capacitivesensor_manager.o(.text)
    CapacitiveSensorIsActive                 0x0800dd0f   Thumb Code    16  capacitivesensor_manager.o(.text)
    init_dSpin_RCC                           0x0800dd25   Thumb Code     8  rdx_dspin_config.o(.text)
    init_dSpin_GPIO                          0x0800dd2d   Thumb Code    74  rdx_dspin_config.o(.text)
    init_dSpin_default_Config                0x0800dd77   Thumb Code    72  rdx_dspin_config.o(.text)
    init_Send_Config                         0x0800ddbf   Thumb Code   256  rdx_dspin_config.o(.text)
    init_dSpin_Config                        0x0800debf   Thumb Code    26  rdx_dspin_config.o(.text)
    dSpin_Configuration                      0x0800ded9   Thumb Code    46  rdx_dspin_config.o(.text)
    dSpin_Write_Byte                         0x0800df19   Thumb Code   190  rdx_dspin_utility.o(.text)
    getNoBytes                               0x0800dfd7   Thumb Code    88  rdx_dspin_utility.o(.text)
    dSpin_GetStatus                          0x0800e02f   Thumb Code    42  rdx_dspin_utility.o(.text)
    dSpin_SetParam                           0x0800e059   Thumb Code    90  rdx_dspin_utility.o(.text)
    dSpin_Get_Param                          0x0800e0b3   Thumb Code   106  rdx_dspin_utility.o(.text)
    dSpin_SendCommand                        0x0800e11d   Thumb Code   234  rdx_dspin_utility.o(.text)
    dSpin_ClearMultiCommand                  0x0800e207   Thumb Code    10  rdx_dspin_utility.o(.text)
    dSpin_ExeMultiCommand                    0x0800e211   Thumb Code   230  rdx_dspin_utility.o(.text)
    dSpin_Busy_Sw                            0x0800e2f7   Thumb Code    78  rdx_dspin_utility.o(.text)
    dSpin_WaitOnMotor                        0x0800e345   Thumb Code   118  rdx_dspin_utility.o(.text)
    HIH_MeasurementRequest                   0x0800e3d9   Thumb Code    22  hih_manager.o(.text)
    HIH_DataFetch                            0x0800e3ef   Thumb Code     8  hih_manager.o(.text)
    HIH_getData                              0x0800e3f7   Thumb Code   244  hih_manager.o(.text)
    HIH_getHumidity                          0x0800e4eb   Thumb Code    76  hih_manager.o(.text)
    HIH_getTemperature                       0x0800e537   Thumb Code    80  hih_manager.o(.text)
    HIH_getStatus                            0x0800e587   Thumb Code    22  hih_manager.o(.text)
    HIH_CommandMode                          0x0800e59d   Thumb Code    54  hih_manager.o(.text)
    HIH_ReadEEPROM                           0x0800e5d3   Thumb Code    54  hih_manager.o(.text)
    HIH_getCMData                            0x0800e609   Thumb Code   102  hih_manager.o(.text)
    HIH_setAlarmHighOn                       0x0800e66f   Thumb Code    62  hih_manager.o(.text)
    HIH_setAlarmHighOff                      0x0800e6ad   Thumb Code    62  hih_manager.o(.text)
    HIH_setAlarmLowOn                        0x0800e6eb   Thumb Code    62  hih_manager.o(.text)
    HIH_setAlarmLowOff                       0x0800e729   Thumb Code    62  hih_manager.o(.text)
    HIH_setAddressAlarm                      0x0800e767   Thumb Code    62  hih_manager.o(.text)
    GPIOI2C_Config                           0x0800e7c5   Thumb Code    38  i2c_manager.o(.text)
    I2C_Configuration                        0x0800e7eb   Thumb Code    76  i2c_manager.o(.text)
    I2C_WaitSensorStandbyState               0x0800e837   Thumb Code    72  i2c_manager.o(.text)
    I2C_Start                                0x0800e87f   Thumb Code    94  i2c_manager.o(.text)
    I2C_Read_Byte                            0x0800e8dd   Thumb Code    36  i2c_manager.o(.text)
    I2C_Read_Last_Byte                       0x0800e901   Thumb Code    46  i2c_manager.o(.text)
    I2C_Write                                0x0800e92f   Thumb Code    40  i2c_manager.o(.text)
    I2C_Stop                                 0x0800e957   Thumb Code     6  i2c_manager.o(.text)
    WaitOnPump                               0x0800e975   Thumb Code    56  pump_manager.o(.text)
    Pump_Aspirate                            0x0800e9ad   Thumb Code   162  pump_manager.o(.text)
    Stop_Pump                                0x0800ea4f   Thumb Code    24  pump_manager.o(.text)
    Pump_Reverse_Aspirate                    0x0800ea67   Thumb Code   142  pump_manager.o(.text)
    GPIO_PressureSensorConfig                0x0800eb0d   Thumb Code    38  px26_manager.o(.text)
    PX26_getPressure                         0x0800eb33   Thumb Code    24  px26_manager.o(.text)
    PX26_monitorPressure                     0x0800eb4b   Thumb Code   418  px26_manager.o(.text)
    PX26_initialPressure                     0x0800eced   Thumb Code   102  px26_manager.o(.text)
    os_idle_demon                            0x0800edd5   Thumb Code     2  rtx_conf_cm.o(.text)
    os_error                                 0x0800edd7   Thumb Code     2  rtx_conf_cm.o(.text)
    Reset_Handler                            0x0800edd9   Thumb Code     8  startup_stm32f10x_xl.o(.text)
    CAN1_RX1_IRQHandler                      0x0800edf3   Thumb Code     0  startup_stm32f10x_xl.o(.text)
    CAN1_SCE_IRQHandler                      0x0800edf3   Thumb Code     0  startup_stm32f10x_xl.o(.text)
    TIM1_BRK_TIM9_IRQHandler                 0x0800edf3   Thumb Code     0  startup_stm32f10x_xl.o(.text)
    TIM1_TRG_COM_TIM11_IRQHandler            0x0800edf3   Thumb Code     0  startup_stm32f10x_xl.o(.text)
    TIM1_UP_TIM10_IRQHandler                 0x0800edf3   Thumb Code     0  startup_stm32f10x_xl.o(.text)
    TIM8_BRK_TIM12_IRQHandler                0x0800edf3   Thumb Code     0  startup_stm32f10x_xl.o(.text)
    TIM8_TRG_COM_TIM14_IRQHandler            0x0800edf3   Thumb Code     0  startup_stm32f10x_xl.o(.text)
    TIM8_UP_TIM13_IRQHandler                 0x0800edf3   Thumb Code     0  startup_stm32f10x_xl.o(.text)
    USB_HP_CAN1_TX_IRQHandler                0x0800edf3   Thumb Code     0  startup_stm32f10x_xl.o(.text)
    SystemInit                               0x0800ee9d   Thumb Code    62  system_stm32f10x.o(.text)
    SystemCoreClockUpdate                    0x0800eedb   Thumb Code    84  system_stm32f10x.o(.text)
    __aeabi_uldivmod                         0x0800ef55   Thumb Code    98  uldiv.o(.text)
    toupper                                  0x0800efb7   Thumb Code    12  toupper.o(.text)
    __0sscanf                                0x0800efc5   Thumb Code    48  __0sscanf.o(.text)
    _scanf_int                               0x0800effd   Thumb Code   332  _scanf_int.o(.text)
    _scanf_string                            0x0800f149   Thumb Code   224  _scanf_str.o(.text)
    _scanf_real                              0x0800f329   Thumb Code     0  scanf_fp.o(.text)
    _scanf_really_real                       0x0800f329   Thumb Code   556  scanf_fp.o(.text)
    __aeabi_fadd                             0x0800f561   Thumb Code   164  fadd.o(.text)
    __aeabi_fsub                             0x0800f605   Thumb Code     6  fadd.o(.text)
    __aeabi_frsub                            0x0800f60b   Thumb Code     6  fadd.o(.text)
    __aeabi_fmul                             0x0800f611   Thumb Code   100  fmul.o(.text)
    __aeabi_fdiv                             0x0800f675   Thumb Code   124  fdiv.o(.text)
    __ARM_scalbnf                            0x0800f6f1   Thumb Code    24  fscalb.o(.text)
    scalbnf                                  0x0800f6f1   Thumb Code     0  fscalb.o(.text)
    __aeabi_dadd                             0x0800f709   Thumb Code   322  dadd.o(.text)
    __aeabi_dsub                             0x0800f84b   Thumb Code     6  dadd.o(.text)
    __aeabi_drsub                            0x0800f851   Thumb Code     6  dadd.o(.text)
    __aeabi_dmul                             0x0800f857   Thumb Code   228  dmul.o(.text)
    __aeabi_ddiv                             0x0800f93b   Thumb Code   222  ddiv.o(.text)
    __ARM_scalbn                             0x0800fa19   Thumb Code    46  dscalb.o(.text)
    scalbn                                   0x0800fa19   Thumb Code     0  dscalb.o(.text)
    __aeabi_i2f                              0x0800fa47   Thumb Code    18  fflti.o(.text)
    __aeabi_ui2f                             0x0800fa59   Thumb Code    10  ffltui.o(.text)
    __aeabi_i2d                              0x0800fa63   Thumb Code    34  dflti.o(.text)
    __aeabi_ui2d                             0x0800fa85   Thumb Code    26  dfltui.o(.text)
    __aeabi_f2iz                             0x0800fa9f   Thumb Code    50  ffixi.o(.text)
    __aeabi_d2iz                             0x0800fad1   Thumb Code    62  dfixi.o(.text)
    __aeabi_d2uiz                            0x0800fb0f   Thumb Code    50  dfixui.o(.text)
    __aeabi_f2d                              0x0800fb41   Thumb Code    38  f2d.o(.text)
    __aeabi_cdcmpeq                          0x0800fb69   Thumb Code     0  cdcmple.o(.text)
    __aeabi_cdcmple                          0x0800fb69   Thumb Code    48  cdcmple.o(.text)
    __aeabi_cdrcmple                         0x0800fb99   Thumb Code    48  cdrcmple.o(.text)
    __aeabi_d2f                              0x0800fbc9   Thumb Code    56  d2f.o(.text)
    __aeabi_cfcmpeq                          0x0800fc01   Thumb Code     0  cfcmple.o(.text)
    __aeabi_cfcmple                          0x0800fc01   Thumb Code    20  cfcmple.o(.text)
    __aeabi_cfrcmple                         0x0800fc15   Thumb Code    20  cfrcmple.o(.text)
    __aeabi_uidiv                            0x0800fc29   Thumb Code     0  uidiv.o(.text)
    __aeabi_uidivmod                         0x0800fc29   Thumb Code    44  uidiv.o(.text)
    __aeabi_llsl                             0x0800fc55   Thumb Code    30  llshl.o(.text)
    _ll_shift_l                              0x0800fc55   Thumb Code     0  llshl.o(.text)
    __aeabi_llsr                             0x0800fc73   Thumb Code    32  llushr.o(.text)
    _ll_ushift_r                             0x0800fc73   Thumb Code     0  llushr.o(.text)
    __aeabi_lasr                             0x0800fc93   Thumb Code    36  llsshr.o(.text)
    _ll_sshift_r                             0x0800fc93   Thumb Code     0  llsshr.o(.text)
    _chval                                   0x0800fcb7   Thumb Code    28  _chval.o(.text)
    __vfscanf_char                           0x0800fce1   Thumb Code    20  scanf_char.o(.text)
    _sgetc                                   0x0800fcfd   Thumb Code    30  _sgetc.o(.text)
    _sbackspace                              0x0800fd1b   Thumb Code    34  _sgetc.o(.text)
    __I$use$fp                               0x0800fd3d   Thumb Code     0  iusefp.o(.text)
    _float_round                             0x0800fd3d   Thumb Code    18  fepilogue.o(.text)
    _float_epilogue                          0x0800fd4f   Thumb Code    92  fepilogue.o(.text)
    _double_round                            0x0800fdab   Thumb Code    30  depilogue.o(.text)
    _double_epilogue                         0x0800fdc9   Thumb Code   156  depilogue.o(.text)
    _dsqrt                                   0x0800fe65   Thumb Code   162  dsqrt.o(.text)
    __aeabi_ul2d                             0x0800ff07   Thumb Code    24  dfltul.o(.text)
    __aeabi_d2ulz                            0x0800ff1f   Thumb Code    48  dfixul.o(.text)
    __scatterload                            0x0800ff51   Thumb Code    28  init.o(.text)
    __scatterload_rt2                        0x0800ff51   Thumb Code     0  init.o(.text)
    isspace                                  0x0800ff75   Thumb Code    10  isspace_c.o(.text)
    __vfscanf                                0x0800ff81   Thumb Code   808  _scanf.o(.text)
    __ctype_lookup                           0x080102ad   Thumb Code    34  ctype_c.o(.text)
    SVC_Count                                0x080102d4   Data           4  svc_table.o(SVC_TABLE)
    SVC_Table                                0x080102d8   Data           0  svc_table.o(SVC_TABLE)
    __0printf                                0x080102d9   Thumb Code    22  printfa.o(i.__0printf)
    __1printf                                0x080102d9   Thumb Code     0  printfa.o(i.__0printf)
    __2printf                                0x080102d9   Thumb Code     0  printfa.o(i.__0printf)
    __c89printf                              0x080102d9   Thumb Code     0  printfa.o(i.__0printf)
    printf                                   0x080102d9   Thumb Code     0  printfa.o(i.__0printf)
    __ARM_fpclassify                         0x080102f9   Thumb Code    40  fpclassify.o(i.__ARM_fpclassify)
    __kernel_poly                            0x08010321   Thumb Code   170  poly.o(i.__kernel_poly)
    __mathlib_dbl_divzero                    0x080103cd   Thumb Code    12  dunder.o(i.__mathlib_dbl_divzero)
    __mathlib_dbl_infnan                     0x080103dd   Thumb Code     6  dunder.o(i.__mathlib_dbl_infnan)
    __mathlib_dbl_infnan2                    0x080103e3   Thumb Code     4  dunder.o(i.__mathlib_dbl_infnan2)
    __mathlib_dbl_invalid                    0x080103e7   Thumb Code    12  dunder.o(i.__mathlib_dbl_invalid)
    __mathlib_dbl_overflow                   0x080103f3   Thumb Code    14  dunder.o(i.__mathlib_dbl_overflow)
    __mathlib_dbl_underflow                  0x08010401   Thumb Code    10  dunder.o(i.__mathlib_dbl_underflow)
    __scatterload_copy                       0x08010411   Thumb Code    14  handlers.o(i.__scatterload_copy)
    __scatterload_null                       0x0801041f   Thumb Code     2  handlers.o(i.__scatterload_null)
    __scatterload_zeroinit                   0x08010421   Thumb Code    14  handlers.o(i.__scatterload_zeroinit)
    __set_errno                              0x08010431   Thumb Code     6  errno.o(i.__set_errno)
    _init_box                                0x080105a1   Thumb Code    70  rt_membox.o(i._init_box)
    _is_digit                                0x080105e7   Thumb Code    14  scanf_fp.o(i._is_digit)
    dbg_init                                 0x08010d25   Thumb Code    34  hal_cm.o(i.dbg_init)
    dbg_task_notify                          0x08010d55   Thumb Code    32  hal_cm.o(i.dbg_task_notify)
    dbg_task_switch                          0x08010d75   Thumb Code    16  hal_cm.o(i.dbg_task_switch)
    floor                                    0x08010d85   Thumb Code   204  floor.o(i.floor)
    isrMessageGet                            0x08010e61   Thumb Code    42  rt_cmsis.o(i.isrMessageGet)
    isrMessagePut                            0x08010e8b   Thumb Code    44  rt_cmsis.o(i.isrMessagePut)
    isrSignalSet                             0x08010eb7   Thumb Code    36  rt_cmsis.o(i.isrSignalSet)
    isr_evt_set                              0x08010edd   Thumb Code    34  rt_event.o(i.isr_evt_set)
    isr_mbx_receive                          0x08010f05   Thumb Code    82  rt_mailbox.o(i.isr_mbx_receive)
    isr_mbx_send                             0x08010f57   Thumb Code    14  rt_mailbox.o(i.isr_mbx_send)
    log                                      0x08010f65   Thumb Code   808  log.o(i.log)
    log10                                    0x080112c1   Thumb Code   198  log10.o(i.log10)
    osDelay                                  0x080113a5   Thumb Code    18  rt_cmsis.o(i.osDelay)
    osKernelInitialize                       0x080113bd   Thumb Code    30  rt_cmsis.o(i.osKernelInitialize)
    osKernelStart                            0x080113e1   Thumb Code    98  rt_cmsis.o(i.osKernelStart)
    osMessageGet                             0x0801144d   Thumb Code    18  rt_cmsis.o(i.osMessageGet)
    osMutexCreate                            0x08011465   Thumb Code    38  rt_cmsis.o(i.osMutexCreate)
    osMutexRelease                           0x08011495   Thumb Code    18  rt_cmsis.o(i.osMutexRelease)
    osMutexWait                              0x080114ad   Thumb Code    18  rt_cmsis.o(i.osMutexWait)
    osSignalClear                            0x080114c5   Thumb Code    20  rt_cmsis.o(i.osSignalClear)
    osSignalSet                              0x080114dd   Thumb Code    18  rt_cmsis.o(i.osSignalSet)
    osSignalWait                             0x080114f5   Thumb Code    18  rt_cmsis.o(i.osSignalWait)
    osThreadCreate                           0x0801150d   Thumb Code    38  rt_cmsis.o(i.osThreadCreate)
    osThreadExit                             0x0801153d   Thumb Code    14  rt_cmsis.o(i.osThreadExit)
    osThreadGetId                            0x08011555   Thumb Code    18  rt_cmsis.o(i.osThreadGetId)
    osThreadTerminate                        0x0801156d   Thumb Code    18  rt_cmsis.o(i.osThreadTerminate)
    osTimerCall                              0x08011585   Thumb Code     8  rt_cmsis.o(i.osTimerCall)
    osTimerThread                            0x08011591   Thumb Code    38  rt_cmsis.o(i.osTimerThread)
    os_tick_init                             0x080115bd   Thumb Code    32  rt_system.o(i.os_tick_init)
    os_tick_irqack                           0x080115e5   Thumb Code     2  rt_system.o(i.os_tick_irqack)
    pow                                      0x080115e9   Thumb Code  2478  pow.o(i.pow)
    putc                                     0x08011fa1   Thumb Code     4  putc.o(i.putc)
    rt_alloc_box                             0x08011fa5   Thumb Code    26  rt_membox.o(i.rt_alloc_box)
    rt_alloc_mem                             0x08011fbf   Thumb Code    62  rt_memory.o(i.rt_alloc_mem)
    rt_block                                 0x08011ffd   Thumb Code    48  rt_task.o(i.rt_block)
    rt_chk_robin                             0x08012035   Thumb Code    60  rt_robin.o(i.rt_chk_robin)
    rt_dec_dly                               0x0801207d   Thumb Code   102  rt_list.o(i.rt_dec_dly)
    rt_dispatch                              0x080120ed   Thumb Code    60  rt_task.o(i.rt_dispatch)
    rt_dly_wait                              0x08012131   Thumb Code     6  rt_time.o(i.rt_dly_wait)
    rt_evt_clr                               0x08012139   Thumb Code    22  rt_event.o(i.rt_evt_clr)
    rt_evt_psh                               0x08012155   Thumb Code    76  rt_event.o(i.rt_evt_psh)
    rt_evt_set                               0x080121a5   Thumb Code    88  rt_event.o(i.rt_evt_set)
    rt_evt_wait                              0x08012201   Thumb Code    56  rt_event.o(i.rt_evt_wait)
    rt_free_box                              0x0801223d   Thumb Code    32  rt_membox.o(i.rt_free_box)
    rt_free_mem                              0x0801225d   Thumb Code    40  rt_memory.o(i.rt_free_mem)
    rt_get_first                             0x08012285   Thumb Code    40  rt_list.o(i.rt_get_first)
    rt_init_mem                              0x080122fd   Thumb Code    26  rt_memory.o(i.rt_init_mem)
    rt_init_robin                            0x08012319   Thumb Code    14  rt_robin.o(i.rt_init_robin)
    rt_init_stack                            0x08012331   Thumb Code   118  hal_cm.o(i.rt_init_stack)
    rt_mbx_check                             0x080123b1   Thumb Code     8  rt_mailbox.o(i.rt_mbx_check)
    rt_mbx_init                              0x080123b9   Thumb Code    26  rt_mailbox.o(i.rt_mbx_init)
    rt_mbx_psh                               0x080123d5   Thumb Code   236  rt_mailbox.o(i.rt_mbx_psh)
    rt_mbx_wait                              0x080124c5   Thumb Code   174  rt_mailbox.o(i.rt_mbx_wait)
    rt_mut_init                              0x080125b5   Thumb Code    16  rt_mutex.o(i.rt_mut_init)
    rt_mut_release                           0x080125c5   Thumb Code   208  rt_mutex.o(i.rt_mut_release)
    rt_mut_wait                              0x0801269d   Thumb Code   100  rt_mutex.o(i.rt_mut_wait)
    rt_pop_req                               0x08012705   Thumb Code   112  rt_system.o(i.rt_pop_req)
    rt_psh_req                               0x08012781   Thumb Code    22  rt_system.o(i.rt_psh_req)
    rt_psq_enq                               0x080127a1   Thumb Code    88  rt_list.o(i.rt_psq_enq)
    rt_put_dly                               0x080127fd   Thumb Code    68  rt_list.o(i.rt_put_dly)
    rt_put_prio                              0x08012845   Thumb Code    54  rt_list.o(i.rt_put_prio)
    rt_put_rdy_first                         0x0801287d   Thumb Code    14  rt_list.o(i.rt_put_rdy_first)
    rt_resort_prio                           0x08012891   Thumb Code    46  rt_list.o(i.rt_resort_prio)
    rt_ret_val                               0x080128c5   Thumb Code     6  hal_cm.o(i.rt_ret_val)
    rt_ret_val2                              0x080128cb   Thumb Code     8  hal_cm.o(i.rt_ret_val2)
    rt_rmv_dly                               0x080128d3   Thumb Code    40  rt_list.o(i.rt_rmv_dly)
    rt_rmv_list                              0x080128fd   Thumb Code    44  rt_list.o(i.rt_rmv_list)
    rt_sem_psh                               0x0801292d   Thumb Code    48  rt_semaphore.o(i.rt_sem_psh)
    rt_stk_check                             0x08012961   Thumb Code    28  rt_system.o(i.rt_stk_check)
    rt_switch_req                            0x08012985   Thumb Code    30  rt_task.o(i.rt_switch_req)
    rt_sys_init                              0x080129ad   Thumb Code   138  rt_task.o(i.rt_sys_init)
    rt_sys_start                             0x08012a79   Thumb Code   110  rt_task.o(i.rt_sys_start)
    rt_systick                               0x08012af1   Thumb Code    50  rt_system.o(i.rt_systick)
    rt_tsk_create                            0x08012b79   Thumb Code   112  rt_task.o(i.rt_tsk_create)
    rt_tsk_delete                            0x08012bf9   Thumb Code   342  rt_task.o(i.rt_tsk_delete)
    rt_tsk_prio                              0x08012d6d   Thumb Code   108  rt_task.o(i.rt_tsk_prio)
    rt_tsk_self                              0x08012de9   Thumb Code    12  rt_task.o(i.rt_tsk_self)
    sqrt                                     0x08012df9   Thumb Code    76  sqrt.o(i.sqrt)
    svcDelay                                 0x08012e45   Thumb Code    20  rt_cmsis.o(i.svcDelay)
    svcKernelInitialize                      0x08012e59   Thumb Code    80  rt_cmsis.o(i.svcKernelInitialize)
    svcKernelStart                           0x08012ec9   Thumb Code    62  rt_cmsis.o(i.svcKernelStart)
    svcMessageCreate                         0x08012f11   Thumb Code    36  rt_cmsis.o(i.svcMessageCreate)
    svcMessageGet                            0x08012f35   Thumb Code    58  rt_cmsis.o(i.svcMessageGet)
    svcMutexCreate                           0x08012f6f   Thumb Code    28  rt_cmsis.o(i.svcMutexCreate)
    svcMutexRelease                          0x08012f8b   Thumb Code    34  rt_cmsis.o(i.svcMutexRelease)
    svcMutexWait                             0x08012fad   Thumb Code    54  rt_cmsis.o(i.svcMutexWait)
    svcSignalClear                           0x08012fe3   Thumb Code    36  rt_cmsis.o(i.svcSignalClear)
    svcSignalSet                             0x08013007   Thumb Code    36  rt_cmsis.o(i.svcSignalSet)
    svcSignalWait                            0x0801302d   Thumb Code    80  rt_cmsis.o(i.svcSignalWait)
    svcThreadCreate                          0x08013081   Thumb Code   100  rt_cmsis.o(i.svcThreadCreate)
    svcThreadGetId                           0x080130f1   Thumb Code    22  rt_cmsis.o(i.svcThreadGetId)
    svcThreadTerminate                       0x0801310d   Thumb Code    50  rt_cmsis.o(i.svcThreadTerminate)
    svcTimerCall                             0x08013145   Thumb Code    24  rt_cmsis.o(i.svcTimerCall)
    sysTimerTick                             0x0801315d   Thumb Code    84  rt_cmsis.o(i.sysTimerTick)
    PCB_Revision                             0x080131b8   Data           2  tsk_serialinterface.o(.constdata)
    ProjectCode                              0x080131ba   Data           4  tsk_serialinterface.o(.constdata)
    PCB_Drawing_No                           0x080131be   Data           4  tsk_serialinterface.o(.constdata)
    Firmware_Version                         0x080131c2   Data           6  tsk_serialinterface.o(.constdata)
    os_mutex_def_EXT_LED_Mutex               0x080131e8   Data           4  tsk_statusled.o(.constdata)
    os_mutex_def_Status_Mutex                0x080131ec   Data           4  status_manager.o(.constdata)
    os_maxtaskrun                            0x08013250   Data           2  rtx_conf_cm.o(.constdata)
    os_stackinfo                             0x08013254   Data           4  rtx_conf_cm.o(.constdata)
    os_rrobin                                0x08013258   Data           4  rtx_conf_cm.o(.constdata)
    os_trv                                   0x0801325c   Data           4  rtx_conf_cm.o(.constdata)
    os_flags                                 0x08013260   Data           1  rtx_conf_cm.o(.constdata)
    CMSIS_RTOS_API_Version                   0x08013264   Data           4  rtx_conf_cm.o(.constdata)
    CMSIS_RTOS_RTX_Version                   0x08013268   Data           4  rtx_conf_cm.o(.constdata)
    os_clockrate                             0x0801326c   Data           4  rtx_conf_cm.o(.constdata)
    os_timernum                              0x08013270   Data           4  rtx_conf_cm.o(.constdata)
    mp_tcb_size                              0x08013274   Data           2  rtx_conf_cm.o(.constdata)
    mp_stk_size                              0x08013278   Data           4  rtx_conf_cm.o(.constdata)
    os_stack_sz                              0x0801327c   Data           4  rtx_conf_cm.o(.constdata)
    os_fifo_size                             0x08013280   Data           1  rtx_conf_cm.o(.constdata)
    os_thread_def_osTimerThread              0x08013284   Data          16  rtx_conf_cm.o(.constdata)
    os_messageQ_def_osTimerMessageQ          0x08013294   Data           8  rtx_conf_cm.o(.constdata)
    mp_tmr_size                              0x0801329c   Data           2  rtx_conf_cm.o(.constdata)
    __mathlib_zero                           0x08013360   Data           8  qnan.o(.constdata)
    __ctype_categories                       0x08013368   Data          64  ctype_c.o(.constdata)
    Region$$Table$$Base                      0x080133a8   Number         0  anon$$obj.o(Region$$Table)
    Region$$Table$$Limit                     0x080133c8   Number         0  anon$$obj.o(Region$$Table)
    tidADC1Monitor                           0x20000014   Data           4  tsk_adc1monitor.o(.data)
    wr_task                                  0x2000001c   Data           4  serial.o(.data)
    rd_task                                  0x20000020   Data           4  serial.o(.data)
    ECHO_ON                                  0x20000024   Data           1  getline.o(.data)
    StopReportFlag                           0x20000028   Data           1  tsk_serialinterface.o(.data)
    firstTime                                0x20000029   Data           1  tsk_serialinterface.o(.data)
    tidStopReporting                         0x2000002c   Data           4  tsk_serialinterface.o(.data)
    tidSerialInterface                       0x20000030   Data           4  tsk_serialinterface.o(.data)
    tidPowerManager                          0x20000034   Data           4  tsk_powermanager.o(.data)
    EXT_LED_Mutex_Initialised                0x20000038   Data           1  tsk_statusled.o(.data)
    BitLEDs1                                 0x20000039   Data           1  tsk_statusled.o(.data)
    State1                                   0x2000003a   Data           1  tsk_statusled.o(.data)
    ExecuteState                             0x2000003b   Data           1  tsk_statusled.o(.data)
    LED_mutex_id                             0x2000003c   Data           4  tsk_statusled.o(.data)
    tidLEDSeq                                0x20000040   Data           4  tsk_statusled.o(.data)
    tidStatusLed                             0x20000044   Data           4  tsk_statusled.o(.data)
    MuxInitialised                           0x20000048   Data           1  status_manager.o(.data)
    Err_Status                               0x2000004c   Data           4  status_manager.o(.data)
    mutex_Status_id                          0x20000050   Data           4  status_manager.o(.data)
    errorStatus                              0x20000058   Data           2  thermal_utility.o(.data)
    warningStatus                            0x2000005a   Data           2  thermal_utility.o(.data)
    grad                                     0x20000060   Data           8  thermal_utility.o(.data)
    offset                                   0x20000068   Data           8  thermal_utility.o(.data)
    TempF                                    0x20000070   Data           8  thermal_utility.o(.data)
    CCR_VAL                                  0x20000078   Data           4  timer_manager.o(.data)
    firstTime1                               0x2000007c   Data           1  tsk_thermalcontrol.o(.data)
    tidThermalControl                        0x20000080   Data           4  tsk_thermalcontrol.o(.data)
    OptoFlashTruthTable                      0x20000084   Data          44  rdx_optoflash.o(.data)
    m_tmr                                    0x200000b0   Data           4  rtx_conf_cm.o(.data)
    os_thread_def_main                       0x200000b4   Data          16  rtx_conf_cm.o(.data)
    osThreadId_osTimerThread                 0x200000c4   Data           4  rtx_conf_cm.o(.data)
    osMessageQId_osTimerMessageQ             0x200000c8   Data           4  rtx_conf_cm.o(.data)
    SystemCoreClock                          0x200000cc   Data           4  system_stm32f10x.o(.data)
    AHBPrescTable                            0x200000d0   Data          16  system_stm32f10x.o(.data)
    os_initialized                           0x200000e0   Data           1  rt_cmsis.o(.data)
    os_running                               0x200000e1   Data           1  rt_cmsis.o(.data)
    os_timer_head                            0x200000e4   Data           4  rt_cmsis.o(.data)
    os_tsk                                   0x200000e8   Data           8  rt_task.o(.data)
    os_tick_irqn                             0x200000f4   Data           4  rt_system.o(.data)
    os_time                                  0x200000f8   Data           4  rt_time.o(.data)
    dbg_msg                                  0x200000fc   Data           1  hal_cm.o(.data)
    os_robin                                 0x20000100   Data           8  rt_robin.o(.data)
    __stdout                                 0x20000108   Data           4  stdout.o(.data)
    ADC_Channels                             0x20000110   Data          10  adc_manager.o(.bss)
    AvAdcValue                               0x2000011c   Data          20  tsk_adc1monitor.o(.bss)
    szCmdline                                0x20000230   Data          90  tsk_serialinterface.o(.bss)
    os_mutex_cb_EXT_LED_Mutex                0x2000028c   Data          16  tsk_statusled.o(.bss)
    LEDPins                                  0x2000029c   Data          24  tsk_statusled.o(.bss)
    os_mutex_cb_Status_Mutex                 0x200002b4   Data          16  status_manager.o(.bss)
    sPID                                     0x200002c8   Data          64  pid_manager.o(.bss)
    sTEC_Pins                                0x20000308   Data          20  thermal_utility.o(.bss)
    OtherPins                                0x2000031c   Data          20  thermal_utility.o(.bss)
    TacoPins                                 0x20000330   Data          20  thermal_utility.o(.bss)
    sTEC                                     0x20000344   Data          20  thermal_utility.o(.bss)
    MUXPins                                  0x20000358   Data          32  rdx_optoflash.o(.bss)
    lightRead                                0x20000378   Data          22  rdx_optoflash.o(.bss)
    refRead                                  0x2000038e   Data          22  rdx_optoflash.o(.bss)
    sampleRead                               0x200003a4   Data          22  rdx_optoflash.o(.bss)
    absReference                             0x200003bc   Data          44  rdx_optoflash.o(.bss)
    absSample                                0x200003e8   Data          44  rdx_optoflash.o(.bss)
    TransmitReference                        0x20000414   Data          44  rdx_optoflash.o(.bss)
    TransmitSample                           0x20000440   Data          44  rdx_optoflash.o(.bss)
    Rpot                                     0x20000470   Data          88  rdx_optoflash.o(.bss)
    Dig_Pot                                  0x200004c8   Data          88  rdx_optoflash.o(.bss)
    dSPIN_RegsStruct                         0x20000520   Data          44  rdx_dspin_config.o(.bss)
    os_messageQ_q_osTimerMessageQ            0x2000054c   Data          32  rtx_conf_cm.o(.bss)
    mp_tcb                                   0x2000056c   Data         480  rtx_conf_cm.o(.bss)
    mp_stk                                   0x20000750   Data        8208  rtx_conf_cm.o(.bss)
    os_stack_mem                             0x20002760   Data        1432  rtx_conf_cm.o(.bss)
    os_fifo                                  0x20002cf8   Data         132  rtx_conf_cm.o(.bss)
    os_active_TCB                            0x20002d7c   Data          36  rtx_conf_cm.o(.bss)
    os_idle_TCB                              0x20002da0   Data          52  rt_task.o(.bss)
    os_rdy                                   0x20002dd4   Data          24  rt_list.o(.bss)
    os_dly                                   0x20002dec   Data          24  rt_list.o(.bss)
    __initial_sp                             0x20003208   Data           0  startup_stm32f10x_xl.o(STACK)



==============================================================================

Memory Map of the image

  Image Entry point : 0x08008131

  Load Region LR_IROM1 (Base: 0x08008000, Size: 0x0000b4d8, Max: 0x000f8000, ABSOLUTE)

    Execution Region ER_IROM1 (Base: 0x08008000, Size: 0x0000b3c8, Max: 0x000f8000, ABSOLUTE)

    Base Addr    Size         Type   Attr      Idx    E Section Name        Object

    0x08008000   0x00000130   Data   RO          230    RESET               startup_stm32f10x_xl.o
    0x08008130   0x00000000   Code   RO          436  * .ARM.Collect$$$$00000000  mc_w.l(entry.o)
    0x08008130   0x00000004   Code   RO          617    .ARM.Collect$$$$00000001  mc_w.l(entry2.o)
    0x08008134   0x00000004   Code   RO          620    .ARM.Collect$$$$00000004  mc_w.l(entry5.o)
    0x08008138   0x00000000   Code   RO          622    .ARM.Collect$$$$00000008  mc_w.l(entry7b.o)
    0x08008138   0x00000000   Code   RO          624    .ARM.Collect$$$$0000000A  mc_w.l(entry8b.o)
    0x08008138   0x00000000   Code   RO          625    .ARM.Collect$$$$0000000D  mc_w.l(entry10a.o)
    0x08008138   0x00000000   Code   RO          627    .ARM.Collect$$$$0000000F  mc_w.l(entry11a.o)
    0x08008138   0x00000018   Code   RO          199    .ARM.Collect$$$$000000FF  rtx_conf_cm.o
    0x08008150   0x00000004   Code   RO          618    .ARM.Collect$$$$00002712  mc_w.l(entry2.o)
    0x08008154   0x00000130   Code   RO          418    .emb_text           RTX_CM3.lib(hal_cm3.o)
    0x08008284   0x000000b0   Code   RO            4    .text               misc.o
    0x08008334   0x00000330   Code   RO            8    .text               stm32f10x_adc.o
    0x08008664   0x000001c8   Code   RO           16    .text               stm32f10x_dma.o
    0x0800882c   0x000006cc   Code   RO           24    .text               stm32f10x_flash.o
    0x08008ef8   0x0000026c   Code   RO           28    .text               stm32f10x_gpio.o
    0x08009164   0x000000a4   Code   RO           32    .text               stm32f10x_it.o
    0x08009208   0x00000328   Code   RO           36    .text               stm32f10x_i2c.o
    0x08009530   0x000002b4   Code   RO           40    .text               stm32f10x_rcc.o
    0x080097e4   0x00000af4   Code   RO           45    .text               stm32f10x_tim.o
    0x0800a2d8   0x00000274   Code   RO           49    .text               stm32f10x_spi.o
    0x0800a54c   0x00000328   Code   RO           53    .text               stm32f10x_usart.o
    0x0800a874   0x0000000a   Code   RO           58    .text               nvic_manager.o
    0x0800a87e   0x00000002   PAD
    0x0800a880   0x00000062   Code   RO           62    .text               rcc_manager.o
    0x0800a8e2   0x00000002   PAD
    0x0800a8e4   0x000001d4   Code   RO           66    .text               spi_manager.o
    0x0800aab8   0x00000024   Code   RO           70    .text               jtag_manager.o
    0x0800aadc   0x0000004c   Code   RO           74    .text               buzzer_manager.o
    0x0800ab28   0x0000017c   Code   RO           78    .text               adc_manager.o
    0x0800aca4   0x000000a8   Code   RO           83    .text               tsk_adc1monitor.o
    0x0800ad4c   0x000000e0   Code   RO           89    .text               usart_manager.o
    0x0800ae2c   0x00000220   Code   RO           93    .text               serial.o
    0x0800b04c   0x0000007c   Code   RO           97    .text               getline.o
    0x0800b0c8   0x00001274   Code   RO          102    .text               tsk_serialinterface.o
    0x0800c33c   0x000000b0   Code   RO          113    .text               tsk_powermanager.o
    0x0800c3ec   0x00000024   Code   RO          118    .text               powermanager.o
    0x0800c410   0x000002cc   Code   RO          122    .text               tsk_statusled.o
    0x0800c6dc   0x00000094   Code   RO          131    .text               status_manager.o
    0x0800c770   0x000000e0   Code   RO          138    .text               main.o
    0x0800c850   0x00000138   Code   RO          143    .text               pid_manager.o
    0x0800c988   0x000008bc   Code   RO          148    .text               thermal_utility.o
    0x0800d244   0x000000b4   Code   RO          156    .text               timer_manager.o
    0x0800d2f8   0x00000090   Code   RO          161    .text               tsk_thermalcontrol.o
    0x0800d388   0x00000944   Code   RO          167    .text               rdx_optoflash.o
    0x0800dccc   0x00000058   Code   RO          173    .text               capacitivesensor_manager.o
    0x0800dd24   0x000001f4   Code   RO          177    .text               rdx_dspin_config.o
    0x0800df18   0x000004c0   Code   RO          182    .text               rdx_dspin_utility.o
    0x0800e3d8   0x000003ec   Code   RO          186    .text               hih_manager.o
    0x0800e7c4   0x000001b0   Code   RO          190    .text               i2c_manager.o
    0x0800e974   0x00000198   Code   RO          194    .text               pump_manager.o
    0x0800eb0c   0x000002c8   Code   RO          198    .text               px26_manager.o
    0x0800edd4   0x00000004   Code   RO          200    .text               rtx_conf_cm.o
    0x0800edd8   0x00000024   Code   RO          231    .text               startup_stm32f10x_xl.o
    0x0800edfc   0x00000158   Code   RO          235    .text               system_stm32f10x.o
    0x0800ef54   0x00000062   Code   RO          441    .text               mc_w.l(uldiv.o)
    0x0800efb6   0x0000000c   Code   RO          442    .text               mc_w.l(toupper.o)
    0x0800efc2   0x00000002   PAD
    0x0800efc4   0x00000038   Code   RO          574    .text               mc_w.l(__0sscanf.o)
    0x0800effc   0x0000014c   Code   RO          575    .text               mc_w.l(_scanf_int.o)
    0x0800f148   0x000000e0   Code   RO          576    .text               mc_w.l(_scanf_str.o)
    0x0800f228   0x00000338   Code   RO          577    .text               mc_w.l(scanf_fp.o)
    0x0800f560   0x000000b0   Code   RO          580    .text               mf_w.l(fadd.o)
    0x0800f610   0x00000064   Code   RO          581    .text               mf_w.l(fmul.o)
    0x0800f674   0x0000007c   Code   RO          582    .text               mf_w.l(fdiv.o)
    0x0800f6f0   0x00000018   Code   RO          583    .text               mf_w.l(fscalb.o)
    0x0800f708   0x0000014e   Code   RO          584    .text               mf_w.l(dadd.o)
    0x0800f856   0x000000e4   Code   RO          585    .text               mf_w.l(dmul.o)
    0x0800f93a   0x000000de   Code   RO          586    .text               mf_w.l(ddiv.o)
    0x0800fa18   0x0000002e   Code   RO          587    .text               mf_w.l(dscalb.o)
    0x0800fa46   0x00000012   Code   RO          588    .text               mf_w.l(fflti.o)
    0x0800fa58   0x0000000a   Code   RO          589    .text               mf_w.l(ffltui.o)
    0x0800fa62   0x00000022   Code   RO          590    .text               mf_w.l(dflti.o)
    0x0800fa84   0x0000001a   Code   RO          591    .text               mf_w.l(dfltui.o)
    0x0800fa9e   0x00000032   Code   RO          592    .text               mf_w.l(ffixi.o)
    0x0800fad0   0x0000003e   Code   RO          593    .text               mf_w.l(dfixi.o)
    0x0800fb0e   0x00000032   Code   RO          594    .text               mf_w.l(dfixui.o)
    0x0800fb40   0x00000026   Code   RO          595    .text               mf_w.l(f2d.o)
    0x0800fb66   0x00000002   PAD
    0x0800fb68   0x00000030   Code   RO          596    .text               mf_w.l(cdcmple.o)
    0x0800fb98   0x00000030   Code   RO          597    .text               mf_w.l(cdrcmple.o)
    0x0800fbc8   0x00000038   Code   RO          598    .text               mf_w.l(d2f.o)
    0x0800fc00   0x00000014   Code   RO          599    .text               mf_w.l(cfcmple.o)
    0x0800fc14   0x00000014   Code   RO          600    .text               mf_w.l(cfrcmple.o)
    0x0800fc28   0x0000002c   Code   RO          629    .text               mc_w.l(uidiv.o)
    0x0800fc54   0x0000001e   Code   RO          630    .text               mc_w.l(llshl.o)
    0x0800fc72   0x00000020   Code   RO          631    .text               mc_w.l(llushr.o)
    0x0800fc92   0x00000024   Code   RO          632    .text               mc_w.l(llsshr.o)
    0x0800fcb6   0x0000001c   Code   RO          637    .text               mc_w.l(_chval.o)
    0x0800fcd2   0x00000002   PAD
    0x0800fcd4   0x00000028   Code   RO          638    .text               mc_w.l(scanf_char.o)
    0x0800fcfc   0x00000040   Code   RO          639    .text               mc_w.l(_sgetc.o)
    0x0800fd3c   0x00000000   Code   RO          640    .text               mc_w.l(iusefp.o)
    0x0800fd3c   0x0000006e   Code   RO          641    .text               mf_w.l(fepilogue.o)
    0x0800fdaa   0x000000ba   Code   RO          642    .text               mf_w.l(depilogue.o)
    0x0800fe64   0x000000a2   Code   RO          643    .text               mf_w.l(dsqrt.o)
    0x0800ff06   0x00000018   Code   RO          644    .text               mf_w.l(dfltul.o)
    0x0800ff1e   0x00000030   Code   RO          645    .text               mf_w.l(dfixul.o)
    0x0800ff4e   0x00000002   PAD
    0x0800ff50   0x00000024   Code   RO          646    .text               mc_w.l(init.o)
    0x0800ff74   0x0000000a   Code   RO          647    .text               mc_w.l(isspace_c.o)
    0x0800ff7e   0x00000002   PAD
    0x0800ff80   0x0000032c   Code   RO          648    .text               mc_w.l(_scanf.o)
    0x080102ac   0x00000028   Code   RO          649    .text               mc_w.l(ctype_c.o)
    0x080102d4   0x00000004   Code   RO          419    SVC_TABLE           RTX_CM3.lib(svc_table.o)
    0x080102d8   0x00000020   Code   RO          560    i.__0printf         mc_w.l(printfa.o)
    0x080102f8   0x00000028   Code   RO          608    i.__ARM_fpclassify  m_ws.l(fpclassify.o)
    0x08010320   0x000000aa   Code   RO          615    i.__kernel_poly     m_ws.l(poly.o)
    0x080103ca   0x00000002   PAD
    0x080103cc   0x00000010   Code   RO          601    i.__mathlib_dbl_divzero  m_ws.l(dunder.o)
    0x080103dc   0x00000006   Code   RO          602    i.__mathlib_dbl_infnan  m_ws.l(dunder.o)
    0x080103e2   0x00000004   Code   RO          603    i.__mathlib_dbl_infnan2  m_ws.l(dunder.o)
    0x080103e6   0x0000000c   Code   RO          604    i.__mathlib_dbl_invalid  m_ws.l(dunder.o)
    0x080103f2   0x0000000e   Code   RO          605    i.__mathlib_dbl_overflow  m_ws.l(dunder.o)
    0x08010400   0x00000010   Code   RO          607    i.__mathlib_dbl_underflow  m_ws.l(dunder.o)
    0x08010410   0x0000000e   Code   RO          653    i.__scatterload_copy  mc_w.l(handlers.o)
    0x0801041e   0x00000002   Code   RO          654    i.__scatterload_null  mc_w.l(handlers.o)
    0x08010420   0x0000000e   Code   RO          655    i.__scatterload_zeroinit  mc_w.l(handlers.o)
    0x0801042e   0x00000002   PAD
    0x08010430   0x0000000c   Code   RO          635    i.__set_errno       mc_w.l(errno.o)
    0x0801043c   0x00000164   Code   RO          567    i._fp_digits        mc_w.l(printfa.o)
    0x080105a0   0x00000046   Code   RO          402    i._init_box         RTX_CM3.lib(rt_membox.o)
    0x080105e6   0x0000000e   Code   RO          579    i._is_digit         mc_w.l(scanf_fp.o)
    0x080105f4   0x000006dc   Code   RO          568    i._printf_core      mc_w.l(printfa.o)
    0x08010cd0   0x00000024   Code   RO          569    i._printf_post_padding  mc_w.l(printfa.o)
    0x08010cf4   0x0000002e   Code   RO          570    i._printf_pre_padding  mc_w.l(printfa.o)
    0x08010d22   0x00000002   PAD
    0x08010d24   0x00000030   Code   RO          408    i.dbg_init          RTX_CM3.lib(hal_cm.o)
    0x08010d54   0x00000020   Code   RO          409    i.dbg_task_notify   RTX_CM3.lib(hal_cm.o)
    0x08010d74   0x00000010   Code   RO          410    i.dbg_task_switch   RTX_CM3.lib(hal_cm.o)
    0x08010d84   0x000000dc   Code   RO          421    i.floor             m_ws.l(floor.o)
    0x08010e60   0x0000002a   Code   RO          240    i.isrMessageGet     RTX_CM3.lib(rt_cmsis.o)
    0x08010e8a   0x0000002c   Code   RO          241    i.isrMessagePut     RTX_CM3.lib(rt_cmsis.o)
    0x08010eb6   0x00000024   Code   RO          243    i.isrSignalSet      RTX_CM3.lib(rt_cmsis.o)
    0x08010eda   0x00000002   PAD
    0x08010edc   0x00000028   Code   RO          362    i.isr_evt_set       RTX_CM3.lib(rt_event.o)
    0x08010f04   0x00000052   Code   RO          379    i.isr_mbx_receive   RTX_CM3.lib(rt_mailbox.o)
    0x08010f56   0x0000000e   Code   RO          380    i.isr_mbx_send      RTX_CM3.lib(rt_mailbox.o)
    0x08010f64   0x0000035c   Code   RO          610    i.log               m_ws.l(log.o)
    0x080112c0   0x000000e4   Code   RO          423    i.log10             m_ws.l(log10.o)
    0x080113a4   0x00000018   Code   RO          244    i.osDelay           RTX_CM3.lib(rt_cmsis.o)
    0x080113bc   0x00000024   Code   RO          245    i.osKernelInitialize  RTX_CM3.lib(rt_cmsis.o)
    0x080113e0   0x0000006c   Code   RO          247    i.osKernelStart     RTX_CM3.lib(rt_cmsis.o)
    0x0801144c   0x00000018   Code   RO          256    i.osMessageGet      RTX_CM3.lib(rt_cmsis.o)
    0x08011464   0x00000030   Code   RO          258    i.osMutexCreate     RTX_CM3.lib(rt_cmsis.o)
    0x08011494   0x00000018   Code   RO          260    i.osMutexRelease    RTX_CM3.lib(rt_cmsis.o)
    0x080114ac   0x00000018   Code   RO          261    i.osMutexWait       RTX_CM3.lib(rt_cmsis.o)
    0x080114c4   0x00000018   Code   RO          270    i.osSignalClear     RTX_CM3.lib(rt_cmsis.o)
    0x080114dc   0x00000018   Code   RO          271    i.osSignalSet       RTX_CM3.lib(rt_cmsis.o)
    0x080114f4   0x00000018   Code   RO          272    i.osSignalWait      RTX_CM3.lib(rt_cmsis.o)
    0x0801150c   0x00000030   Code   RO          273    i.osThreadCreate    RTX_CM3.lib(rt_cmsis.o)
    0x0801153c   0x00000018   Code   RO          274    i.osThreadExit      RTX_CM3.lib(rt_cmsis.o)
    0x08011554   0x00000018   Code   RO          275    i.osThreadGetId     RTX_CM3.lib(rt_cmsis.o)
    0x0801156c   0x00000018   Code   RO          278    i.osThreadTerminate  RTX_CM3.lib(rt_cmsis.o)
    0x08011584   0x0000000c   Code   RO          280    i.osTimerCall       RTX_CM3.lib(rt_cmsis.o)
    0x08011590   0x0000002c   Code   RO          285    i.osTimerThread     RTX_CM3.lib(rt_cmsis.o)
    0x080115bc   0x00000028   Code   RO          349    i.os_tick_init      RTX_CM3.lib(rt_system.o)
    0x080115e4   0x00000002   Code   RO          350    i.os_tick_irqack    RTX_CM3.lib(rt_system.o)
    0x080115e6   0x00000002   PAD
    0x080115e8   0x000009b8   Code   RO          427    i.pow               m_ws.l(pow.o)
    0x08011fa0   0x00000004   Code   RO          439    i.putc              mc_w.l(putc.o)
    0x08011fa4   0x0000001a   Code   RO          403    i.rt_alloc_box      RTX_CM3.lib(rt_membox.o)
    0x08011fbe   0x0000003e   Code   RO          405    i.rt_alloc_mem      RTX_CM3.lib(rt_memory.o)
    0x08011ffc   0x00000038   Code   RO          335    i.rt_block          RTX_CM3.lib(rt_task.o)
    0x08012034   0x00000048   Code   RO          415    i.rt_chk_robin      RTX_CM3.lib(rt_robin.o)
    0x0801207c   0x00000070   Code   RO          368    i.rt_dec_dly        RTX_CM3.lib(rt_list.o)
    0x080120ec   0x00000044   Code   RO          336    i.rt_dispatch       RTX_CM3.lib(rt_task.o)
    0x08012130   0x00000006   Code   RO          392    i.rt_dly_wait       RTX_CM3.lib(rt_time.o)
    0x08012136   0x00000002   PAD
    0x08012138   0x0000001c   Code   RO          363    i.rt_evt_clr        RTX_CM3.lib(rt_event.o)
    0x08012154   0x00000050   Code   RO          365    i.rt_evt_psh        RTX_CM3.lib(rt_event.o)
    0x080121a4   0x0000005c   Code   RO          366    i.rt_evt_set        RTX_CM3.lib(rt_event.o)
    0x08012200   0x0000003c   Code   RO          367    i.rt_evt_wait       RTX_CM3.lib(rt_event.o)
    0x0801223c   0x00000020   Code   RO          404    i.rt_free_box       RTX_CM3.lib(rt_membox.o)
    0x0801225c   0x00000028   Code   RO          406    i.rt_free_mem       RTX_CM3.lib(rt_memory.o)
    0x08012284   0x00000028   Code   RO          369    i.rt_get_first      RTX_CM3.lib(rt_list.o)
    0x080122ac   0x00000008   Code   RO          290    i.rt_id2obj         RTX_CM3.lib(rt_cmsis.o)
    0x080122b4   0x00000048   Code   RO          337    i.rt_init_context   RTX_CM3.lib(rt_task.o)
    0x080122fc   0x0000001a   Code   RO          407    i.rt_init_mem       RTX_CM3.lib(rt_memory.o)
    0x08012316   0x00000002   PAD
    0x08012318   0x00000018   Code   RO          416    i.rt_init_robin     RTX_CM3.lib(rt_robin.o)
    0x08012330   0x00000080   Code   RO          411    i.rt_init_stack     RTX_CM3.lib(hal_cm.o)
    0x080123b0   0x00000008   Code   RO          381    i.rt_mbx_check      RTX_CM3.lib(rt_mailbox.o)
    0x080123b8   0x0000001a   Code   RO          382    i.rt_mbx_init       RTX_CM3.lib(rt_mailbox.o)
    0x080123d2   0x00000002   PAD
    0x080123d4   0x000000f0   Code   RO          383    i.rt_mbx_psh        RTX_CM3.lib(rt_mailbox.o)
    0x080124c4   0x000000b4   Code   RO          385    i.rt_mbx_wait       RTX_CM3.lib(rt_mailbox.o)
    0x08012578   0x0000003c   Code   RO          291    i.rt_ms2tick        RTX_CM3.lib(rt_cmsis.o)
    0x080125b4   0x00000010   Code   RO          398    i.rt_mut_init       RTX_CM3.lib(rt_mutex.o)
    0x080125c4   0x000000d8   Code   RO          399    i.rt_mut_release    RTX_CM3.lib(rt_mutex.o)
    0x0801269c   0x00000068   Code   RO          400    i.rt_mut_wait       RTX_CM3.lib(rt_mutex.o)
    0x08012704   0x0000007c   Code   RO          353    i.rt_pop_req        RTX_CM3.lib(rt_system.o)
    0x08012780   0x00000020   Code   RO          354    i.rt_psh_req        RTX_CM3.lib(rt_system.o)
    0x080127a0   0x0000005c   Code   RO          371    i.rt_psq_enq        RTX_CM3.lib(rt_list.o)
    0x080127fc   0x00000048   Code   RO          372    i.rt_put_dly        RTX_CM3.lib(rt_list.o)
    0x08012844   0x00000036   Code   RO          373    i.rt_put_prio       RTX_CM3.lib(rt_list.o)
    0x0801287a   0x00000002   PAD
    0x0801287c   0x00000014   Code   RO          374    i.rt_put_rdy_first  RTX_CM3.lib(rt_list.o)
    0x08012890   0x00000034   Code   RO          375    i.rt_resort_prio    RTX_CM3.lib(rt_list.o)
    0x080128c4   0x00000006   Code   RO          412    i.rt_ret_val        RTX_CM3.lib(hal_cm.o)
    0x080128ca   0x00000008   Code   RO          413    i.rt_ret_val2       RTX_CM3.lib(hal_cm.o)
    0x080128d2   0x00000028   Code   RO          376    i.rt_rmv_dly        RTX_CM3.lib(rt_list.o)
    0x080128fa   0x00000002   PAD
    0x080128fc   0x00000030   Code   RO          377    i.rt_rmv_list       RTX_CM3.lib(rt_list.o)
    0x0801292c   0x00000034   Code   RO          389    i.rt_sem_psh        RTX_CM3.lib(rt_semaphore.o)
    0x08012960   0x00000024   Code   RO          356    i.rt_stk_check      RTX_CM3.lib(rt_system.o)
    0x08012984   0x00000028   Code   RO          338    i.rt_switch_req     RTX_CM3.lib(rt_task.o)
    0x080129ac   0x000000cc   Code   RO          339    i.rt_sys_init       RTX_CM3.lib(rt_task.o)
    0x08012a78   0x00000078   Code   RO          340    i.rt_sys_start      RTX_CM3.lib(rt_task.o)
    0x08012af0   0x00000040   Code   RO          358    i.rt_systick        RTX_CM3.lib(rt_system.o)
    0x08012b30   0x00000012   Code   RO          292    i.rt_tid2ptcb       RTX_CM3.lib(rt_cmsis.o)
    0x08012b42   0x00000002   PAD
    0x08012b44   0x00000034   Code   RO          293    i.rt_timer_insert   RTX_CM3.lib(rt_cmsis.o)
    0x08012b78   0x00000080   Code   RO          341    i.rt_tsk_create     RTX_CM3.lib(rt_task.o)
    0x08012bf8   0x00000174   Code   RO          342    i.rt_tsk_delete     RTX_CM3.lib(rt_task.o)
    0x08012d6c   0x0000007c   Code   RO          344    i.rt_tsk_prio       RTX_CM3.lib(rt_task.o)
    0x08012de8   0x00000010   Code   RO          345    i.rt_tsk_self       RTX_CM3.lib(rt_task.o)
    0x08012df8   0x0000004c   Code   RO          433    i.sqrt              m_ws.l(sqrt.o)
    0x08012e44   0x00000014   Code   RO          295    i.svcDelay          RTX_CM3.lib(rt_cmsis.o)
    0x08012e58   0x00000070   Code   RO          296    i.svcKernelInitialize  RTX_CM3.lib(rt_cmsis.o)
    0x08012ec8   0x00000048   Code   RO          298    i.svcKernelStart    RTX_CM3.lib(rt_cmsis.o)
    0x08012f10   0x00000024   Code   RO          301    i.svcMessageCreate  RTX_CM3.lib(rt_cmsis.o)
    0x08012f34   0x0000003a   Code   RO          302    i.svcMessageGet     RTX_CM3.lib(rt_cmsis.o)
    0x08012f6e   0x0000001c   Code   RO          304    i.svcMutexCreate    RTX_CM3.lib(rt_cmsis.o)
    0x08012f8a   0x00000022   Code   RO          306    i.svcMutexRelease   RTX_CM3.lib(rt_cmsis.o)
    0x08012fac   0x00000036   Code   RO          307    i.svcMutexWait      RTX_CM3.lib(rt_cmsis.o)
    0x08012fe2   0x00000024   Code   RO          313    i.svcSignalClear    RTX_CM3.lib(rt_cmsis.o)
    0x08013006   0x00000024   Code   RO          314    i.svcSignalSet      RTX_CM3.lib(rt_cmsis.o)
    0x0801302a   0x00000002   PAD
    0x0801302c   0x00000054   Code   RO          315    i.svcSignalWait     RTX_CM3.lib(rt_cmsis.o)
    0x08013080   0x00000070   Code   RO          316    i.svcThreadCreate   RTX_CM3.lib(rt_cmsis.o)
    0x080130f0   0x0000001c   Code   RO          317    i.svcThreadGetId    RTX_CM3.lib(rt_cmsis.o)
    0x0801310c   0x00000038   Code   RO          320    i.svcThreadTerminate  RTX_CM3.lib(rt_cmsis.o)
    0x08013144   0x00000018   Code   RO          322    i.svcTimerCall      RTX_CM3.lib(rt_cmsis.o)
    0x0801315c   0x0000005c   Code   RO          331    i.sysTimerTick      RTX_CM3.lib(rt_cmsis.o)
    0x080131b8   0x00000030   Data   RO          104    .constdata          tsk_serialinterface.o
    0x080131e8   0x00000004   Data   RO          125    .constdata          tsk_statusled.o
    0x080131ec   0x00000004   Data   RO          133    .constdata          status_manager.o
    0x080131f0   0x00000060   Data   RO          139    .constdata          main.o
    0x08013250   0x00000002   Data   RO          207    .constdata          rtx_conf_cm.o
    0x08013252   0x00000002   PAD
    0x08013254   0x00000004   Data   RO          208    .constdata          rtx_conf_cm.o
    0x08013258   0x00000004   Data   RO          209    .constdata          rtx_conf_cm.o
    0x0801325c   0x00000004   Data   RO          213    .constdata          rtx_conf_cm.o
    0x08013260   0x00000001   Data   RO          214    .constdata          rtx_conf_cm.o
    0x08013261   0x00000003   PAD
    0x08013264   0x00000010   Data   RO          215    .constdata          rtx_conf_cm.o
    0x08013274   0x00000002   Data   RO          216    .constdata          rtx_conf_cm.o
    0x08013276   0x00000002   PAD
    0x08013278   0x00000004   Data   RO          217    .constdata          rtx_conf_cm.o
    0x0801327c   0x00000004   Data   RO          218    .constdata          rtx_conf_cm.o
    0x08013280   0x00000001   Data   RO          219    .constdata          rtx_conf_cm.o
    0x08013281   0x00000003   PAD
    0x08013284   0x00000010   Data   RO          220    .constdata          rtx_conf_cm.o
    0x08013294   0x00000008   Data   RO          221    .constdata          rtx_conf_cm.o
    0x0801329c   0x00000002   Data   RO          222    .constdata          rtx_conf_cm.o
    0x0801329e   0x00000002   PAD
    0x080132a0   0x00000088   Data   RO          428    .constdata          m_ws.l(pow.o)
    0x08013328   0x00000038   Data   RO          611    .constdata          m_ws.l(log.o)
    0x08013360   0x00000008   Data   RO          616    .constdata          m_ws.l(qnan.o)
    0x08013368   0x00000040   Data   RO          650    .constdata          mc_w.l(ctype_c.o)
    0x080133a8   0x00000020   Data   RO          651    Region$$Table       anon$$obj.o


    Execution Region RW_IRAM1 (Base: 0x20000000, Size: 0x00003208, Max: 0x00018000, ABSOLUTE)

    Base Addr    Size         Type   Attr      Idx    E Section Name        Object

    0x20000000   0x00000014   Data   RW           41    .data               stm32f10x_rcc.o
    0x20000014   0x00000004   Data   RW           85    .data               tsk_adc1monitor.o
    0x20000018   0x0000000c   Data   RW           95    .data               serial.o
    0x20000024   0x00000001   Data   RW           98    .data               getline.o
    0x20000025   0x00000003   PAD
    0x20000028   0x00000008   Data   RW          108    .data               tsk_serialinterface.o
    0x20000030   0x00000004   Data   RW          109    .data               tsk_serialinterface.o
    0x20000034   0x00000004   Data   RW          114    .data               tsk_powermanager.o
    0x20000038   0x0000000c   Data   RW          126    .data               tsk_statusled.o
    0x20000044   0x00000004   Data   RW          127    .data               tsk_statusled.o
    0x20000048   0x0000000c   Data   RW          134    .data               status_manager.o
    0x20000054   0x00000024   Data   RW          151    .data               thermal_utility.o
    0x20000078   0x00000004   Data   RW          157    .data               timer_manager.o
    0x2000007c   0x00000001   Data   RW          162    .data               tsk_thermalcontrol.o
    0x2000007d   0x00000003   PAD
    0x20000080   0x00000004   Data   RW          163    .data               tsk_thermalcontrol.o
    0x20000084   0x0000002c   Data   RW          169    .data               rdx_optoflash.o
    0x200000b0   0x00000004   Data   RW          224    .data               rtx_conf_cm.o
    0x200000b4   0x00000010   Data   RW          225    .data               rtx_conf_cm.o
    0x200000c4   0x00000004   Data   RW          226    .data               rtx_conf_cm.o
    0x200000c8   0x00000004   Data   RW          227    .data               rtx_conf_cm.o
    0x200000cc   0x00000014   Data   RW          236    .data               system_stm32f10x.o
    0x200000e0   0x00000008   Data   RW          334    .data               RTX_CM3.lib(rt_cmsis.o)
    0x200000e8   0x00000008   Data   RW          347    .data               RTX_CM3.lib(rt_task.o)
    0x200000f0   0x00000008   Data   RW          361    .data               RTX_CM3.lib(rt_system.o)
    0x200000f8   0x00000004   Data   RW          396    .data               RTX_CM3.lib(rt_time.o)
    0x200000fc   0x00000001   Data   RW          414    .data               RTX_CM3.lib(hal_cm.o)
    0x200000fd   0x00000003   PAD
    0x20000100   0x00000008   Data   RW          417    .data               RTX_CM3.lib(rt_robin.o)
    0x20000108   0x00000004   Data   RW          440    .data               mc_w.l(stdout.o)
    0x2000010c   0x00000004   Data   RW          636    .data               mc_w.l(errno.o)
    0x20000110   0x0000000a   Zero   RW           79    .bss                adc_manager.o
    0x2000011a   0x00000002   PAD
    0x2000011c   0x00000014   Zero   RW           84    .bss                tsk_adc1monitor.o
    0x20000130   0x00000100   Zero   RW           94    .bss                serial.o
    0x20000230   0x0000005a   Zero   RW          103    .bss                tsk_serialinterface.o
    0x2000028a   0x00000002   PAD
    0x2000028c   0x00000010   Zero   RW          123    .bss                tsk_statusled.o
    0x2000029c   0x00000018   Zero   RW          124    .bss                tsk_statusled.o
    0x200002b4   0x00000010   Zero   RW          132    .bss                status_manager.o
    0x200002c4   0x00000004   PAD
    0x200002c8   0x00000040   Zero   RW          144    .bss                pid_manager.o
    0x20000308   0x00000050   Zero   RW          149    .bss                thermal_utility.o
    0x20000358   0x000001c8   Zero   RW          168    .bss                rdx_optoflash.o
    0x20000520   0x0000002c   Zero   RW          178    .bss                rdx_dspin_config.o
    0x2000054c   0x00000020   Zero   RW          201    .bss                rtx_conf_cm.o
    0x2000056c   0x000001e0   Zero   RW          202    .bss                rtx_conf_cm.o
    0x2000074c   0x00000004   PAD
    0x20000750   0x00002010   Zero   RW          203    .bss                rtx_conf_cm.o
    0x20002760   0x00000598   Zero   RW          204    .bss                rtx_conf_cm.o
    0x20002cf8   0x00000084   Zero   RW          205    .bss                rtx_conf_cm.o
    0x20002d7c   0x00000024   Zero   RW          206    .bss                rtx_conf_cm.o
    0x20002da0   0x00000034   Zero   RW          346    .bss                RTX_CM3.lib(rt_task.o)
    0x20002dd4   0x00000030   Zero   RW          378    .bss                RTX_CM3.lib(rt_list.o)
    0x20002e04   0x00000004   PAD
    0x20002e08   0x00000400   Zero   RW          228    STACK               startup_stm32f10x_xl.o



  Load Region LR$$.ARM.__AT_0x1FFFF800 (Base: 0x1ffff800, Size: 0x00000010, Max: 0x00000010, ABSOLUTE)

    Execution Region ER$$.ARM.__AT_0x1FFFF800 (Base: 0x1ffff800, Size: 0x00000010, Max: 0x00000010, ABSOLUTE, UNINIT)

    Base Addr    Size         Type   Attr      Idx    E Section Name        Object

    0x1ffff800   0x00000010   Code   RO           54    .ARM.__AT_0x1FFFF800  stm32f10xopt.o


==============================================================================

Image component sizes


      Code (inc. data)   RO Data    RW Data    ZI Data      Debug   Object Name

       380         24          0          0         10          0   adc_manager.o
        76          4          0          0          0          0   buzzer_manager.o
        88          6          0          0          0          0   capacitivesensor_manager.o
       124          8          0          1          0          0   getline.o
      1004         32          0          0          0          0   hih_manager.o
       432         24          0          0          0          0   i2c_manager.o
        36          6          0          0          0          0   jtag_manager.o
       224         30         96          0          0          0   main.o
       176         14          0          0          0          0   misc.o
        10          0          0          0          0          0   nvic_manager.o
       312         34          0          0         64          0   pid_manager.o
        36          4          0          0          0          0   powermanager.o
       408         24          0          0          0          0   pump_manager.o
       712        130          0          0          0          0   px26_manager.o
        98          0          0          0          0          0   rcc_manager.o
       500         18          0          0         44          0   rdx_dspin_config.o
      1216         62          0          0          0          0   rdx_dspin_utility.o
      2372        136          0         44        456          0   rdx_optoflash.o
        28          6         68         28      10320          0   rtx_conf_cm.o
       544         22          0         12        256          0   serial.o
       468         20          0          0          0          0   spi_manager.o
        36          8        304          0       1024          0   startup_stm32f10x_xl.o
       148          8          4         12         16          0   status_manager.o
       816         24          0          0          0          0   stm32f10x_adc.o
       456         10          0          0          0          0   stm32f10x_dma.o
      1740         36          0          0          0          0   stm32f10x_flash.o
       620         36          0          0          0          0   stm32f10x_gpio.o
       808         14          0          0          0          0   stm32f10x_i2c.o
       164          6          0          0          0          0   stm32f10x_it.o
       692         32          0         20          0          0   stm32f10x_rcc.o
       628         14          0          0          0          0   stm32f10x_spi.o
      2804         86          0          0          0          0   stm32f10x_tim.o
       808         22          0          0          0          0   stm32f10x_usart.o
        16         16          0          0          0          0   stm32f10xopt.o
       344         38          0         20          0          0   system_stm32f10x.o
      2236        146          0         36         80          0   thermal_utility.o
       180         14          0          4          0          0   timer_manager.o
       168         16          0          4         20          0   tsk_adc1monitor.o
       176         10          0          4          0          0   tsk_powermanager.o
      4724        556         48         12         90          0   tsk_serialinterface.o
       716         16          4         16         40          0   tsk_statusled.o
       144         10          0          5          0          0   tsk_thermalcontrol.o
       224         14          0          0          0          0   usart_manager.o

    ----------------------------------------------------------------------
     27896       1736        568        224      12432          0   Object Totals
         0          0         32          0          0          0   (incl. Generated)
         4          0         12          6         12          0   (incl. Padding)

    ----------------------------------------------------------------------

      Code (inc. data)   RO Data    RW Data    ZI Data      Debug   Library Member Name

       238         24          0          1          0          0   hal_cm.o
       304         36          0          0          0          0   hal_cm3.o
      1678        200          0          8          0          0   rt_cmsis.o
       300         24          0          0          0          0   rt_event.o
       530         34          0          0         48          0   rt_list.o
       550         10          0          0          0          0   rt_mailbox.o
       128          0          0          0          0          0   rt_membox.o
       128          0          0          0          0          0   rt_memory.o
       336         12          0          0          0          0   rt_mutex.o
        96         22          0          8          0          0   rt_robin.o
        52          4          0          0          0          0   rt_semaphore.o
       298         52          0          8          0          0   rt_system.o
      1200        174          0          8         52          0   rt_task.o
         6          0          0          4          0          0   rt_time.o
         4          4          0          0          0          0   svc_table.o
        68         10          0          0          0          0   dunder.o
       220         16          0          0          0          0   floor.o
        40          0          0          0          0          0   fpclassify.o
       860         52         56          0          0          0   log.o
       228         30          0          0          0          0   log10.o
       170          0          0          0          0          0   poly.o
      2488        190        136          0          0          0   pow.o
         0          0          8          0          0          0   qnan.o
        76          0          0          0          0          0   sqrt.o
        56          8          0          0          0          0   __0sscanf.o
        28          0          0          0          0          0   _chval.o
       812          4          0          0          0          0   _scanf.o
       332          0          0          0          0          0   _scanf_int.o
       224          0          0          0          0          0   _scanf_str.o
        64          0          0          0          0          0   _sgetc.o
        40          6         64          0          0          0   ctype_c.o
         0          0          0          0          0          0   entry.o
         0          0          0          0          0          0   entry10a.o
         0          0          0          0          0          0   entry11a.o
         8          4          0          0          0          0   entry2.o
         4          0          0          0          0          0   entry5.o
         0          0          0          0          0          0   entry7b.o
         0          0          0          0          0          0   entry8b.o
        12          6          0          4          0          0   errno.o
        30          0          0          0          0          0   handlers.o
        36          8          0          0          0          0   init.o
        10          0          0          0          0          0   isspace_c.o
         0          0          0          0          0          0   iusefp.o
        30          0          0          0          0          0   llshl.o
        36          0          0          0          0          0   llsshr.o
        32          0          0          0          0          0   llushr.o
      2226         90          0          0          0          0   printfa.o
         4          0          0          0          0          0   putc.o
        40          8          0          0          0          0   scanf_char.o
       838         12          0          0          0          0   scanf_fp.o
         0          0          0          4          0          0   stdout.o
        12          0          0          0          0          0   toupper.o
        44          0          0          0          0          0   uidiv.o
        98          0          0          0          0          0   uldiv.o
        48          0          0          0          0          0   cdcmple.o
        48          0          0          0          0          0   cdrcmple.o
        20          0          0          0          0          0   cfcmple.o
        20          0          0          0          0          0   cfrcmple.o
        56          0          0          0          0          0   d2f.o
       334          0          0          0          0          0   dadd.o
       222          0          0          0          0          0   ddiv.o
       186          0          0          0          0          0   depilogue.o
        62          0          0          0          0          0   dfixi.o
        50          0          0          0          0          0   dfixui.o
        48          0          0          0          0          0   dfixul.o
        34          0          0          0          0          0   dflti.o
        26          0          0          0          0          0   dfltui.o
        24          0          0          0          0          0   dfltul.o
       228          0          0          0          0          0   dmul.o
        46          0          0          0          0          0   dscalb.o
       162          0          0          0          0          0   dsqrt.o
        38          0          0          0          0          0   f2d.o
       176          0          0          0          0          0   fadd.o
       124          0          0          0          0          0   fdiv.o
       110          0          0          0          0          0   fepilogue.o
        50          0          0          0          0          0   ffixi.o
        18          0          0          0          0          0   fflti.o
        10          0          0          0          0          0   ffltui.o
       100          0          0          0          0          0   fmul.o
        24          0          0          0          0          0   fscalb.o

    ----------------------------------------------------------------------
     17312       1040        264         48        104          0   Library Totals
        34          0          0          3          4          0   (incl. Padding)

    ----------------------------------------------------------------------

      Code (inc. data)   RO Data    RW Data    ZI Data      Debug   Library Name

      5848        596          0         37        100          0   RTX_CM3.lib
      4150        298        200          0          0          0   m_ws.l
      5016        146         64          8          0          0   mc_w.l
      2264          0          0          0          0          0   mf_w.l

    ----------------------------------------------------------------------
     17312       1040        264         48        104          0   Library Totals

    ----------------------------------------------------------------------

==============================================================================


      Code (inc. data)   RO Data    RW Data    ZI Data      Debug   

     45208       2776        832        272      12536          0   Grand Totals
     45208       2776        832        272      12536          0   ELF Image Totals
     45208       2776        832        272          0          0   ROM Totals

==============================================================================

    Total RO  Size (Code + RO Data)                46040 (  44.96kB)
    Total RW  Size (RW Data + ZI Data)             12808 (  12.51kB)
    Total ROM Size (Code + RO Data + RW Data)      46312 (  45.23kB)

==============================================================================

