ARM Linker, 5.03 [Build 76] [MDK-ARM Standard]

==============================================================================

Section Cross References

    stm32f10x_adc.o(.text) refers to stm32f10x_rcc.o(.text) for RCC_APB2PeriphResetCmd
    stm32f10x_can.o(.text) refers to stm32f10x_rcc.o(.text) for RCC_APB1PeriphResetCmd
    stm32f10x_gpio.o(.text) refers to stm32f10x_rcc.o(.text) for RCC_APB2PeriphResetCmd
    stm32f10x_it.o(.text) refers to stm32f10x_dma.o(.text) for DMA_GetFlagStatus
    stm32f10x_it.o(.text) refers to rt_cmsis.o(i.osSignalSet) for osSignalSet
    stm32f10x_it.o(.text) refers to tsk_adc1monitor.o(.data) for tidADC1Monitor
    stm32f10x_rcc.o(.text) refers to stm32f10x_rcc.o(.data) for .data
    stm32f10x_tim.o(.text) refers to stm32f10x_rcc.o(.text) for RCC_APB1PeriphResetCmd
    stm32f10x_usart.o(.text) refers to stm32f10x_rcc.o(.text) for RCC_APB2PeriphResetCmd
    nvic_manager.o(.text) refers to misc.o(.text) for NVIC_SetVectorTable
    rcc_manager.o(.text) refers to stm32f10x_rcc.o(.text) for RCC_DeInit
    rcc_manager.o(.text) refers to stm32f10x_flash.o(.text) for FLASH_PrefetchBufferCmd
    adc_manager.o(.text) refers to stm32f10x_rcc.o(.text) for RCC_APB2PeriphClockCmd
    adc_manager.o(.text) refers to stm32f10x_gpio.o(.text) for GPIO_Init
    adc_manager.o(.text) refers to misc.o(.text) for NVIC_Init
    adc_manager.o(.text) refers to stm32f10x_adc.o(.text) for ADC_DeInit
    adc_manager.o(.text) refers to stm32f10x_dma.o(.text) for DMA_DeInit
    adc_manager.o(.text) refers to adc_manager.o(.bss) for .bss
    tsk_adc1monitor.o(.text) refers to adc_manager.o(.text) for ADC1_Configuration
    tsk_adc1monitor.o(.text) refers to stm32f10x_dma.o(.text) for DMA_Cmd
    tsk_adc1monitor.o(.text) refers to stm32f10x_adc.o(.text) for ADC_SoftwareStartConvCmd
    tsk_adc1monitor.o(.text) refers to rt_cmsis.o(i.osSignalWait) for osSignalWait
    tsk_adc1monitor.o(.text) refers to ffltui.o(.text) for __aeabi_ui2f
    tsk_adc1monitor.o(.text) refers to adc_manager.o(.bss) for ADC_Channels
    tsk_adc1monitor.o(.text) refers to tsk_adc1monitor.o(.bss) for .bss
    usart_manager.o(.text) refers to stm32f10x_rcc.o(.text) for RCC_APB2PeriphClockCmd
    usart_manager.o(.text) refers to stm32f10x_gpio.o(.text) for GPIO_Init
    usart_manager.o(.text) refers to misc.o(.text) for NVIC_Init
    usart_manager.o(.text) refers to stm32f10x_usart.o(.text) for USART_Init
    serial.o(.text) refers to rt_cmsis.o(i.osThreadGetId) for osThreadGetId
    serial.o(.text) refers to rt_cmsis.o(i.osSignalClear) for osSignalClear
    serial.o(.text) refers to rt_cmsis.o(i.osSignalWait) for osSignalWait
    serial.o(.text) refers to stm32f10x_usart.o(.text) for USART_GetITStatus
    serial.o(.text) refers to rt_cmsis.o(i.osSignalSet) for osSignalSet
    serial.o(.text) refers to serial.o(.data) for .data
    serial.o(.text) refers to serial.o(.bss) for .bss
    getline.o(.text) refers to serial.o(.text) for GetKey
    getline.o(.text) refers to putc.o(i.putc) for putc
    getline.o(.text) refers to getline.o(.data) for .data
    getline.o(.text) refers to stdout.o(.data) for __stdout
    tsk_serialinterface.o(.text) refers to _scanf_str.o(.text) for _scanf_string
    tsk_serialinterface.o(.text) refers to _scanf_int.o(.text) for _scanf_int
    tsk_serialinterface.o(.text) refers to scanf_fp.o(.text) for _scanf_real
    tsk_serialinterface.o(.text) refers to rt_cmsis.o(i.osDelay) for osDelay
    tsk_serialinterface.o(.text) refers to serial.o(.text) for GetKey
    tsk_serialinterface.o(.text) refers to rt_cmsis.o(i.osThreadTerminate) for osThreadTerminate
    tsk_serialinterface.o(.text) refers to usart_manager.o(.text) for USART_Configuration
    tsk_serialinterface.o(.text) refers to printfa.o(i.__0printf) for __2printf
    tsk_serialinterface.o(.text) refers to getline.o(.text) for getline
    tsk_serialinterface.o(.text) refers to toupper.o(.text) for toupper
    tsk_serialinterface.o(.text) refers to __0sscanf.o(.text) for __0sscanf
    tsk_serialinterface.o(.text) refers to f2d.o(.text) for __aeabi_f2d
    tsk_serialinterface.o(.text) refers to pid_manager.o(.text) for PID_SetCoefficients
    tsk_serialinterface.o(.text) refers to thermal_utility.o(.text) for TEC_ActivateZones
    tsk_serialinterface.o(.text) refers to setpointqueue.o(.text) for ActivateQueue
    tsk_serialinterface.o(.text) refers to rt_cmsis.o(i.osThreadCreate) for osThreadCreate
    tsk_serialinterface.o(.text) refers to tsk_serialinterface.o(.data) for .data
    tsk_serialinterface.o(.text) refers to tsk_serialinterface.o(.constdata) for .constdata
    tsk_serialinterface.o(.text) refers to tsk_serialinterface.o(.bss) for .bss
    tsk_serialinterface.o(.text) refers to thermal_utility.o(.bss) for sTEC
    tsk_serialinterface.o(.text) refers to getline.o(.data) for ECHO_ON
    tsk_serialinterface.o(.text) refers to setpointqueue.o(.bss) for QueCtrl
[...]
    _printf_flags                            0x00000000   Number         0  stubs.o ABSOLUTE
    _printf_fp_dec                           0x00000000   Number         0  stubs.o ABSOLUTE
    _printf_fp_hex                           0x00000000   Number         0  stubs.o ABSOLUTE
    _printf_g                                0x00000000   Number         0  stubs.o ABSOLUTE
    _printf_i                                0x00000000   Number         0  stubs.o ABSOLUTE
    _printf_int_dec                          0x00000000   Number         0  stubs.o ABSOLUTE
    _printf_l                                0x00000000   Number         0  stubs.o ABSOLUTE
    _printf_lc                               0x00000000   Number         0  stubs.o ABSOLUTE
    _printf_ll                               0x00000000   Number         0  stubs.o ABSOLUTE
    _printf_lld                              0x00000000   Number         0  stubs.o ABSOLUTE
    _printf_lli                              0x00000000   Number         0  stubs.o ABSOLUTE
    _printf_llo                              0x00000000   Number         0  stubs.o ABSOLUTE
    _printf_llu                              0x00000000   Number         0  stubs.o ABSOLUTE
    _printf_llx                              0x00000000   Number         0  stubs.o ABSOLUTE
    _printf_longlong_dec                     0x00000000   Number         0  stubs.o ABSOLUTE
    _printf_longlong_hex                     0x00000000   Number         0  stubs.o ABSOLUTE
    _printf_longlong_oct                     0x00000000   Number         0  stubs.o ABSOLUTE
    _printf_ls                               0x00000000   Number         0  stubs.o ABSOLUTE
    _printf_mbtowc                           0x00000000   Number         0  stubs.o ABSOLUTE
    _printf_n                                0x00000000   Number         0  stubs.o ABSOLUTE
    _printf_o                                0x00000000   Number         0  stubs.o ABSOLUTE
    _printf_p                                0x00000000   Number         0  stubs.o ABSOLUTE
    _printf_percent                          0x00000000   Number         0  stubs.o ABSOLUTE
    _printf_pre_padding                      0x00000000   Number         0  stubs.o ABSOLUTE
    _printf_return_value                     0x00000000   Number         0  stubs.o ABSOLUTE
    _printf_s                                0x00000000   Number         0  stubs.o ABSOLUTE
    _printf_sizespec                         0x00000000   Number         0  stubs.o ABSOLUTE
    _printf_str                              0x00000000   Number         0  stubs.o ABSOLUTE
    _printf_truncate_signed                  0x00000000   Number         0  stubs.o ABSOLUTE
    _printf_truncate_unsigned                0x00000000   Number         0  stubs.o ABSOLUTE
    _printf_u                                0x00000000   Number         0  stubs.o ABSOLUTE
    _printf_wc                               0x00000000   Number         0  stubs.o ABSOLUTE
    _printf_wctomb                           0x00000000   Number         0  stubs.o ABSOLUTE
    _printf_widthprec                        0x00000000   Number         0  stubs.o ABSOLUTE
    _printf_x                                0x00000000   Number         0  stubs.o ABSOLUTE
    __cpp_initialize__aeabi_                  - Undefined Weak Reference
    __cxa_finalize                            - Undefined Weak Reference
    __decompress                              - Undefined Weak Reference
    _clock_init                               - Undefined Weak Reference
    _microlib_exit                            - Undefined Weak Reference
    _scanf_longlong                           - Undefined Weak Reference
    __Vectors_Size                           0x000000ec   Number         0  startup_stm32f10x_md.o ABSOLUTE
    __RL_RTX_VER                             0x00000473   Number         0  rt_system.o ABSOLUTE
    __Vectors                                0x08000000   Data           4  startup_stm32f10x_md.o(RESET)
    __Vectors_End                            0x080000ec   Data           0  startup_stm32f10x_md.o(RESET)
    __main                                   0x080000ed   Thumb Code     0  entry.o(.ARM.Collect$$$$00000000)
    _main_stk                                0x080000ed   Thumb Code     0  entry2.o(.ARM.Collect$$$$00000001)
    _main_scatterload                        0x080000f1   Thumb Code     0  entry5.o(.ARM.Collect$$$$00000004)
    __main_after_scatterload                 0x080000f5   Thumb Code     0  entry5.o(.ARM.Collect$$$$00000004)
    __rt_final_cpp                           0x080000f5   Thumb Code     0  entry10a.o(.ARM.Collect$$$$0000000D)
    __rt_final_exit                          0x080000f5   Thumb Code     0  entry11a.o(.ARM.Collect$$$$0000000F)
    _main_clock                              0x080000f5   Thumb Code     0  entry7b.o(.ARM.Collect$$$$00000008)
    _main_cpp_init                           0x080000f5   Thumb Code     0  entry8b.o(.ARM.Collect$$$$0000000A)
    _main_init                               0x080000f5   Thumb Code    18  rtx_conf_cm.o(.ARM.Collect$$$$000000FF)
    rt_set_PSP                               0x08000111   Thumb Code     6  hal_cm3.o(.emb_text)
    rt_get_PSP                               0x08000117   Thumb Code     6  hal_cm3.o(.emb_text)
    os_set_env                               0x0800011d   Thumb Code    24  hal_cm3.o(.emb_text)
    _alloc_box                               0x08000139   Thumb Code    28  hal_cm3.o(.emb_text)
    _free_box                                0x08000159   Thumb Code    28  hal_cm3.o(.emb_text)
    SVC_Handler                              0x08000179   Thumb Code   108  hal_cm3.o(.emb_text)
    PendSV_Handler                           0x080001f1   Thumb Code    56  hal_cm3.o(.emb_text)
    SysTick_Handler                          0x0800022d   Thumb Code     8  hal_cm3.o(.emb_text)
    OS_Tick_Handler                          0x08000235   Thumb Code    12  hal_cm3.o(.emb_text)
    NVIC_PriorityGroupConfig                 0x08000241   Thumb Code    10  misc.o(.text)
    NVIC_Init                                0x0800024b   Thumb Code    90  misc.o(.text)
    NVIC_SetVectorTable                      0x080002a5   Thumb Code    14  misc.o(.text)
    NVIC_SystemLPConfig                      0x080002b3   Thumb Code    20  misc.o(.text)
    SysTick_CLKSourceConfig                  0x080002c7   Thumb Code    24  misc.o(.text)
    DMA_DeInit                               0x080002f1   Thumb Code   218  stm32f10x_dma.o(.text)
    DMA_Init                                 0x080003cb   Thumb Code    58  stm32f10x_dma.o(.text)
    DMA_StructInit                           0x08000405   Thumb Code    26  stm32f10x_dma.o(.text)
    DMA_Cmd                                  0x0800041f   Thumb Code    22  stm32f10x_dma.o(.text)
    DMA_ITConfig                             0x08000435   Thumb Code    16  stm32f10x_dma.o(.text)
    DMA_SetCurrDataCounter                   0x08000445   Thumb Code     4  stm32f10x_dma.o(.text)
    DMA_GetCurrDataCounter                   0x08000449   Thumb Code     6  stm32f10x_dma.o(.text)
    DMA_GetFlagStatus                        0x0800044f   Thumb Code    28  stm32f10x_dma.o(.text)
    DMA_ClearFlag                            0x0800046b   Thumb Code    20  stm32f10x_dma.o(.text)
    DMA_GetITStatus                          0x0800047f   Thumb Code    28  stm32f10x_dma.o(.text)
    DMA_ClearITPendingBit                    0x0800049b   Thumb Code    20  stm32f10x_dma.o(.text)
    FLASH_SetLatency                         0x080004b9   Thumb Code    14  stm32f10x_flash.o(.text)
    FLASH_HalfCycleAccessCmd                 0x080004c7   Thumb Code    18  stm32f10x_flash.o(.text)
    FLASH_PrefetchBufferCmd                  0x080004d9   Thumb Code    18  stm32f10x_flash.o(.text)
    FLASH_Unlock                             0x080004eb   Thumb Code    12  stm32f10x_flash.o(.text)
    FLASH_UnlockBank1                        0x080004f7   Thumb Code    12  stm32f10x_flash.o(.text)
    FLASH_Lock                               0x08000503   Thumb Code    12  stm32f10x_flash.o(.text)
    FLASH_LockBank1                          0x0800050f   Thumb Code    12  stm32f10x_flash.o(.text)
    FLASH_GetBank1Status                     0x0800051b   Thumb Code    34  stm32f10x_flash.o(.text)
    FLASH_WaitForLastOperation               0x0800053d   Thumb Code    36  stm32f10x_flash.o(.text)
    FLASH_ErasePage                          0x08000561   Thumb Code    56  stm32f10x_flash.o(.text)
    FLASH_EraseAllPages                      0x08000599   Thumb Code    52  stm32f10x_flash.o(.text)
    FLASH_WaitForLastBank1Operation          0x080005cd   Thumb Code    36  stm32f10x_flash.o(.text)
    FLASH_EraseAllBank1Pages                 0x080005f1   Thumb Code    52  stm32f10x_flash.o(.text)
    FLASH_GetReadOutProtectionStatus         0x08000625   Thumb Code    14  stm32f10x_flash.o(.text)
    FLASH_EraseOptionBytes                   0x08000633   Thumb Code   108  stm32f10x_flash.o(.text)
    FLASH_ProgramWord                        0x0800069f   Thumb Code    72  stm32f10x_flash.o(.text)
    FLASH_ProgramHalfWord                    0x080006e7   Thumb Code    48  stm32f10x_flash.o(.text)
    FLASH_ProgramOptionByteData              0x08000717   Thumb Code    62  stm32f10x_flash.o(.text)
    FLASH_EnableWriteProtection              0x08000755   Thumb Code   150  stm32f10x_flash.o(.text)
    FLASH_ReadOutProtection                  0x080007eb   Thumb Code   118  stm32f10x_flash.o(.text)
    FLASH_UserOptionByteConfig               0x08000861   Thumb Code    92  stm32f10x_flash.o(.text)
    FLASH_GetUserOptionByte                  0x080008bd   Thumb Code     8  stm32f10x_flash.o(.text)
    FLASH_GetWriteProtectionOptionByte       0x080008c5   Thumb Code     6  stm32f10x_flash.o(.text)
    FLASH_GetPrefetchBufferStatus            0x080008cb   Thumb Code    14  stm32f10x_flash.o(.text)
    FLASH_ITConfig                           0x080008d9   Thumb Code    18  stm32f10x_flash.o(.text)
    FLASH_GetFlagStatus                      0x080008eb   Thumb Code    28  stm32f10x_flash.o(.text)
    FLASH_ClearFlag                          0x08000907   Thumb Code     6  stm32f10x_flash.o(.text)
    FLASH_GetStatus                          0x0800090d   Thumb Code    34  stm32f10x_flash.o(.text)
    GPIO_DeInit                              0x08000935   Thumb Code   152  stm32f10x_gpio.o(.text)
    GPIO_AFIODeInit                          0x080009cd   Thumb Code    22  stm32f10x_gpio.o(.text)
    GPIO_Init                                0x080009e3   Thumb Code   156  stm32f10x_gpio.o(.text)
    GPIO_StructInit                          0x08000a7f   Thumb Code    16  stm32f10x_gpio.o(.text)
    GPIO_ReadInputDataBit                    0x08000a8f   Thumb Code    14  stm32f10x_gpio.o(.text)
    GPIO_ReadInputData                       0x08000a9d   Thumb Code     6  stm32f10x_gpio.o(.text)
    GPIO_ReadOutputDataBit                   0x08000aa3   Thumb Code    14  stm32f10x_gpio.o(.text)
    GPIO_ReadOutputData                      0x08000ab1   Thumb Code     6  stm32f10x_gpio.o(.text)
    GPIO_SetBits                             0x08000ab7   Thumb Code     4  stm32f10x_gpio.o(.text)
    GPIO_ResetBits                           0x08000abb   Thumb Code     4  stm32f10x_gpio.o(.text)
    GPIO_WriteBit                            0x08000abf   Thumb Code    10  stm32f10x_gpio.o(.text)
    GPIO_Write                               0x08000ac9   Thumb Code     4  stm32f10x_gpio.o(.text)
    GPIO_PinLockConfig                       0x08000acd   Thumb Code    16  stm32f10x_gpio.o(.text)
    GPIO_EventOutputConfig                   0x08000add   Thumb Code    22  stm32f10x_gpio.o(.text)
    GPIO_EventOutputCmd                      0x08000af3   Thumb Code     6  stm32f10x_gpio.o(.text)
    GPIO_PinRemapConfig                      0x08000af9   Thumb Code    82  stm32f10x_gpio.o(.text)
    GPIO_EXTILineConfig                      0x08000b4b   Thumb Code    34  stm32f10x_gpio.o(.text)
    GPIO_ETH_MediaInterfaceConfig            0x08000b6d   Thumb Code     8  stm32f10x_gpio.o(.text)
    NMI_Handler                              0x08000b99   Thumb Code     2  stm32f10x_it.o(.text)
    HardFault_Handler                        0x08000b9b   Thumb Code     2  stm32f10x_it.o(.text)
    MemManage_Handler                        0x08000b9d   Thumb Code     2  stm32f10x_it.o(.text)
    BusFault_Handler                         0x08000b9f   Thumb Code     2  stm32f10x_it.o(.text)
    UsageFault_Handler                       0x08000ba1   Thumb Code     2  stm32f10x_it.o(.text)
    DebugMon_Handler                         0x08000ba3   Thumb Code     2  stm32f10x_it.o(.text)
    WWDG_IRQHandler                          0x08000ba5   Thumb Code     2  stm32f10x_it.o(.text)
    PVD_IRQHandler                           0x08000ba7   Thumb Code     2  stm32f10x_it.o(.text)
    TAMPER_IRQHandler                        0x08000ba9   Thumb Code     2  stm32f10x_it.o(.text)
    RTC_IRQHandler                           0x08000bab   Thumb Code     2  stm32f10x_it.o(.text)
    FLASH_IRQHandler                         0x08000bad   Thumb Code     2  stm32f10x_it.o(.text)
    RCC_IRQHandler                           0x08000baf   Thumb Code     2  stm32f10x_it.o(.text)
    EXTI0_IRQHandler                         0x08000bb1   Thumb Code     2  stm32f10x_it.o(.text)
    EXTI1_IRQHandler                         0x08000bb3   Thumb Code     2  stm32f10x_it.o(.text)
    EXTI2_IRQHandler                         0x08000bb5   Thumb Code     2  stm32f10x_it.o(.text)
    EXTI3_IRQHandler                         0x08000bb7   Thumb Code     2  stm32f10x_it.o(.text)
    EXTI4_IRQHandler                         0x08000bb9   Thumb Code     2  stm32f10x_it.o(.text)
    DMA1_Channel1_IRQHandler                 0x08000bbb   Thumb Code    34  stm32f10x_it.o(.text)
    DMA1_Channel2_IRQHandler                 0x08000bdd   Thumb Code     2  stm32f10x_it.o(.text)
    DMA1_Channel3_IRQHandler                 0x08000bdf   Thumb Code     2  stm32f10x_it.o(.text)
    DMA1_Channel4_IRQHandler                 0x08000be1   Thumb Code     2  stm32f10x_it.o(.text)
    DMA1_Channel5_IRQHandler                 0x08000be3   Thumb Code     2  stm32f10x_it.o(.text)
    DMA1_Channel6_IRQHandler                 0x08000be5   Thumb Code     2  stm32f10x_it.o(.text)
    DMA1_Channel7_IRQHandler                 0x08000be7   Thumb Code     2  stm32f10x_it.o(.text)
    ADC1_2_IRQHandler                        0x08000be9   Thumb Code     2  stm32f10x_it.o(.text)
    USB_HP_CAN_TX_IRQHandler                 0x08000beb   Thumb Code     2  stm32f10x_it.o(.text)
    CAN_RX1_IRQHandler                       0x08000bed   Thumb Code     2  stm32f10x_it.o(.text)
    CAN_SCE_IRQHandler                       0x08000bef   Thumb Code     2  stm32f10x_it.o(.text)
    EXTI9_5_IRQHandler                       0x08000bf1   Thumb Code     2  stm32f10x_it.o(.text)
    TIM1_BRK_IRQHandler                      0x08000bf3   Thumb Code     2  stm32f10x_it.o(.text)
    TIM1_UP_IRQHandler                       0x08000bf5   Thumb Code     2  stm32f10x_it.o(.text)
    TIM1_TRG_COM_IRQHandler                  0x08000bf7   Thumb Code     2  stm32f10x_it.o(.text)
    TIM1_CC_IRQHandler                       0x08000bf9   Thumb Code     2  stm32f10x_it.o(.text)
    TIM2_IRQHandler                          0x08000bfb   Thumb Code     2  stm32f10x_it.o(.text)
    TIM3_IRQHandler                          0x08000bfd   Thumb Code     2  stm32f10x_it.o(.text)
    TIM4_IRQHandler                          0x08000bff   Thumb Code     2  stm32f10x_it.o(.text)
    I2C1_EV_IRQHandler                       0x08000c01   Thumb Code     2  stm32f10x_it.o(.text)
    I2C1_ER_IRQHandler                       0x08000c03   Thumb Code     2  stm32f10x_it.o(.text)
    I2C2_EV_IRQHandler                       0x08000c05   Thumb Code     2  stm32f10x_it.o(.text)
    I2C2_ER_IRQHandler                       0x08000c07   Thumb Code     2  stm32f10x_it.o(.text)
    SPI1_IRQHandler                          0x08000c09   Thumb Code     2  stm32f10x_it.o(.text)
    SPI2_IRQHandler                          0x08000c0b   Thumb Code     2  stm32f10x_it.o(.text)
    EXTI15_10_IRQHandler                     0x08000c0d   Thumb Code     2  stm32f10x_it.o(.text)
    RTCAlarm_IRQHandler                      0x08000c0f   Thumb Code     2  stm32f10x_it.o(.text)
    USBWakeUp_IRQHandler                     0x08000c11   Thumb Code     2  stm32f10x_it.o(.text)
    TIM8_BRK_IRQHandler                      0x08000c13   Thumb Code     2  stm32f10x_it.o(.text)
    TIM8_UP_IRQHandler                       0x08000c15   Thumb Code     2  stm32f10x_it.o(.text)
    TIM8_TRG_COM_IRQHandler                  0x08000c17   Thumb Code     2  stm32f10x_it.o(.text)
    TIM8_CC_IRQHandler                       0x08000c19   Thumb Code     2  stm32f10x_it.o(.text)
    ADC3_IRQHandler                          0x08000c1b   Thumb Code     2  stm32f10x_it.o(.text)
    FSMC_IRQHandler                          0x08000c1d   Thumb Code     2  stm32f10x_it.o(.text)
    SDIO_IRQHandler                          0x08000c1f   Thumb Code     2  stm32f10x_it.o(.text)
    TIM5_IRQHandler                          0x08000c21   Thumb Code     2  stm32f10x_it.o(.text)
    SPI3_IRQHandler                          0x08000c23   Thumb Code     2  stm32f10x_it.o(.text)
    UART4_IRQHandler                         0x08000c25   Thumb Code     2  stm32f10x_it.o(.text)
    UART5_IRQHandler                         0x08000c27   Thumb Code     2  stm32f10x_it.o(.text)
    TIM6_IRQHandler                          0x08000c29   Thumb Code     2  stm32f10x_it.o(.text)
    TIM7_IRQHandler                          0x08000c2b   Thumb Code     2  stm32f10x_it.o(.text)
    DMA2_Channel1_IRQHandler                 0x08000c2d   Thumb Code     2  stm32f10x_it.o(.text)
    DMA2_Channel2_IRQHandler                 0x08000c2f   Thumb Code     2  stm32f10x_it.o(.text)
    DMA2_Channel3_IRQHandler                 0x08000c31   Thumb Code     2  stm32f10x_it.o(.text)
    DMA2_Channel4_5_IRQHandler               0x08000c33   Thumb Code     2  stm32f10x_it.o(.text)
    RCC_DeInit                               0x08000c39   Thumb Code    50  stm32f10x_rcc.o(.text)
    RCC_HSEConfig                            0x08000c6b   Thumb Code    48  stm32f10x_rcc.o(.text)
    RCC_GetFlagStatus                        0x08000c9b   Thumb Code    42  stm32f10x_rcc.o(.text)
    RCC_WaitForHSEStartUp                    0x08000cc5   Thumb Code    44  stm32f10x_rcc.o(.text)
    RCC_AdjustHSICalibrationValue            0x08000cf1   Thumb Code    16  stm32f10x_rcc.o(.text)
    RCC_HSICmd                               0x08000d01   Thumb Code     6  stm32f10x_rcc.o(.text)
    RCC_PLLConfig                            0x08000d07   Thumb Code    16  stm32f10x_rcc.o(.text)
    RCC_PLLCmd                               0x08000d17   Thumb Code     6  stm32f10x_rcc.o(.text)
    RCC_SYSCLKConfig                         0x08000d1d   Thumb Code    14  stm32f10x_rcc.o(.text)
    RCC_GetSYSCLKSource                      0x08000d2b   Thumb Code    10  stm32f10x_rcc.o(.text)
    RCC_HCLKConfig                           0x08000d35   Thumb Code    14  stm32f10x_rcc.o(.text)
    RCC_PCLK1Config                          0x08000d43   Thumb Code    14  stm32f10x_rcc.o(.text)
    RCC_PCLK2Config                          0x08000d51   Thumb Code    16  stm32f10x_rcc.o(.text)
    RCC_ITConfig                             0x08000d61   Thumb Code    18  stm32f10x_rcc.o(.text)
    RCC_USBCLKConfig                         0x08000d73   Thumb Code     8  stm32f10x_rcc.o(.text)
    RCC_ADCCLKConfig                         0x08000d7b   Thumb Code    14  stm32f10x_rcc.o(.text)
    RCC_LSEConfig                            0x08000d89   Thumb Code    28  stm32f10x_rcc.o(.text)
    RCC_LSICmd                               0x08000da5   Thumb Code     6  stm32f10x_rcc.o(.text)
    RCC_RTCCLKConfig                         0x08000dab   Thumb Code    10  stm32f10x_rcc.o(.text)
    RCC_RTCCLKCmd                            0x08000db5   Thumb Code     8  stm32f10x_rcc.o(.text)
    RCC_GetClocksFreq                        0x08000dbd   Thumb Code   130  stm32f10x_rcc.o(.text)
    RCC_AHBPeriphClockCmd                    0x08000e3f   Thumb Code    18  stm32f10x_rcc.o(.text)
    RCC_APB2PeriphClockCmd                   0x08000e51   Thumb Code    18  stm32f10x_rcc.o(.text)
    RCC_APB1PeriphClockCmd                   0x08000e63   Thumb Code    18  stm32f10x_rcc.o(.text)
    RCC_APB2PeriphResetCmd                   0x08000e75   Thumb Code    18  stm32f10x_rcc.o(.text)
    RCC_APB1PeriphResetCmd                   0x08000e87   Thumb Code    18  stm32f10x_rcc.o(.text)
    RCC_BackupResetCmd                       0x08000e99   Thumb Code     8  stm32f10x_rcc.o(.text)
    RCC_ClockSecuritySystemCmd               0x08000ea1   Thumb Code     6  stm32f10x_rcc.o(.text)
    RCC_MCOConfig                            0x08000ea7   Thumb Code     6  stm32f10x_rcc.o(.text)
    RCC_ClearFlag                            0x08000ead   Thumb Code    12  stm32f10x_rcc.o(.text)
    RCC_GetITStatus                          0x08000eb9   Thumb Code    16  stm32f10x_rcc.o(.text)
    RCC_ClearITPendingBit                    0x08000ec9   Thumb Code     6  stm32f10x_rcc.o(.text)
    TIM_DeInit                               0x08000ef1   Thumb Code   304  stm32f10x_tim.o(.text)
    TIM_TimeBaseInit                         0x08001021   Thumb Code   114  stm32f10x_tim.o(.text)
    TIM_OC1Init                              0x08001093   Thumb Code   106  stm32f10x_tim.o(.text)
    TIM_OC2Init                              0x080010fd   Thumb Code   120  stm32f10x_tim.o(.text)
    TIM_OC3Init                              0x08001175   Thumb Code   116  stm32f10x_tim.o(.text)
    TIM_OC4Init                              0x080011e9   Thumb Code    90  stm32f10x_tim.o(.text)
    TIM_SetIC4Prescaler                      0x08001243   Thumb Code    24  stm32f10x_tim.o(.text)
    TIM_SetIC3Prescaler                      0x0800125b   Thumb Code    16  stm32f10x_tim.o(.text)
    TIM_SetIC2Prescaler                      0x0800126b   Thumb Code    24  stm32f10x_tim.o(.text)
    TIM_SetIC1Prescaler                      0x08001329   Thumb Code    16  stm32f10x_tim.o(.text)
    TIM_ICInit                               0x08001391   Thumb Code   272  stm32f10x_tim.o(.text)
    TIM_PWMIConfig                           0x080014a1   Thumb Code   104  stm32f10x_tim.o(.text)
    TIM_BDTRConfig                           0x08001509   Thumb Code    34  stm32f10x_tim.o(.text)
    TIM_TimeBaseStructInit                   0x0800152b   Thumb Code    18  stm32f10x_tim.o(.text)
    TIM_OCStructInit                         0x0800153d   Thumb Code    20  stm32f10x_tim.o(.text)
    TIM_ICStructInit                         0x08001551   Thumb Code    16  stm32f10x_tim.o(.text)
    TIM_BDTRStructInit                       0x08001561   Thumb Code    18  stm32f10x_tim.o(.text)
    TIM_Cmd                                  0x08001573   Thumb Code    20  stm32f10x_tim.o(.text)
    TIM_CtrlPWMOutputs                       0x08001587   Thumb Code    22  stm32f10x_tim.o(.text)
    TIM_ITConfig                             0x0800159d   Thumb Code    16  stm32f10x_tim.o(.text)
    TIM_GenerateEvent                        0x080015ad   Thumb Code     4  stm32f10x_tim.o(.text)
    TIM_DMAConfig                            0x080015b1   Thumb Code     8  stm32f10x_tim.o(.text)
    TIM_DMACmd                               0x080015b9   Thumb Code    16  stm32f10x_tim.o(.text)
    TIM_InternalClockConfig                  0x080015c9   Thumb Code    10  stm32f10x_tim.o(.text)
    TIM_SelectInputTrigger                   0x080015d3   Thumb Code    12  stm32f10x_tim.o(.text)
    TIM_ITRxExternalClockConfig              0x080015df   Thumb Code    18  stm32f10x_tim.o(.text)
    TIM_TIxExternalClockConfig               0x080015f1   Thumb Code    46  stm32f10x_tim.o(.text)
    TIM_ETRConfig                            0x0800161f   Thumb Code    24  stm32f10x_tim.o(.text)
    TIM_ETRClockMode1Config                  0x08001637   Thumb Code    18  stm32f10x_tim.o(.text)
    TIM_ETRClockMode2Config                  0x08001649   Thumb Code    18  stm32f10x_tim.o(.text)
    TIM_PrescalerConfig                      0x0800165b   Thumb Code     6  stm32f10x_tim.o(.text)
    TIM_CounterModeConfig                    0x08001661   Thumb Code    12  stm32f10x_tim.o(.text)
    TIM_EncoderInterfaceConfig               0x0800166d   Thumb Code    50  stm32f10x_tim.o(.text)
    TIM_ForcedOC1Config                      0x0800169f   Thumb Code    12  stm32f10x_tim.o(.text)
    TIM_ForcedOC2Config                      0x080016ab   Thumb Code    20  stm32f10x_tim.o(.text)
    TIM_ForcedOC3Config                      0x080016bf   Thumb Code    12  stm32f10x_tim.o(.text)
    TIM_ForcedOC4Config                      0x080016cb   Thumb Code    20  stm32f10x_tim.o(.text)
    TIM_ARRPreloadConfig                     0x080016df   Thumb Code    20  stm32f10x_tim.o(.text)
    TIM_SelectCOM                            0x080016f3   Thumb Code    20  stm32f10x_tim.o(.text)
    TIM_SelectCCDMA                          0x08001707   Thumb Code    20  stm32f10x_tim.o(.text)
    TIM_CCPreloadControl                     0x0800171b   Thumb Code    20  stm32f10x_tim.o(.text)
    TIM_OC1PreloadConfig                     0x0800172f   Thumb Code    34  stm32f10x_tim.o(.text)
    TIM_OC2PreloadConfig                     0x08001751   Thumb Code    20  stm32f10x_tim.o(.text)
    TIM_OC3PreloadConfig                     0x08001765   Thumb Code    12  stm32f10x_tim.o(.text)
    TIM_OC4PreloadConfig                     0x08001771   Thumb Code    20  stm32f10x_tim.o(.text)
    TIM_OC1FastConfig                        0x08001785   Thumb Code    12  stm32f10x_tim.o(.text)
    TIM_OC2FastConfig                        0x08001791   Thumb Code    20  stm32f10x_tim.o(.text)
    TIM_OC3FastConfig                        0x080017a5   Thumb Code    12  stm32f10x_tim.o(.text)
    TIM_OC4FastConfig                        0x080017b1   Thumb Code    20  stm32f10x_tim.o(.text)
    TIM_ClearOC1Ref                          0x080017c5   Thumb Code    12  stm32f10x_tim.o(.text)
    TIM_ClearOC2Ref                          0x080017d1   Thumb Code    20  stm32f10x_tim.o(.text)
    TIM_ClearOC3Ref                          0x080017e5   Thumb Code    12  stm32f10x_tim.o(.text)
    TIM_ClearOC4Ref                          0x080017f1   Thumb Code    20  stm32f10x_tim.o(.text)
    TIM_OC1PolarityConfig                    0x08001805   Thumb Code    12  stm32f10x_tim.o(.text)
    TIM_OC1NPolarityConfig                   0x08001811   Thumb Code    12  stm32f10x_tim.o(.text)
    TIM_OC2PolarityConfig                    0x0800181d   Thumb Code    20  stm32f10x_tim.o(.text)
    TIM_OC2NPolarityConfig                   0x08001831   Thumb Code    20  stm32f10x_tim.o(.text)
    TIM_OC3PolarityConfig                    0x08001845   Thumb Code    20  stm32f10x_tim.o(.text)
    TIM_OC3NPolarityConfig                   0x08001859   Thumb Code    20  stm32f10x_tim.o(.text)
    TIM_OC4PolarityConfig                    0x0800186d   Thumb Code    20  stm32f10x_tim.o(.text)
    TIM_CCxCmd                               0x08001881   Thumb Code    22  stm32f10x_tim.o(.text)
    TIM_CCxNCmd                              0x08001897   Thumb Code    22  stm32f10x_tim.o(.text)
    TIM_SelectOCxM                           0x080018ad   Thumb Code    70  stm32f10x_tim.o(.text)
    TIM_UpdateDisableConfig                  0x080018f3   Thumb Code    20  stm32f10x_tim.o(.text)
    TIM_UpdateRequestConfig                  0x08001907   Thumb Code    20  stm32f10x_tim.o(.text)
    TIM_SelectHallSensor                     0x0800191b   Thumb Code    20  stm32f10x_tim.o(.text)
    TIM_SelectOnePulseMode                   0x0800192f   Thumb Code    16  stm32f10x_tim.o(.text)
    TIM_SelectOutputTrigger                  0x0800193f   Thumb Code    16  stm32f10x_tim.o(.text)
    TIM_SelectSlaveMode                      0x0800194f   Thumb Code    16  stm32f10x_tim.o(.text)
    TIM_SelectMasterSlaveMode                0x0800195f   Thumb Code    16  stm32f10x_tim.o(.text)
    TIM_SetCounter                           0x0800196f   Thumb Code     4  stm32f10x_tim.o(.text)
    TIM_SetAutoreload                        0x08001973   Thumb Code     4  stm32f10x_tim.o(.text)
    TIM_SetCompare1                          0x08001977   Thumb Code     4  stm32f10x_tim.o(.text)
    TIM_SetCompare2                          0x0800197b   Thumb Code     4  stm32f10x_tim.o(.text)
    TIM_SetCompare3                          0x0800197f   Thumb Code     4  stm32f10x_tim.o(.text)
    TIM_SetCompare4                          0x08001983   Thumb Code     6  stm32f10x_tim.o(.text)
    TIM_SetClockDivision                     0x08001989   Thumb Code    16  stm32f10x_tim.o(.text)
    TIM_GetCapture1                          0x08001999   Thumb Code     4  stm32f10x_tim.o(.text)
    TIM_GetCapture2                          0x0800199d   Thumb Code     4  stm32f10x_tim.o(.text)
    TIM_GetCapture3                          0x080019a1   Thumb Code     4  stm32f10x_tim.o(.text)
    TIM_GetCapture4                          0x080019a5   Thumb Code     6  stm32f10x_tim.o(.text)
    TIM_GetCounter                           0x080019ab   Thumb Code     4  stm32f10x_tim.o(.text)
    TIM_GetPrescaler                         0x080019af   Thumb Code     4  stm32f10x_tim.o(.text)
    TIM_GetFlagStatus                        0x080019b3   Thumb Code    14  stm32f10x_tim.o(.text)
    TIM_ClearFlag                            0x080019c1   Thumb Code     6  stm32f10x_tim.o(.text)
    TIM_GetITStatus                          0x080019c7   Thumb Code    24  stm32f10x_tim.o(.text)
    TIM_ClearITPendingBit                    0x080019df   Thumb Code     6  stm32f10x_tim.o(.text)
    USART_DeInit                             0x080019e5   Thumb Code    96  stm32f10x_usart.o(.text)
    USART_Init                               0x08001a45   Thumb Code   176  stm32f10x_usart.o(.text)
    USART_StructInit                         0x08001af5   Thumb Code    22  stm32f10x_usart.o(.text)
    USART_ClockInit                          0x08001b0b   Thumb Code    30  stm32f10x_usart.o(.text)
    USART_ClockStructInit                    0x08001b29   Thumb Code    12  stm32f10x_usart.o(.text)
    USART_Cmd                                0x08001b35   Thumb Code    20  stm32f10x_usart.o(.text)
    USART_ITConfig                           0x08001b49   Thumb Code    48  stm32f10x_usart.o(.text)
    USART_DMACmd                             0x08001b79   Thumb Code    16  stm32f10x_usart.o(.text)
    USART_SetAddress                         0x08001b89   Thumb Code    16  stm32f10x_usart.o(.text)
    USART_WakeUpConfig                       0x08001b99   Thumb Code    16  stm32f10x_usart.o(.text)
    USART_ReceiverWakeUpCmd                  0x08001ba9   Thumb Code    20  stm32f10x_usart.o(.text)
    USART_LINBreakDetectLengthConfig         0x08001bbd   Thumb Code    16  stm32f10x_usart.o(.text)
    USART_LINCmd                             0x08001bcd   Thumb Code    20  stm32f10x_usart.o(.text)
    USART_SendData                           0x08001be1   Thumb Code     8  stm32f10x_usart.o(.text)
    USART_ReceiveData                        0x08001be9   Thumb Code     8  stm32f10x_usart.o(.text)
    USART_SendBreak                          0x08001bf1   Thumb Code    10  stm32f10x_usart.o(.text)
    USART_SetGuardTime                       0x08001bfb   Thumb Code    16  stm32f10x_usart.o(.text)
    USART_SetPrescaler                       0x08001c0b   Thumb Code    16  stm32f10x_usart.o(.text)
    USART_SmartCardCmd                       0x08001c1b   Thumb Code    20  stm32f10x_usart.o(.text)
    USART_SmartCardNACKCmd                   0x08001c2f   Thumb Code    20  stm32f10x_usart.o(.text)
    USART_HalfDuplexCmd                      0x08001c43   Thumb Code    20  stm32f10x_usart.o(.text)
    USART_OverSampling8Cmd                   0x08001c57   Thumb Code    20  stm32f10x_usart.o(.text)
    USART_OneBitMethodCmd                    0x08001c6b   Thumb Code    20  stm32f10x_usart.o(.text)
    USART_IrDAConfig                         0x08001c7f   Thumb Code    16  stm32f10x_usart.o(.text)
    USART_IrDACmd                            0x08001c8f   Thumb Code    20  stm32f10x_usart.o(.text)
    USART_GetFlagStatus                      0x08001ca3   Thumb Code    14  stm32f10x_usart.o(.text)
    USART_ClearFlag                          0x08001cb1   Thumb Code     6  stm32f10x_usart.o(.text)
    USART_GetITStatus                        0x08001cb7   Thumb Code    62  stm32f10x_usart.o(.text)
    USART_ClearITPendingBit                  0x08001cf5   Thumb Code    12  stm32f10x_usart.o(.text)
    NVIC_Configuration                       0x08001d15   Thumb Code    10  nvic_manager.o(.text)
    RCC_Configuration                        0x08001d21   Thumb Code    98  rcc_manager.o(.text)
    USART_RCC                                0x08001d85   Thumb Code    38  usart_manager.o(.text)
    USART_GPIO_Pins                          0x08001dab   Thumb Code    54  usart_manager.o(.text)
    USART_NVIC                               0x08001de1   Thumb Code    32  usart_manager.o(.text)
    USART_Configuration                      0x08001e01   Thumb Code    86  usart_manager.o(.text)
    fputc                                    0x08001e57   Thumb Code    30  usart_manager.o(.text)
    SendChar                                 0x08001e81   Thumb Code    86  serial.o(.text)
    GetKey                                   0x08001ed7   Thumb Code    50  serial.o(.text)
    USART1_IRQHandler                        0x08001f09   Thumb Code   130  serial.o(.text)
    USART2_IRQHandler                        0x08001f8b   Thumb Code   128  serial.o(.text)
    USART3_IRQHandler                        0x0800200b   Thumb Code   128  serial.o(.text)
    getline                                  0x080020a1   Thumb Code   122  getline.o(.text)
    TSK_StopReporting                        0x08002125   Thumb Code    34  tsk_serialinterface.o(.text)
    TSK_SerialInterface                      0x08002147   Thumb Code  1300  tsk_serialinterface.o(.text)
    gpioPWM                                  0x08002689   Thumb Code    48  timer_manager.o(.text)
    rccPWM                                   0x080026b9   Thumb Code    10  timer_manager.o(.text)
    PWM_Configuration                        0x080026c3   Thumb Code   134  timer_manager.o(.text)
    Round                                    0x08002759   Thumb Code    66  thermal_utility.o(.text)
    TEC_InitGPIO                             0x0800279b   Thumb Code    26  thermal_utility.o(.text)
    TEC_addGPIO                              0x080027b5   Thumb Code   198  thermal_utility.o(.text)
    TEC_Initialise                           0x0800287b   Thumb Code    96  thermal_utility.o(.text)
    TEC_AutoFanCtrl                          0x080028db   Thumb Code    50  thermal_utility.o(.text)
    TEC_OutPutCtrl                           0x0800290d   Thumb Code    70  thermal_utility.o(.text)
    TEC_ActivateZones                        0x08002953   Thumb Code    62  thermal_utility.o(.text)
    TEC_DeActivateZones                      0x08002991   Thumb Code    80  thermal_utility.o(.text)
    Voltage                                  0x080029e1   Thumb Code    24  thermal_utility.o(.text)
    TEC_GetPt1000Temp                        0x080029f9   Thumb Code    64  thermal_utility.o(.text)
    TEC_ReadTemperatures                     0x08002a39   Thumb Code   100  thermal_utility.o(.text)
    TEC_SetPWMOutputs                        0x08002a9d   Thumb Code   298  thermal_utility.o(.text)
    TEC_CheckSetpointDrift                   0x08002bc7   Thumb Code    72  thermal_utility.o(.text)
    TEC_PeltierVoltages                      0x08002c0f   Thumb Code   128  thermal_utility.o(.text)
    TEC_UpdateErrorStatus                    0x08002c8f   Thumb Code    58  thermal_utility.o(.text)
    TEC_RTDErrCheck                          0x08002cc9   Thumb Code   166  thermal_utility.o(.text)
    TEC_ReadErrorStatus                      0x08002d6f   Thumb Code    74  thermal_utility.o(.text)
    PID_DefaultSettings                      0x08002ddd   Thumb Code    58  pid_manager.o(.text)
    PID_SetCoefficients                      0x08002e17   Thumb Code    40  pid_manager.o(.text)
    PID_SetSetPoint                          0x08002e3f   Thumb Code    30  pid_manager.o(.text)
    PID_ReadSetPoint                         0x08002e5d   Thumb Code    24  pid_manager.o(.text)
    PID_Calculate                            0x08002e75   Thumb Code   194  pid_manager.o(.text)
    addTECQue                                0x08002f5d   Thumb Code    86  setpointqueue.o(.text)
    getTECQue                                0x08002fb3   Thumb Code    84  setpointqueue.o(.text)
    clearTECQue                              0x08003007   Thumb Code    34  setpointqueue.o(.text)
    ActivateQueue                            0x08003029   Thumb Code    56  setpointqueue.o(.text)
    TEC_QueueControl                         0x08003061   Thumb Code   200  setpointqueue.o(.text)
    init                                     0x08003139   Thumb Code    24  main.o(.text)
    main                                     0x08003151   Thumb Code    18  main.o(.text)
    os_idle_demon                            0x0800316d   Thumb Code     2  rtx_conf_cm.o(.text)
    os_error                                 0x0800316f   Thumb Code     2  rtx_conf_cm.o(.text)
    Reset_Handler                            0x08003171   Thumb Code     8  startup_stm32f10x_md.o(.text)
    CAN1_RX1_IRQHandler                      0x0800318b   Thumb Code     0  startup_stm32f10x_md.o(.text)
    CAN1_SCE_IRQHandler                      0x0800318b   Thumb Code     0  startup_stm32f10x_md.o(.text)
    USB_HP_CAN1_TX_IRQHandler                0x0800318b   Thumb Code     0  startup_stm32f10x_md.o(.text)
    USB_LP_CAN1_RX0_IRQHandler               0x0800318b   Thumb Code     0  startup_stm32f10x_md.o(.text)
    SystemInit                               0x08003235   Thumb Code    64  system_stm32f10x.o(.text)
    SystemCoreClockUpdate                    0x08003275   Thumb Code    86  system_stm32f10x.o(.text)
    toupper                                  0x080032ed   Thumb Code    12  toupper.o(.text)
    __0sscanf                                0x080032f9   Thumb Code    48  __0sscanf.o(.text)
    _scanf_int                               0x08003331   Thumb Code   336  _scanf_int.o(.text)
    _scanf_string                            0x08003481   Thumb Code   218  _scanf_str.o(.text)
    _scanf_real                              0x0800365d   Thumb Code     0  scanf_fp.o(.text)
    _scanf_really_real                       0x0800365d   Thumb Code   560  scanf_fp.o(.text)
    __aeabi_fadd                             0x08003899   Thumb Code   164  fadd.o(.text)
    __aeabi_fsub                             0x0800393d   Thumb Code     6  fadd.o(.text)
    __aeabi_frsub                            0x08003943   Thumb Code     6  fadd.o(.text)
    __aeabi_fmul                             0x08003949   Thumb Code   108  fmul.o(.text)
    __aeabi_fdiv                             0x080039b5   Thumb Code   128  fdiv.o(.text)
    __ARM_scalbnf                            0x08003a35   Thumb Code    24  fscalb.o(.text)
    scalbnf                                  0x08003a35   Thumb Code     0  fscalb.o(.text)
    __aeabi_dadd                             0x08003a4d   Thumb Code   322  dadd.o(.text)
    __aeabi_dsub                             0x08003b8f   Thumb Code     6  dadd.o(.text)
    __aeabi_drsub                            0x08003b95   Thumb Code     6  dadd.o(.text)
    __aeabi_dmul                             0x08003b9b   Thumb Code   228  dmul.o(.text)
    __aeabi_ddiv                             0x08003c7f   Thumb Code   222  ddiv.o(.text)
    __aeabi_ui2f                             0x08003d5d   Thumb Code    10  ffltui.o(.text)
    __aeabi_i2d                              0x08003d67   Thumb Code    34  dflti.o(.text)
    __aeabi_d2iz                             0x08003d89   Thumb Code    62  dfixi.o(.text)
    __aeabi_f2d                              0x08003dc7   Thumb Code    38  f2d.o(.text)
    __aeabi_cdcmpeq                          0x08003ded   Thumb Code     0  cdcmple.o(.text)
    __aeabi_cdcmple                          0x08003ded   Thumb Code    38  cdcmple.o(.text)
    __aeabi_cdrcmple                         0x08003e15   Thumb Code    38  cdrcmple.o(.text)
    __aeabi_d2f                              0x08003e3d   Thumb Code    56  d2f.o(.text)
    __aeabi_cfcmpeq                          0x08003e75   Thumb Code     0  cfcmple.o(.text)
    __aeabi_cfcmple                          0x08003e75   Thumb Code    20  cfcmple.o(.text)
    __aeabi_cfrcmple                         0x08003e89   Thumb Code    20  cfrcmple.o(.text)
    __aeabi_uidiv                            0x08003e9d   Thumb Code     0  uidiv.o(.text)
    __aeabi_uidivmod                         0x08003e9d   Thumb Code    44  uidiv.o(.text)
    __aeabi_uldivmod                         0x08003ec9   Thumb Code    98  uldiv.o(.text)
    __aeabi_llsl                             0x08003f2b   Thumb Code    30  llshl.o(.text)
    _ll_shift_l                              0x08003f2b   Thumb Code     0  llshl.o(.text)
    __aeabi_llsr                             0x08003f49   Thumb Code    32  llushr.o(.text)
    _ll_ushift_r                             0x08003f49   Thumb Code     0  llushr.o(.text)
    __aeabi_lasr                             0x08003f69   Thumb Code    36  llsshr.o(.text)
    _ll_sshift_r                             0x08003f69   Thumb Code     0  llsshr.o(.text)
    _chval                                   0x08003f8d   Thumb Code    28  _chval.o(.text)
    __vfscanf_char                           0x08003fb5   Thumb Code    20  scanf_char.o(.text)
    _sgetc                                   0x08003fd1   Thumb Code    30  _sgetc.o(.text)
    _sbackspace                              0x08003fef   Thumb Code    34  _sgetc.o(.text)
    __I$use$fp                               0x08004011   Thumb Code     0  iusefp.o(.text)
    _float_round                             0x08004011   Thumb Code    18  fepilogue.o(.text)
    _float_epilogue                          0x08004023   Thumb Code    90  fepilogue.o(.text)
    _double_round                            0x0800407d   Thumb Code    26  depilogue.o(.text)
    _double_epilogue                         0x08004097   Thumb Code   164  depilogue.o(.text)
    __ARM_scalbn                             0x0800413b   Thumb Code    46  dscalb.o(.text)
    scalbn                                   0x0800413b   Thumb Code     0  dscalb.o(.text)
    _dsqrt                                   0x08004169   Thumb Code   162  dsqrt.o(.text)
    __aeabi_ul2d                             0x0800420b   Thumb Code    24  dfltul.o(.text)
    __aeabi_d2ulz                            0x08004223   Thumb Code    48  dfixul.o(.text)
    __scatterload                            0x08004255   Thumb Code    28  init.o(.text)
    __scatterload_rt2                        0x08004255   Thumb Code     0  init.o(.text)
    isspace                                  0x08004279   Thumb Code    10  isspace_c.o(.text)
    __vfscanf                                0x08004285   Thumb Code   806  _scanf.o(.text)
    __ctype_lookup                           0x080045b1   Thumb Code    34  ctype_c.o(.text)
    SVC_Count                                0x080045d8   Data           4  svc_table.o(SVC_TABLE)
    SVC_Table                                0x080045dc   Data           0  svc_table.o(SVC_TABLE)
    __0printf                                0x080045dd   Thumb Code    22  printfa.o(i.__0printf)
    __1printf                                0x080045dd   Thumb Code     0  printfa.o(i.__0printf)
    __2printf                                0x080045dd   Thumb Code     0  printfa.o(i.__0printf)
    __c89printf                              0x080045dd   Thumb Code     0  printfa.o(i.__0printf)
    printf                                   0x080045dd   Thumb Code     0  printfa.o(i.__0printf)
    __ARM_fpclassify                         0x080045fd   Thumb Code    40  fpclassify.o(i.__ARM_fpclassify)
    __kernel_poly                            0x08004625   Thumb Code   170  poly.o(i.__kernel_poly)
    __mathlib_dbl_underflow                  0x080046d1   Thumb Code    10  dunder.o(i.__mathlib_dbl_underflow)
    __scatterload_copy                       0x080046e1   Thumb Code    14  handlers.o(i.__scatterload_copy)
    __scatterload_null                       0x080046ef   Thumb Code     2  handlers.o(i.__scatterload_null)
    __scatterload_zeroinit                   0x080046f1   Thumb Code    14  handlers.o(i.__scatterload_zeroinit)
    __set_errno                              0x08004701   Thumb Code     6  errno.o(i.__set_errno)
    _init_box                                0x08004869   Thumb Code    70  rt_membox.o(i._init_box)
    _is_digit                                0x080048af   Thumb Code    14  scanf_fp.o(i._is_digit)
    dbg_init                                 0x08005005   Thumb Code    34  hal_cm.o(i.dbg_init)
    dbg_task_notify                          0x08005035   Thumb Code    32  hal_cm.o(i.dbg_task_notify)
    dbg_task_switch                          0x08005055   Thumb Code    16  hal_cm.o(i.dbg_task_switch)
    floor                                    0x08005065   Thumb Code   204  floor.o(i.floor)
    isr_evt_set                              0x0800516d   Thumb Code    34  rt_event.o(i.isr_evt_set)
    isr_mbx_receive                          0x08005195   Thumb Code    80  rt_mailbox.o(i.isr_mbx_receive)
    isr_mbx_send                             0x080051e5   Thumb Code    14  rt_mailbox.o(i.isr_mbx_send)
    osDelay                                  0x080051f5   Thumb Code    18  rt_cmsis.o(i.osDelay)
    osKernelInitialize                       0x0800520d   Thumb Code    30  rt_cmsis.o(i.osKernelInitialize)
    osKernelStart                            0x08005231   Thumb Code    98  rt_cmsis.o(i.osKernelStart)
    osMessageGet                             0x0800529d   Thumb Code    62  rt_cmsis.o(i.osMessageGet)
    osSignalClear                            0x080052e1   Thumb Code    18  rt_cmsis.o(i.osSignalClear)
    osSignalSet                              0x080052f9   Thumb Code    48  rt_cmsis.o(i.osSignalSet)
    osSignalWait                             0x0800532d   Thumb Code    18  rt_cmsis.o(i.osSignalWait)
    osThreadCreate                           0x08005345   Thumb Code    38  rt_cmsis.o(i.osThreadCreate)
    osThreadExit                             0x08005375   Thumb Code    14  rt_cmsis.o(i.osThreadExit)
    osThreadGetId                            0x0800538d   Thumb Code    18  rt_cmsis.o(i.osThreadGetId)
    osThreadTerminate                        0x080053a5   Thumb Code    18  rt_cmsis.o(i.osThreadTerminate)
    osTimerCall                              0x080053bd   Thumb Code     8  rt_cmsis.o(i.osTimerCall)
    osTimerThread                            0x080053c9   Thumb Code    38  rt_cmsis.o(i.osTimerThread)
    os_tick_init                             0x080053f5   Thumb Code    32  rt_system.o(i.os_tick_init)
    os_tick_irqack                           0x0800541d   Thumb Code     2  rt_system.o(i.os_tick_irqack)
    pow                                      0x08005421   Thumb Code  2510  pow.o(i.pow)
    putc                                     0x08005e01   Thumb Code     4  putc.o(i.putc)
    rt_alloc_box                             0x08005e05   Thumb Code    26  rt_membox.o(i.rt_alloc_box)
    rt_alloc_mem                             0x08005e1f   Thumb Code    60  rt_memory.o(i.rt_alloc_mem)
    rt_block                                 0x08005e5d   Thumb Code    48  rt_task.o(i.rt_block)
    rt_chk_robin                             0x08005e95   Thumb Code    60  rt_robin.o(i.rt_chk_robin)
    rt_dec_dly                               0x08005edd   Thumb Code   102  rt_list.o(i.rt_dec_dly)
    rt_dispatch                              0x08005f4d   Thumb Code    60  rt_task.o(i.rt_dispatch)
    rt_dly_wait                              0x08005f91   Thumb Code     6  rt_time.o(i.rt_dly_wait)
    rt_evt_clr                               0x08005f99   Thumb Code    22  rt_event.o(i.rt_evt_clr)
    rt_evt_psh                               0x08005fb5   Thumb Code    76  rt_event.o(i.rt_evt_psh)
    rt_evt_set                               0x08006005   Thumb Code    88  rt_event.o(i.rt_evt_set)
    rt_evt_wait                              0x08006061   Thumb Code    56  rt_event.o(i.rt_evt_wait)
    rt_free_box                              0x0800609d   Thumb Code    32  rt_membox.o(i.rt_free_box)
    rt_free_mem                              0x080060bd   Thumb Code    40  rt_memory.o(i.rt_free_mem)
    rt_get_first                             0x080060e5   Thumb Code    40  rt_list.o(i.rt_get_first)
    rt_init_mem                              0x0800615d   Thumb Code    26  rt_memory.o(i.rt_init_mem)
    rt_init_robin                            0x08006179   Thumb Code    14  rt_robin.o(i.rt_init_robin)
    rt_init_stack                            0x08006191   Thumb Code    70  hal_cm.o(i.rt_init_stack)
    rt_mbx_check                             0x080061e1   Thumb Code     8  rt_mailbox.o(i.rt_mbx_check)
    rt_mbx_init                              0x080061e9   Thumb Code    28  rt_mailbox.o(i.rt_mbx_init)
    rt_mbx_psh                               0x08006205   Thumb Code   234  rt_mailbox.o(i.rt_mbx_psh)
    rt_mbx_wait                              0x080062f5   Thumb Code   172  rt_mailbox.o(i.rt_mbx_wait)
    rt_pop_req                               0x080063e1   Thumb Code   110  rt_system.o(i.rt_pop_req)
    rt_psh_req                               0x0800645d   Thumb Code    22  rt_system.o(i.rt_psh_req)
    rt_psq_enq                               0x0800647d   Thumb Code    82  rt_list.o(i.rt_psq_enq)
    rt_put_dly                               0x080064d5   Thumb Code    68  rt_list.o(i.rt_put_dly)
    rt_put_prio                              0x0800651d   Thumb Code    54  rt_list.o(i.rt_put_prio)
    rt_put_rdy_first                         0x08006555   Thumb Code    14  rt_list.o(i.rt_put_rdy_first)
    rt_resort_prio                           0x08006569   Thumb Code    46  rt_list.o(i.rt_resort_prio)
    rt_ret_val                               0x0800659d   Thumb Code     6  hal_cm.o(i.rt_ret_val)
    rt_ret_val2                              0x080065a3   Thumb Code     8  hal_cm.o(i.rt_ret_val2)
    rt_rmv_dly                               0x080065ab   Thumb Code    40  rt_list.o(i.rt_rmv_dly)
    rt_rmv_list                              0x080065d5   Thumb Code    44  rt_list.o(i.rt_rmv_list)
    rt_sem_psh                               0x08006605   Thumb Code    48  rt_semaphore.o(i.rt_sem_psh)
    rt_stk_check                             0x08006639   Thumb Code    28  rt_system.o(i.rt_stk_check)
    rt_switch_req                            0x0800665d   Thumb Code    30  rt_task.o(i.rt_switch_req)
    rt_sys_init                              0x08006685   Thumb Code   200  rt_task.o(i.rt_sys_init)
    rt_sys_start                             0x08006791   Thumb Code    44  rt_task.o(i.rt_sys_start)
    rt_systick                               0x080067c5   Thumb Code    50  rt_system.o(i.rt_systick)
    rt_tsk_create                            0x08006851   Thumb Code   116  rt_task.o(i.rt_tsk_create)
    rt_tsk_delete                            0x080068d5   Thumb Code   342  rt_task.o(i.rt_tsk_delete)
    rt_tsk_prio                              0x08006a49   Thumb Code   108  rt_task.o(i.rt_tsk_prio)
    rt_tsk_self                              0x08006ac5   Thumb Code    12  rt_task.o(i.rt_tsk_self)
    sqrt                                     0x08006ad5   Thumb Code    76  sqrt.o(i.sqrt)
    svcDelay                                 0x08006b21   Thumb Code    20  rt_cmsis.o(i.svcDelay)
    svcKernelInitialize                      0x08006b35   Thumb Code    80  rt_cmsis.o(i.svcKernelInitialize)
    svcKernelStart                           0x08006ba5   Thumb Code    62  rt_cmsis.o(i.svcKernelStart)
    svcMessageCreate                         0x08006bed   Thumb Code    36  rt_cmsis.o(i.svcMessageCreate)
    svcMessageGet                            0x08006c11   Thumb Code    58  rt_cmsis.o(i.svcMessageGet)
    svcSignalClear                           0x08006c4b   Thumb Code    36  rt_cmsis.o(i.svcSignalClear)
    svcSignalSet                             0x08006c6f   Thumb Code    36  rt_cmsis.o(i.svcSignalSet)
    svcSignalWait                            0x08006c95   Thumb Code    80  rt_cmsis.o(i.svcSignalWait)
    svcThreadCreate                          0x08006ce9   Thumb Code   100  rt_cmsis.o(i.svcThreadCreate)
    svcThreadGetId                           0x08006d59   Thumb Code    22  rt_cmsis.o(i.svcThreadGetId)
    svcThreadTerminate                       0x08006d75   Thumb Code    50  rt_cmsis.o(i.svcThreadTerminate)
    svcTimerCall                             0x08006dad   Thumb Code    24  rt_cmsis.o(i.svcTimerCall)
    sysTimerTick                             0x08006dc5   Thumb Code    76  rt_cmsis.o(i.sysTimerTick)
    ProjectCode                              0x08006e18   Data           4  tsk_serialinterface.o(.constdata)
    PCB_Drawing_No                           0x08006e1c   Data           4  tsk_serialinterface.o(.constdata)
    PCB_Revision                             0x08006e20   Data           4  tsk_serialinterface.o(.constdata)
    Firmware_Version                         0x08006e24   Data           6  tsk_serialinterface.o(.constdata)
    Version                                  0x08006e2a   Data         240  tsk_serialinterface.o(.constdata)
    os_maxtaskrun                            0x08006f3c   Data           2  rtx_conf_cm.o(.constdata)
    os_stackinfo                             0x08006f40   Data           4  rtx_conf_cm.o(.constdata)
    os_rrobin                                0x08006f44   Data           4  rtx_conf_cm.o(.constdata)
    os_trv                                   0x08006f48   Data           4  rtx_conf_cm.o(.constdata)
    os_flags                                 0x08006f4c   Data           1  rtx_conf_cm.o(.constdata)
    CMSIS_RTOS_API_Version                   0x08006f50   Data           4  rtx_conf_cm.o(.constdata)
    CMSIS_RTOS_RTX_Version                   0x08006f54   Data           4  rtx_conf_cm.o(.constdata)
    os_clockrate                             0x08006f58   Data           4  rtx_conf_cm.o(.constdata)
    os_timernum                              0x08006f5c   Data           4  rtx_conf_cm.o(.constdata)
    mp_tcb_size                              0x08006f60   Data           2  rtx_conf_cm.o(.constdata)
    mp_stk_size                              0x08006f64   Data           4  rtx_conf_cm.o(.constdata)
    os_stack_sz                              0x08006f68   Data           4  rtx_conf_cm.o(.constdata)
    os_fifo_size                             0x08006f6c   Data           1  rtx_conf_cm.o(.constdata)
    os_thread_def_osTimerThread              0x08006f70   Data          16  rtx_conf_cm.o(.constdata)
    os_messageQ_def_osTimerMessageQ          0x08006f80   Data           8  rtx_conf_cm.o(.constdata)
    mp_tmr_size                              0x08006f88   Data           2  rtx_conf_cm.o(.constdata)
    __mathlib_zero                           0x08007018   Data           8  qnan.o(.constdata)
    __ctype_categories                       0x08007020   Data          64  ctype_c.o(.constdata)
    Region$$Table$$Base                      0x08007060   Number         0  anon$$obj.o(Region$$Table)
    Region$$Table$$Limit                     0x08007080   Number         0  anon$$obj.o(Region$$Table)
    tidADC1Monitor                           0x20000014   Data           4  tsk_adc1monitor.o(.data)
    wr_task                                  0x2000001c   Data           4  serial.o(.data)
    rd_task                                  0x20000020   Data           4  serial.o(.data)
    ECHO_ON                                  0x20000024   Data           1  getline.o(.data)
    StopReportFlag                           0x20000028   Data           1  tsk_serialinterface.o(.data)
    tidStopReporting                         0x2000002c   Data           4  tsk_serialinterface.o(.data)
    tidSerialInterface                       0x20000030   Data           4  tsk_serialinterface.o(.data)
    CCR_VAL                                  0x20000034   Data           4  timer_manager.o(.data)
    errorStatus                              0x20000038   Data           2  thermal_utility.o(.data)
    warningStatus                            0x2000003a   Data           2  thermal_utility.o(.data)
    RetTemp                                  0x20000040   Data           4  thermal_utility.o(.data)
    m_tmr                                    0x2000004c   Data           4  rtx_conf_cm.o(.data)
    os_thread_def_main                       0x20000050   Data          16  rtx_conf_cm.o(.data)
    osThreadId_osTimerThread                 0x20000060   Data           4  rtx_conf_cm.o(.data)
    osMessageQId_osTimerMessageQ             0x20000064   Data           4  rtx_conf_cm.o(.data)
    SystemCoreClock                          0x20000068   Data           4  system_stm32f10x.o(.data)
    AHBPrescTable                            0x2000006c   Data          16  system_stm32f10x.o(.data)
    os_initialized                           0x2000007c   Data           1  rt_cmsis.o(.data)
    os_running                               0x2000007d   Data           1  rt_cmsis.o(.data)
    os_timer_head                            0x20000080   Data           4  rt_cmsis.o(.data)
    os_tsk                                   0x20000084   Data           8  rt_task.o(.data)
    os_tick_irqn                             0x20000090   Data           4  rt_system.o(.data)
    os_time                                  0x20000094   Data           4  rt_time.o(.data)
    dbg_msg                                  0x20000098   Data           1  hal_cm.o(.data)
    os_robin                                 0x2000009c   Data           8  rt_robin.o(.data)
    __stdout                                 0x200000a4   Data           4  stdout.o(.data)
    AvAdcValue                               0x200000ac   Data          44  tsk_adc1monitor.o(.bss)
    szCmdline                                0x200001d8   Data          90  tsk_serialinterface.o(.bss)
    sTEC_Pins                                0x20000234   Data          48  thermal_utility.o(.bss)
    OtherPins                                0x20000264   Data          24  thermal_utility.o(.bss)
    sTEC                                     0x2000027c   Data          40  thermal_utility.o(.bss)
    sPID                                     0x200002a8   Data         128  pid_manager.o(.bss)
    TECQue                                   0x20000328   Data         656  setpointqueue.o(.bss)
    QueCtrl                                  0x200005b8   Data          16  setpointqueue.o(.bss)
    os_messageQ_q_osTimerMessageQ            0x200005c8   Data          32  rtx_conf_cm.o(.bss)
    mp_tcb                                   0x200005e8   Data         376  rtx_conf_cm.o(.bss)
    mp_stk                                   0x20000760   Data        1216  rtx_conf_cm.o(.bss)
    os_stack_mem                             0x20000c20   Data         432  rtx_conf_cm.o(.bss)
    os_fifo                                  0x20000dd0   Data         132  rtx_conf_cm.o(.bss)
    os_active_TCB                            0x20000e54   Data          28  rtx_conf_cm.o(.bss)
    os_idle_TCB                              0x20000e70   Data          52  rt_task.o(.bss)
    os_rdy                                   0x20000ea4   Data          24  rt_list.o(.bss)
    os_dly                                   0x20000ebc   Data          24  rt_list.o(.bss)
    __initial_sp                             0x200012d8   Data           0  startup_stm32f10x_md.o(STACK)



==============================================================================

Memory Map of the image

  Image Entry point : 0x080000ed

  Load Region LR_IROM1 (Base: 0x08000000, Size: 0x0000712c, Max: 0x00020000, ABSOLUTE)

    Execution Region ER_IROM1 (Base: 0x08000000, Size: 0x00007080, Max: 0x00020000, ABSOLUTE)

    Base Addr    Size         Type   Attr      Idx    E Section Name        Object

    0x08000000   0x000000ec   Data   RO          799    RESET               startup_stm32f10x_md.o
    0x080000ec   0x00000000   Code   RO         2035  * .ARM.Collect$$$$00000000  mc_w.l(entry.o)
    0x080000ec   0x00000004   Code   RO         2355    .ARM.Collect$$$$00000001  mc_w.l(entry2.o)
    0x080000f0   0x00000004   Code   RO         2358    .ARM.Collect$$$$00000004  mc_w.l(entry5.o)
    0x080000f4   0x00000000   Code   RO         2360    .ARM.Collect$$$$00000008  mc_w.l(entry7b.o)
    0x080000f4   0x00000000   Code   RO         2362    .ARM.Collect$$$$0000000A  mc_w.l(entry8b.o)
    0x080000f4   0x00000000   Code   RO         2363    .ARM.Collect$$$$0000000D  mc_w.l(entry10a.o)
    0x080000f4   0x00000000   Code   RO         2365    .ARM.Collect$$$$0000000F  mc_w.l(entry11a.o)
    0x080000f4   0x00000018   Code   RO          744    .ARM.Collect$$$$000000FF  rtx_conf_cm.o
    0x0800010c   0x00000004   Code   RO         2356    .ARM.Collect$$$$00002712  mc_w.l(entry2.o)
    0x08000110   0x00000130   Code   RO         2000    .emb_text           RTX_CM3.lib(hal_cm3.o)
    0x08000240   0x000000b0   Code   RO            3    .text               misc.o
    0x080002f0   0x000001c8   Code   RO          122    .text               stm32f10x_dma.o
    0x080004b8   0x0000047c   Code   RO          142    .text               stm32f10x_flash.o
    0x08000934   0x00000264   Code   RO          163    .text               stm32f10x_gpio.o
    0x08000b98   0x000000a0   Code   RO          183    .text               stm32f10x_it.o
    0x08000c38   0x000002b8   Code   RO          224    .text               stm32f10x_rcc.o
    0x08000ef0   0x00000af4   Code   RO          246    .text               stm32f10x_tim.o
    0x080019e4   0x00000330   Code   RO          267    .text               stm32f10x_usart.o
    0x08001d14   0x0000000a   Code   RO          287    .text               nvic_manager.o
    0x08001d1e   0x00000002   PAD
    0x08001d20   0x00000062   Code   RO          310    .text               rcc_manager.o
    0x08001d82   0x00000002   PAD
    0x08001d84   0x000000fc   Code   RO          391    .text               usart_manager.o
    0x08001e80   0x00000220   Code   RO          419    .text               serial.o
    0x080020a0   0x00000084   Code   RO          446    .text               getline.o
    0x08002124   0x00000564   Code   RO          463    .text               tsk_serialinterface.o
    0x08002688   0x000000d0   Code   RO          513    .text               timer_manager.o
    0x08002758   0x00000684   Code   RO          540    .text               thermal_utility.o
    0x08002ddc   0x00000180   Code   RO          581    .text               pid_manager.o
    0x08002f5c   0x000001dc   Code   RO          611    .text               setpointqueue.o
    0x08003138   0x00000034   Code   RO          699    .text               main.o
    0x0800316c   0x00000004   Code   RO          745    .text               rtx_conf_cm.o
    0x08003170   0x00000024   Code   RO          800    .text               startup_stm32f10x_md.o
    0x08003194   0x00000158   Code   RO          806    .text               system_stm32f10x.o
    0x080032ec   0x0000000c   Code   RO         2041    .text               mc_w.l(toupper.o)
    0x080032f8   0x00000038   Code   RO         2304    .text               mc_w.l(__0sscanf.o)
    0x08003330   0x00000150   Code   RO         2306    .text               mc_w.l(_scanf_int.o)
    0x08003480   0x000000da   Code   RO         2308    .text               mc_w.l(_scanf_str.o)
    0x0800355a   0x00000002   PAD
    0x0800355c   0x0000033c   Code   RO         2310    .text               mc_w.l(scanf_fp.o)
    0x08003898   0x000000b0   Code   RO         2314    .text               mf_w.l(fadd.o)
    0x08003948   0x0000006c   Code   RO         2316    .text               mf_w.l(fmul.o)
    0x080039b4   0x00000080   Code   RO         2318    .text               mf_w.l(fdiv.o)
    0x08003a34   0x00000018   Code   RO         2320    .text               mf_w.l(fscalb.o)
    0x08003a4c   0x0000014e   Code   RO         2322    .text               mf_w.l(dadd.o)
    0x08003b9a   0x000000e4   Code   RO         2324    .text               mf_w.l(dmul.o)
    0x08003c7e   0x000000de   Code   RO         2326    .text               mf_w.l(ddiv.o)
    0x08003d5c   0x0000000a   Code   RO         2328    .text               mf_w.l(ffltui.o)
    0x08003d66   0x00000022   Code   RO         2330    .text               mf_w.l(dflti.o)
    0x08003d88   0x0000003e   Code   RO         2334    .text               mf_w.l(dfixi.o)
    0x08003dc6   0x00000026   Code   RO         2336    .text               mf_w.l(f2d.o)
    0x08003dec   0x00000028   Code   RO         2338    .text               mf_w.l(cdcmple.o)
    0x08003e14   0x00000028   Code   RO         2340    .text               mf_w.l(cdrcmple.o)
    0x08003e3c   0x00000038   Code   RO         2342    .text               mf_w.l(d2f.o)
    0x08003e74   0x00000014   Code   RO         2344    .text               mf_w.l(cfcmple.o)
    0x08003e88   0x00000014   Code   RO         2346    .text               mf_w.l(cfrcmple.o)
    0x08003e9c   0x0000002c   Code   RO         2367    .text               mc_w.l(uidiv.o)
    0x08003ec8   0x00000062   Code   RO         2369    .text               mc_w.l(uldiv.o)
    0x08003f2a   0x0000001e   Code   RO         2371    .text               mc_w.l(llshl.o)
    0x08003f48   0x00000020   Code   RO         2373    .text               mc_w.l(llushr.o)
    0x08003f68   0x00000024   Code   RO         2375    .text               mc_w.l(llsshr.o)
    0x08003f8c   0x0000001c   Code   RO         2384    .text               mc_w.l(_chval.o)
    0x08003fa8   0x00000028   Code   RO         2386    .text               mc_w.l(scanf_char.o)
    0x08003fd0   0x00000040   Code   RO         2388    .text               mc_w.l(_sgetc.o)
    0x08004010   0x00000000   Code   RO         2390    .text               mc_w.l(iusefp.o)
    0x08004010   0x0000006c   Code   RO         2391    .text               mf_w.l(fepilogue.o)
    0x0800407c   0x000000be   Code   RO         2393    .text               mf_w.l(depilogue.o)
    0x0800413a   0x0000002e   Code   RO         2395    .text               mf_w.l(dscalb.o)
    0x08004168   0x000000a2   Code   RO         2397    .text               mf_w.l(dsqrt.o)
    0x0800420a   0x00000018   Code   RO         2399    .text               mf_w.l(dfltul.o)
    0x08004222   0x00000030   Code   RO         2401    .text               mf_w.l(dfixul.o)
    0x08004252   0x00000002   PAD
    0x08004254   0x00000024   Code   RO         2403    .text               mc_w.l(init.o)
    0x08004278   0x0000000a   Code   RO         2405    .text               mc_w.l(isspace_c.o)
    0x08004282   0x00000002   PAD
    0x08004284   0x0000032c   Code   RO         2407    .text               mc_w.l(_scanf.o)
    0x080045b0   0x00000028   Code   RO         2409    .text               mc_w.l(ctype_c.o)
    0x080045d8   0x00000004   Code   RO         2010    SVC_TABLE           RTX_CM3.lib(svc_table.o)
    0x080045dc   0x00000020   Code   RO         2276    i.__0printf         mc_w.l(printfa.o)
    0x080045fc   0x00000028   Code   RO         2350    i.__ARM_fpclassify  m_ws.l(fpclassify.o)
    0x08004624   0x000000aa   Code   RO         2352    i.__kernel_poly     m_ws.l(poly.o)
    0x080046ce   0x00000002   PAD
    0x080046d0   0x00000010   Code   RO         2348    i.__mathlib_dbl_underflow  m_ws.l(dunder.o)
    0x080046e0   0x0000000e   Code   RO         2414    i.__scatterload_copy  mc_w.l(handlers.o)
    0x080046ee   0x00000002   Code   RO         2415    i.__scatterload_null  mc_w.l(handlers.o)
    0x080046f0   0x0000000e   Code   RO         2416    i.__scatterload_zeroinit  mc_w.l(handlers.o)
    0x080046fe   0x00000002   PAD
    0x08004700   0x0000000c   Code   RO         2379    i.__set_errno       mc_w.l(errno.o)
    0x0800470c   0x0000015c   Code   RO         2283    i._fp_digits        mc_w.l(printfa.o)
    0x08004868   0x00000046   Code   RO         1878    i._init_box         RTX_CM3.lib(rt_membox.o)
    0x080048ae   0x0000000e   Code   RO         2312    i._is_digit         mc_w.l(scanf_fp.o)
    0x080048bc   0x000006f0   Code   RO         2284    i._printf_core      mc_w.l(printfa.o)
    0x08004fac   0x00000026   Code   RO         2285    i._printf_post_padding  mc_w.l(printfa.o)
    0x08004fd2   0x00000030   Code   RO         2286    i._printf_pre_padding  mc_w.l(printfa.o)
    0x08005002   0x00000002   PAD
    0x08005004   0x00000030   Code   RO         1931    i.dbg_init          RTX_CM3.lib(hal_cm.o)
    0x08005034   0x00000020   Code   RO         1932    i.dbg_task_notify   RTX_CM3.lib(hal_cm.o)
    0x08005054   0x00000010   Code   RO         1933    i.dbg_task_switch   RTX_CM3.lib(hal_cm.o)
    0x08005064   0x000000dc   Code   RO         2014    i.floor             m_ws.l(floor.o)
    0x08005140   0x0000002c   Code   RO          832    i.isrMessagePut     RTX_CM3.lib(rt_cmsis.o)
    0x0800516c   0x00000028   Code   RO         1606    i.isr_evt_set       RTX_CM3.lib(rt_event.o)
    0x08005194   0x00000050   Code   RO         1724    i.isr_mbx_receive   RTX_CM3.lib(rt_mailbox.o)
    0x080051e4   0x0000000e   Code   RO         1725    i.isr_mbx_send      RTX_CM3.lib(rt_mailbox.o)
    0x080051f2   0x00000002   PAD
    0x080051f4   0x00000018   Code   RO          833    i.osDelay           RTX_CM3.lib(rt_cmsis.o)
    0x0800520c   0x00000024   Code   RO          834    i.osKernelInitialize  RTX_CM3.lib(rt_cmsis.o)
    0x08005230   0x0000006c   Code   RO          836    i.osKernelStart     RTX_CM3.lib(rt_cmsis.o)
    0x0800529c   0x00000044   Code   RO          845    i.osMessageGet      RTX_CM3.lib(rt_cmsis.o)
    0x080052e0   0x00000018   Code   RO          859    i.osSignalClear     RTX_CM3.lib(rt_cmsis.o)
    0x080052f8   0x00000034   Code   RO          860    i.osSignalSet       RTX_CM3.lib(rt_cmsis.o)
    0x0800532c   0x00000018   Code   RO          861    i.osSignalWait      RTX_CM3.lib(rt_cmsis.o)
    0x08005344   0x00000030   Code   RO          862    i.osThreadCreate    RTX_CM3.lib(rt_cmsis.o)
    0x08005374   0x00000018   Code   RO          863    i.osThreadExit      RTX_CM3.lib(rt_cmsis.o)
    0x0800538c   0x00000018   Code   RO          864    i.osThreadGetId     RTX_CM3.lib(rt_cmsis.o)
    0x080053a4   0x00000018   Code   RO          867    i.osThreadTerminate  RTX_CM3.lib(rt_cmsis.o)
    0x080053bc   0x0000000c   Code   RO          869    i.osTimerCall       RTX_CM3.lib(rt_cmsis.o)
    0x080053c8   0x0000002c   Code   RO          874    i.osTimerThread     RTX_CM3.lib(rt_cmsis.o)
    0x080053f4   0x00000028   Code   RO         1516    i.os_tick_init      RTX_CM3.lib(rt_system.o)
    0x0800541c   0x00000002   Code   RO         1517    i.os_tick_irqack    RTX_CM3.lib(rt_system.o)
    0x0800541e   0x00000002   PAD
    0x08005420   0x000009e0   Code   RO         2018    i.pow               m_ws.l(pow.o)
    0x08005e00   0x00000004   Code   RO         2038    i.putc              mc_w.l(putc.o)
    0x08005e04   0x0000001a   Code   RO         1879    i.rt_alloc_box      RTX_CM3.lib(rt_membox.o)
    0x08005e1e   0x0000003c   Code   RO         1907    i.rt_alloc_mem      RTX_CM3.lib(rt_memory.o)
    0x08005e5a   0x00000002   PAD
    0x08005e5c   0x00000038   Code   RO         1431    i.rt_block          RTX_CM3.lib(rt_task.o)
    0x08005e94   0x00000048   Code   RO         1979    i.rt_chk_robin      RTX_CM3.lib(rt_robin.o)
    0x08005edc   0x00000070   Code   RO         1648    i.rt_dec_dly        RTX_CM3.lib(rt_list.o)
    0x08005f4c   0x00000044   Code   RO         1432    i.rt_dispatch       RTX_CM3.lib(rt_task.o)
    0x08005f90   0x00000006   Code   RO         1814    i.rt_dly_wait       RTX_CM3.lib(rt_time.o)
    0x08005f96   0x00000002   PAD
    0x08005f98   0x0000001c   Code   RO         1607    i.rt_evt_clr        RTX_CM3.lib(rt_event.o)
    0x08005fb4   0x00000050   Code   RO         1609    i.rt_evt_psh        RTX_CM3.lib(rt_event.o)
    0x08006004   0x0000005c   Code   RO         1610    i.rt_evt_set        RTX_CM3.lib(rt_event.o)
    0x08006060   0x0000003c   Code   RO         1611    i.rt_evt_wait       RTX_CM3.lib(rt_event.o)
    0x0800609c   0x00000020   Code   RO         1880    i.rt_free_box       RTX_CM3.lib(rt_membox.o)
    0x080060bc   0x00000028   Code   RO         1908    i.rt_free_mem       RTX_CM3.lib(rt_memory.o)
    0x080060e4   0x00000028   Code   RO         1649    i.rt_get_first      RTX_CM3.lib(rt_list.o)
    0x0800610c   0x00000008   Code   RO          879    i.rt_id2obj         RTX_CM3.lib(rt_cmsis.o)
    0x08006114   0x00000048   Code   RO         1433    i.rt_init_context   RTX_CM3.lib(rt_task.o)
    0x0800615c   0x0000001a   Code   RO         1909    i.rt_init_mem       RTX_CM3.lib(rt_memory.o)
    0x08006176   0x00000002   PAD
    0x08006178   0x00000018   Code   RO         1980    i.rt_init_robin     RTX_CM3.lib(rt_robin.o)
    0x08006190   0x00000050   Code   RO         1934    i.rt_init_stack     RTX_CM3.lib(hal_cm.o)
    0x080061e0   0x00000008   Code   RO         1726    i.rt_mbx_check      RTX_CM3.lib(rt_mailbox.o)
    0x080061e8   0x0000001c   Code   RO         1727    i.rt_mbx_init       RTX_CM3.lib(rt_mailbox.o)
    0x08006204   0x000000f0   Code   RO         1728    i.rt_mbx_psh        RTX_CM3.lib(rt_mailbox.o)
    0x080062f4   0x000000b0   Code   RO         1730    i.rt_mbx_wait       RTX_CM3.lib(rt_mailbox.o)
    0x080063a4   0x0000003c   Code   RO          880    i.rt_ms2tick        RTX_CM3.lib(rt_cmsis.o)
    0x080063e0   0x0000007c   Code   RO         1520    i.rt_pop_req        RTX_CM3.lib(rt_system.o)
    0x0800645c   0x00000020   Code   RO         1521    i.rt_psh_req        RTX_CM3.lib(rt_system.o)
    0x0800647c   0x00000058   Code   RO         1651    i.rt_psq_enq        RTX_CM3.lib(rt_list.o)
    0x080064d4   0x00000048   Code   RO         1652    i.rt_put_dly        RTX_CM3.lib(rt_list.o)
    0x0800651c   0x00000036   Code   RO         1653    i.rt_put_prio       RTX_CM3.lib(rt_list.o)
    0x08006552   0x00000002   PAD
    0x08006554   0x00000014   Code   RO         1654    i.rt_put_rdy_first  RTX_CM3.lib(rt_list.o)
    0x08006568   0x00000034   Code   RO         1655    i.rt_resort_prio    RTX_CM3.lib(rt_list.o)
    0x0800659c   0x00000006   Code   RO         1935    i.rt_ret_val        RTX_CM3.lib(hal_cm.o)
    0x080065a2   0x00000008   Code   RO         1936    i.rt_ret_val2       RTX_CM3.lib(hal_cm.o)
    0x080065aa   0x00000028   Code   RO         1656    i.rt_rmv_dly        RTX_CM3.lib(rt_list.o)
    0x080065d2   0x00000002   PAD
    0x080065d4   0x00000030   Code   RO         1657    i.rt_rmv_list       RTX_CM3.lib(rt_list.o)
    0x08006604   0x00000034   Code   RO         1775    i.rt_sem_psh        RTX_CM3.lib(rt_semaphore.o)
    0x08006638   0x00000024   Code   RO         1523    i.rt_stk_check      RTX_CM3.lib(rt_system.o)
    0x0800665c   0x00000028   Code   RO         1434    i.rt_switch_req     RTX_CM3.lib(rt_task.o)
    0x08006684   0x0000010c   Code   RO         1435    i.rt_sys_init       RTX_CM3.lib(rt_task.o)
    0x08006790   0x00000034   Code   RO         1436    i.rt_sys_start      RTX_CM3.lib(rt_task.o)
    0x080067c4   0x00000040   Code   RO         1525    i.rt_systick        RTX_CM3.lib(rt_system.o)
    0x08006804   0x00000012   Code   RO          881    i.rt_tid2ptcb       RTX_CM3.lib(rt_cmsis.o)
    0x08006816   0x00000002   PAD
    0x08006818   0x00000038   Code   RO          882    i.rt_timer_insert   RTX_CM3.lib(rt_cmsis.o)
    0x08006850   0x00000084   Code   RO         1437    i.rt_tsk_create     RTX_CM3.lib(rt_task.o)
    0x080068d4   0x00000174   Code   RO         1438    i.rt_tsk_delete     RTX_CM3.lib(rt_task.o)
    0x08006a48   0x0000007c   Code   RO         1440    i.rt_tsk_prio       RTX_CM3.lib(rt_task.o)
    0x08006ac4   0x00000010   Code   RO         1441    i.rt_tsk_self       RTX_CM3.lib(rt_task.o)
    0x08006ad4   0x0000004c   Code   RO         2028    i.sqrt              m_ws.l(sqrt.o)
    0x08006b20   0x00000014   Code   RO          884    i.svcDelay          RTX_CM3.lib(rt_cmsis.o)
    0x08006b34   0x00000070   Code   RO          885    i.svcKernelInitialize  RTX_CM3.lib(rt_cmsis.o)
    0x08006ba4   0x00000048   Code   RO          887    i.svcKernelStart    RTX_CM3.lib(rt_cmsis.o)
    0x08006bec   0x00000024   Code   RO          890    i.svcMessageCreate  RTX_CM3.lib(rt_cmsis.o)
    0x08006c10   0x0000003a   Code   RO          891    i.svcMessageGet     RTX_CM3.lib(rt_cmsis.o)
    0x08006c4a   0x00000024   Code   RO          902    i.svcSignalClear    RTX_CM3.lib(rt_cmsis.o)
    0x08006c6e   0x00000024   Code   RO          903    i.svcSignalSet      RTX_CM3.lib(rt_cmsis.o)
    0x08006c92   0x00000002   PAD
    0x08006c94   0x00000054   Code   RO          904    i.svcSignalWait     RTX_CM3.lib(rt_cmsis.o)
    0x08006ce8   0x00000070   Code   RO          905    i.svcThreadCreate   RTX_CM3.lib(rt_cmsis.o)
    0x08006d58   0x0000001c   Code   RO          906    i.svcThreadGetId    RTX_CM3.lib(rt_cmsis.o)
    0x08006d74   0x00000038   Code   RO          909    i.svcThreadTerminate  RTX_CM3.lib(rt_cmsis.o)
    0x08006dac   0x00000018   Code   RO          911    i.svcTimerCall      RTX_CM3.lib(rt_cmsis.o)
    0x08006dc4   0x00000054   Code   RO          920    i.sysTimerTick      RTX_CM3.lib(rt_cmsis.o)
    0x08006e18   0x00000114   Data   RO          465    .constdata          tsk_serialinterface.o
    0x08006f2c   0x00000010   Data   RO          700    .constdata          main.o
    0x08006f3c   0x00000002   Data   RO          752    .constdata          rtx_conf_cm.o
    0x08006f3e   0x00000002   PAD
    0x08006f40   0x00000004   Data   RO          753    .constdata          rtx_conf_cm.o
    0x08006f44   0x00000004   Data   RO          754    .constdata          rtx_conf_cm.o
    0x08006f48   0x00000004   Data   RO          758    .constdata          rtx_conf_cm.o
    0x08006f4c   0x00000001   Data   RO          759    .constdata          rtx_conf_cm.o
    0x08006f4d   0x00000003   PAD
    0x08006f50   0x00000010   Data   RO          760    .constdata          rtx_conf_cm.o
    0x08006f60   0x00000002   Data   RO          761    .constdata          rtx_conf_cm.o
    0x08006f62   0x00000002   PAD
    0x08006f64   0x00000004   Data   RO          762    .constdata          rtx_conf_cm.o
    0x08006f68   0x00000004   Data   RO          763    .constdata          rtx_conf_cm.o
    0x08006f6c   0x00000001   Data   RO          764    .constdata          rtx_conf_cm.o
    0x08006f6d   0x00000003   PAD
    0x08006f70   0x00000010   Data   RO          765    .constdata          rtx_conf_cm.o
    0x08006f80   0x00000008   Data   RO          766    .constdata          rtx_conf_cm.o
    0x08006f88   0x00000002   Data   RO          767    .constdata          rtx_conf_cm.o
    0x08006f8a   0x00000006   PAD
    0x08006f90   0x00000088   Data   RO         2019    .constdata          m_ws.l(pow.o)
    0x08007018   0x00000008   Data   RO         2354    .constdata          m_ws.l(qnan.o)
    0x08007020   0x00000040   Data   RO         2410    .constdata          mc_w.l(ctype_c.o)
    0x08007060   0x00000020   Data   RO         2412    Region$$Table       anon$$obj.o


    Execution Region RW_IRAM1 (Base: 0x20000000, Size: 0x000012d8, Max: 0x00005000, ABSOLUTE)

    Base Addr    Size         Type   Attr      Idx    E Section Name        Object

    0x20000000   0x00000014   Data   RW          225    .data               stm32f10x_rcc.o
    0x20000014   0x00000004   Data   RW          362    .data               tsk_adc1monitor.o
    0x20000018   0x0000000c   Data   RW          421    .data               serial.o
    0x20000024   0x00000001   Data   RW          447    .data               getline.o
    0x20000025   0x00000003   PAD
    0x20000028   0x00000008   Data   RW          467    .data               tsk_serialinterface.o
    0x20000030   0x00000004   Data   RW          468    .data               tsk_serialinterface.o
    0x20000034   0x00000004   Data   RW          514    .data               timer_manager.o
    0x20000038   0x0000000c   Data   RW          542    .data               thermal_utility.o
    0x20000044   0x00000008   Data   RW          613    .data               setpointqueue.o
    0x2000004c   0x00000004   Data   RW          769    .data               rtx_conf_cm.o
    0x20000050   0x00000010   Data   RW          770    .data               rtx_conf_cm.o
    0x20000060   0x00000004   Data   RW          771    .data               rtx_conf_cm.o
    0x20000064   0x00000004   Data   RW          772    .data               rtx_conf_cm.o
    0x20000068   0x00000014   Data   RW          807    .data               system_stm32f10x.o
    0x2000007c   0x00000008   Data   RW          923    .data               RTX_CM3.lib(rt_cmsis.o)
    0x20000084   0x00000008   Data   RW         1443    .data               RTX_CM3.lib(rt_task.o)
    0x2000008c   0x00000008   Data   RW         1528    .data               RTX_CM3.lib(rt_system.o)
    0x20000094   0x00000004   Data   RW         1818    .data               RTX_CM3.lib(rt_time.o)
    0x20000098   0x00000001   Data   RW         1937    .data               RTX_CM3.lib(hal_cm.o)
    0x20000099   0x00000003   PAD
    0x2000009c   0x00000008   Data   RW         1981    .data               RTX_CM3.lib(rt_robin.o)
    0x200000a4   0x00000004   Data   RW         2040    .data               mc_w.l(stdout.o)
    0x200000a8   0x00000004   Data   RW         2380    .data               mc_w.l(errno.o)
    0x200000ac   0x0000002c   Zero   RW          361    .bss                tsk_adc1monitor.o
    0x200000d8   0x00000100   Zero   RW          420    .bss                serial.o
    0x200001d8   0x0000005a   Zero   RW          464    .bss                tsk_serialinterface.o
    0x20000232   0x00000002   PAD
    0x20000234   0x00000070   Zero   RW          541    .bss                thermal_utility.o
    0x200002a4   0x00000004   PAD
    0x200002a8   0x00000080   Zero   RW          582    .bss                pid_manager.o
    0x20000328   0x000002a0   Zero   RW          612    .bss                setpointqueue.o
    0x200005c8   0x00000020   Zero   RW          746    .bss                rtx_conf_cm.o
    0x200005e8   0x00000178   Zero   RW          747    .bss                rtx_conf_cm.o
    0x20000760   0x000004c0   Zero   RW          748    .bss                rtx_conf_cm.o
    0x20000c20   0x000001b0   Zero   RW          749    .bss                rtx_conf_cm.o
    0x20000dd0   0x00000084   Zero   RW          750    .bss                rtx_conf_cm.o
    0x20000e54   0x0000001c   Zero   RW          751    .bss                rtx_conf_cm.o
    0x20000e70   0x00000034   Zero   RW         1442    .bss                RTX_CM3.lib(rt_task.o)
    0x20000ea4   0x00000030   Zero   RW         1658    .bss                RTX_CM3.lib(rt_list.o)
    0x20000ed4   0x00000004   PAD
    0x20000ed8   0x00000400   Zero   RW          797    STACK               startup_stm32f10x_md.o


==============================================================================

Image component sizes


      Code (inc. data)   RO Data    RW Data    ZI Data      Debug   Object Name

       132         10          0          1          0       1248   getline.o
        52         10         16          0          0       1498   main.o
       176         18          0          0          0     269513   misc.o
        10          0          0          0          0        453   nvic_manager.o
       384         38          0          0        128       5251   pid_manager.o
        98          0          0          0          0        564   rcc_manager.o
        28          6         68         28       2216       7066   rtx_conf_cm.o
       544         22          0         12        256       2522   serial.o
       476         16          0          8        672       3294   setpointqueue.o
        36          8        236          0       1024        812   startup_stm32f10x_md.o
       456         10          0          0          0       4134   stm32f10x_dma.o
      1148         22          0          0          0       8032   stm32f10x_flash.o
       612         36          0          0          0       4977   stm32f10x_gpio.o
       160          4          0          0          0      10763   stm32f10x_it.o
       696         34          0         20          0       8120   stm32f10x_rcc.o
      2804         86          0          0          0      18202   stm32f10x_tim.o
       816         20          0          0          0       7324   stm32f10x_usart.o
       344         34          0         20          0       1887   system_stm32f10x.o
      1668        124          0         12        112       8564   thermal_utility.o
       208         16          0          4          0       1523   timer_manager.o
         0          0          0          4         44        624   tsk_adc1monitor.o
      1380        286        276         12         90       6831   tsk_serialinterface.o
       252         12          0          0          0       2827   usart_manager.o

    ----------------------------------------------------------------------
     12484        812        644        124       4548     376029   Object Totals
         0          0         32          0          0          0   (incl. Generated)
         4          0         16          3          6          0   (incl. Padding)

    ----------------------------------------------------------------------

      Code (inc. data)   RO Data    RW Data    ZI Data      Debug   Library Member Name

       190         24          0          1          0       2480   hal_cm.o
       304         36          0          0          0        692   hal_cm3.o
      1456        180          0          8          0      31628   rt_cmsis.o
       300         24          0          0          0       2435   rt_event.o
       526         36          0          0         48       6637   rt_list.o
       546         10          0          0          0       2997   rt_mailbox.o
       128          0          0          0          0       1477   rt_membox.o
       126          0          0          0          0       1791   rt_memory.o
        96         22          0          8          0        954   rt_robin.o
        52          4          0          0          0        449   rt_semaphore.o
       298         54          0          8          0       5379   rt_system.o
      1200        174          0          8         52       7929   rt_task.o
         6          0          0          4          0        500   rt_time.o
         4          4          0          0          0        132   svc_table.o
        16          6          0          0          0         68   dunder.o
       220         16          0          0          0         84   floor.o
        40          0          0          0          0         68   fpclassify.o
       170          0          0          0          0         96   poly.o
      2528        190        136          0          0        332   pow.o
         0          0          8          0          0          0   qnan.o
        76          0          0          0          0         84   sqrt.o
        56          8          0          0          0         84   __0sscanf.o
        28          0          0          0          0         68   _chval.o
       812          6          0          0          0        112   _scanf.o
       336          0          0          0          0         96   _scanf_int.o
       218          0          0          0          0         96   _scanf_str.o
        64          0          0          0          0         84   _sgetc.o
        40          6         64          0          0         68   ctype_c.o
         0          0          0          0          0          0   entry.o
         0          0          0          0          0          0   entry10a.o
         0          0          0          0          0          0   entry11a.o
         8          4          0          0          0          0   entry2.o
         4          0          0          0          0          0   entry5.o
         0          0          0          0          0          0   entry7b.o
         0          0          0          0          0          0   entry8b.o
        12          6          0          4          0         68   errno.o
        30          0          0          0          0          0   handlers.o
        36          8          0          0          0         68   init.o
        10          0          0          0          0         68   isspace_c.o
         0          0          0          0          0          0   iusefp.o
        30          0          0          0          0         68   llshl.o
        36          0          0          0          0         68   llsshr.o
        32          0          0          0          0         68   llushr.o
      2242         90          0          0          0        444   printfa.o
         4          0          0          0          0         68   putc.o
        40          8          0          0          0         84   scanf_char.o
       842         12          0          0          0        216   scanf_fp.o
         0          0          0          4          0          0   stdout.o
        12          0          0          0          0         68   toupper.o
        44          0          0          0          0         80   uidiv.o
        98          0          0          0          0         92   uldiv.o
        40          2          0          0          0         68   cdcmple.o
        40          2          0          0          0         68   cdrcmple.o
        20          0          0          0          0         68   cfcmple.o
        20          0          0          0          0         68   cfrcmple.o
        56          0          0          0          0         88   d2f.o
       334          0          0          0          0        148   dadd.o
       222          0          0          0          0        100   ddiv.o
       190          0          0          0          0        176   depilogue.o
        62          0          0          0          0         80   dfixi.o
        48          0          0          0          0         68   dfixul.o
        34          0          0          0          0         76   dflti.o
        24          0          0          0          0         76   dfltul.o
       228          0          0          0          0         96   dmul.o
        46          0          0          0          0         80   dscalb.o
       162          0          0          0          0        100   dsqrt.o
        38          0          0          0          0         68   f2d.o
       176          0          0          0          0        140   fadd.o
       128          0          0          0          0         88   fdiv.o
       108          0          0          0          0        168   fepilogue.o
        10          0          0          0          0         68   ffltui.o
       108          0          0          0          0         76   fmul.o
        24          0          0          0          0         68   fscalb.o

    ----------------------------------------------------------------------
     15464        932        208         48        104      70316   Library Totals
        30          0          0          3          4          0   (incl. Padding)

    ----------------------------------------------------------------------

      Code (inc. data)   RO Data    RW Data    ZI Data      Debug   Library Name

      5232        568          0         37        100      65480   RTX_CM3.lib
      3050        212        144          0          0        732   m_ws.l
      5034        148         64          8          0       2068   mc_w.l
      2118          4          0          0          0       2036   mf_w.l

    ----------------------------------------------------------------------
     15464        932        208         48        104      70316   Library Totals

    ----------------------------------------------------------------------

==============================================================================


      Code (inc. data)   RO Data    RW Data    ZI Data      Debug   

     27948       1744        852        172       4652     436621   Grand Totals
     27948       1744        852        172       4652     436621   ELF Image Totals
     27948       1744        852        172          0          0   ROM Totals

==============================================================================

    Total RO  Size (Code + RO Data)                28800 (  28.13kB)
    Total RW  Size (RW Data + ZI Data)              4824 (   4.71kB)
    Total ROM Size (Code + RO Data + RW Data)      28972 (  28.29kB)

==============================================================================

